Starting a Gradle Daemon (subsequent builds will be faster)
> Task :compileJava UP-TO-DATE
> Task :processResources UP-TO-DATE
> Task :classes UP-TO-DATE

> Task :run
[32mINFO  [main] [Cooja.java:1145] - Loading /Users/mizzy/Dissertation_Cooja_Work/rpl-dis-flood/experiments/additional_attacks_v1/configs/WORMHOLE_ATTACK_N17_SEED123456.csc random seed: null[0;39m
> /usr/local/bin/gmake -j8 udp-server.cooja TARGET=cooja
fatal: failed to expand user dir in: '~/.gitignore'
  LD        build/cooja/udp-server.cooja
> /usr/local/bin/gmake -j8 udp-client.cooja TARGET=cooja
fatal: failed to expand user dir in: '~/.gitignore'
  LD        build/cooja/udp-client.cooja
> /usr/local/bin/gmake -j8 wormhole-router.cooja TARGET=cooja
fatal: failed to expand user dir in: '~/.gitignore'
  LD        build/cooja/wormhole-router.cooja
[32mINFO  [main] [LogScriptEngine.java:231] - Script timeout in 540000 ms[0;39m
[32mINFO  [sim] [LogScriptEngine.java:320] -  5% completed,  6.7 sec remaining[0;39m
[32mINFO  [sim] [LogScriptEngine.java:320] - 10% completed,  7.8 sec remaining[0;39m
[32mINFO  [sim] [LogScriptEngine.java:320] - 15% completed,  7.7 sec remaining[0;39m
[32mINFO  [sim] [LogScriptEngine.java:320] - 20% completed,  7.2 sec remaining[0;39m
[32mINFO  [sim] [LogScriptEngine.java:320] - 25% completed,  6.6 sec remaining[0;39m
[32mINFO  [sim] [LogScriptEngine.java:320] - 30% completed,  6.2 sec remaining[0;39m
[32mINFO  [sim] [LogScriptEngine.java:320] - 35% completed,  5.7 sec remaining[0;39m
[32mINFO  [sim] [LogScriptEngine.java:320] - 40% completed,  5.1 sec remaining[0;39m
[32mINFO  [sim] [LogScriptEngine.java:320] - 45% completed,  4.7 sec remaining[0;39m
[32mINFO  [sim] [LogScriptEngine.java:320] - 50% completed,  4.2 sec remaining[0;39m
[32mINFO  [sim] [LogScriptEngine.java:320] - 55% completed,  3.7 sec remaining[0;39m
[32mINFO  [sim] [LogScriptEngine.java:320] - 60% completed,  3.3 sec remaining[0;39m
[32mINFO  [sim] [LogScriptEngine.java:320] - 65% completed,  2.8 sec remaining[0;39m
[32mINFO  [sim] [LogScriptEngine.java:320] - 70% completed,  2.4 sec remaining[0;39m
[32mINFO  [sim] [LogScriptEngine.java:320] - 75% completed,  2.0 sec remaining[0;39m
[32mINFO  [sim] [LogScriptEngine.java:320] - 80% completed,  1.6 sec remaining[0;39m
[32mINFO  [sim] [LogScriptEngine.java:320] - 85% completed,  1.2 sec remaining[0;39m
[32mINFO  [sim] [LogScriptEngine.java:320] - 90% completed,  0.8 sec remaining[0;39m
[32mINFO  [sim] [LogScriptEngine.java:320] - 95% completed,  0.4 sec remaining[0;39m
[32mINFO  [sim] [LogScriptEngine.java:294] - Timeout event @ 540000000[0;39m
[32mINFO  [sim] [Simulation.java:450] - Runtime: 7940 ms. Simulated time: 540000 ms. Speedup: 68.01007556675063[0;39m
[32mINFO  [main] [Cooja.java:1171] - TEST OK
[0;39m

BUILD SUCCESSFUL in 25s
3 actionable tasks: 1 executed, 2 up-to-date
