> Task :compileJava UP-TO-DATE
> Task :processResources UP-TO-DATE
> Task :classes UP-TO-DATE

> Task :run
[32mINFO  [main] [Cooja.java:1145] - Loading /Users/mizzy/Dissertation_Cooja_Work/rpl-dis-flood/experiments/sybil_attack_v1/configs/SYBIL_ATTACK_N16_SEED567890.csc random seed: null[0;39m
> /usr/local/bin/gmake -j8 udp-server.cooja TARGET=cooja
fatal: failed to expand user dir in: '~/.gitignore'
  LD        build/cooja/udp-server.cooja
> /usr/local/bin/gmake -j8 udp-client.cooja TARGET=cooja
fatal: failed to expand user dir in: '~/.gitignore'
  LD        build/cooja/udp-client.cooja
> /usr/local/bin/gmake -j8 sybil-router.cooja TARGET=cooja
fatal: failed to expand user dir in: '~/.gitignore'
  LD        build/cooja/sybil-router.cooja
[32mINFO  [main] [LogScriptEngine.java:231] - Script timeout in 540000 ms[0;39m
[32mINFO  [sim] [LogScriptEngine.java:320] -  5% completed,  6.8 sec remaining[0;39m
[32mINFO  [sim] [LogScriptEngine.java:320] - 10% completed,  7.3 sec remaining[0;39m
[32mINFO  [sim] [LogScriptEngine.java:320] - 15% completed,  8.0 sec remaining[0;39m
[32mINFO  [sim] [LogScriptEngine.java:320] - 20% completed,  7.8 sec remaining[0;39m
[32mINFO  [sim] [LogScriptEngine.java:320] - 25% completed,  7.3 sec remaining[0;39m
[32mINFO  [sim] [LogScriptEngine.java:320] - 30% completed,  7.0 sec remaining[0;39m
[32mINFO  [sim] [LogScriptEngine.java:320] - 35% completed,  6.5 sec remaining[0;39m
[32mINFO  [sim] [LogScriptEngine.java:320] - 40% completed,  5.9 sec remaining[0;39m
[32mINFO  [sim] [LogScriptEngine.java:320] - 45% completed,  5.3 sec remaining[0;39m
[32mINFO  [sim] [LogScriptEngine.java:320] - 50% completed,  4.7 sec remaining[0;39m
[32mINFO  [sim] [LogScriptEngine.java:320] - 55% completed,  4.2 sec remaining[0;39m
[32mINFO  [sim] [LogScriptEngine.java:320] - 60% completed,  3.7 sec remaining[0;39m
[32mINFO  [sim] [LogScriptEngine.java:320] - 65% completed,  3.2 sec remaining[0;39m
[32mINFO  [sim] [LogScriptEngine.java:320] - 70% completed,  2.7 sec remaining[0;39m
[32mINFO  [sim] [LogScriptEngine.java:320] - 75% completed,  2.2 sec remaining[0;39m
[32mINFO  [sim] [LogScriptEngine.java:320] - 80% completed,  1.7 sec remaining[0;39m
[32mINFO  [sim] [LogScriptEngine.java:320] - 85% completed,  1.3 sec remaining[0;39m
[32mINFO  [sim] [LogScriptEngine.java:320] - 90% completed,  0.9 sec remaining[0;39m
[32mINFO  [sim] [LogScriptEngine.java:320] - 95% completed,  0.4 sec remaining[0;39m
[32mINFO  [sim] [LogScriptEngine.java:294] - Timeout event @ 540000000[0;39m
[32mINFO  [sim] [Simulation.java:450] - Runtime: 8590 ms. Simulated time: 540000 ms. Speedup: 62.86379511059371[0;39m
[32mINFO  [main] [Cooja.java:1171] - TEST OK
[0;39m

BUILD SUCCESSFUL in 13s
3 actionable tasks: 1 executed, 2 up-to-date
