No.	Time	From	To	Bytes	Interfered
1	00:04.798	1	16	97	0
2	00:06.669	16	1,2,3,4,5	102	2
3	00:06.673	1	16	5	0
4	00:09.167	16	1,2,3,4,5	102	2
5	00:09.171	1	16	5	0
6	00:09.780	16	1,2,3,4,5	102	2
7	00:09.784	1	16	5	0
8	00:11.671	1	16	97	0
9	00:13.606	16	1,2,3,4,5	102	2
10	00:13.610	1	16	5	0
11	00:15.319	6	2,3,7,8,9,12,13	27	2
12	00:15.613	15	8,9,10,11,12,13,14	27	3
13	00:16.094	16	1,2,3,4,5	85	2
14	00:16.097	1	16	5	0
15	00:16.114	1	16	43	0
16	00:16.116	16	1,2,3,4,5	5	2
17	00:16.150	13	6,7,8,9,10,12,14,15	27	4
18	00:18.997	16	1,2,3,4,5	97	2
19	00:19.341	4	2,3,5,7,8,9,10,11,16	102	4
20	00:19.345	16	1,2,3,4,5	5	2
21	00:20.734	3	2,4,5,6,7,8,9,10,16	102	4
22	00:20.738	16	1,2,3,4,5	5	2
23	00:21.084	4	2,3,5,7,8,9,10,11,16	102	4
24	00:21.088	16	1,2,3,4,5	5	2
25	00:21.876	1	16	97	0
26	00:21.988	2	3,4,5,6,7,8,9,16	102	3
27	00:21.992	16	1,2,3,4,5	5	2
28	00:22.457	3	2,4,5,6,7,8,9,10,16	102	4
29	00:22.461	16	1,2,3,4,5	5	2
30	00:22.783	2	3,4,5,6,7,8,9,16	102	3
31	00:22.787	16	1,2,3,4,5	5	2
32	00:22.942	5	2,3,4,8,9,10,11,16	102	3
33	00:22.946	16	1,2,3,4,5	5	2
34	00:24.007	3	2,4,5,6,7,8,9,10,16	102	4
35	00:24.011	16	1,2,3,4,5	5	2
36	00:24.430	2	3,4,5,6,7,8,9,16	102	3
37	00:24.434	16	1,2,3,4,5	5	2
38	00:24.626	3	2,4,5,6,7,8,9,10,16	102	4
39	00:24.630	16	1,2,3,4,5	5	2
40	00:24.975	4	2,3,5,7,8,9,10,11,16	102	4
41	00:24.979	16	1,2,3,4,5	5	2
42	00:25.228	4	2,3,5,7,8,9,10,11,16	102	4
43	00:25.232	16	1,2,3,4,5	5	2
44	00:25.672	7	2,3,4,6,8,9,10,12,13,14	27	2
45	00:26.032	5	2,3,4,8,9,10,11,16	102	3
46	00:26.036	16	1,2,3,4,5	5	2
47	00:26.054	16	1,2,3,4,5	97	2
48	00:26.546	2	3,4,5,6,7,8,9,16	102	3
49	00:26.550	16	1,2,3,4,5	5	2
50	00:27.595	8	2,3,4,5,6,7,9,10,11,12,13,14,15	27	1
51	00:27.788	3	2,4,5,6,7,8,9,10,16	93	4
52	00:27.791	16	1,2,3,4,5	5	2
53	00:28.015	5	2,3,4,8,9,10,11,16	102	3
54	00:28.019	16	1,2,3,4,5	5	2
55	00:28.289	5	2,3,4,8,9,10,11,16	102	3
56	00:28.293	16	1,2,3,4,5	5	2
57	00:28.549	4	2,3,5,7,8,9,10,11,16	93	4
58	00:28.552	16	1,2,3,4,5	5	2
59	00:30.366	6	2,3,7,8,9,12,13	27	2
60	00:31.868	5	2,3,4,8,9,10,11,16	93	3
61	00:31.871	16	1,2,3,4,5	5	2
62	00:31.886	2	3,4,5,6,7,8,9,16	93	3
63	00:31.889	16	1,2,3,4,5	5	2
64	00:32.507	4	2,3,5,7,8,9,10,11,16	93	4
65	00:32.510	16	1,2,3,4,5	5	2
66	00:34.679	3	2,4,5,6,7,8,9,10,16	93	4
67	00:34.682	16	1,2,3,4,5	5	2
68	00:34.755	14	7,8,9,10,11,12,13,15	27	4
69	00:35.142	5	2,3,4,8,9,10,11,16	93	3
70	00:35.145	16	1,2,3,4,5	5	2
71	00:35.374	12	6,7,8,9,13,14,15	27	3
72	00:36.669	2	3,4,5,6,7,8,9,16	93	3
73	00:36.672	16	1,2,3,4,5	5	2
74	00:37.950	13	6,7,8,9,10,12,14,15	27	4
75	00:38.298	5	2,3,4,8,9,10,11,16	93	3
76	00:38.301	16	1,2,3,4,5	5	2
77	00:38.435	4	2,3,5,7,8,9,10,11,16	93	4
78	00:38.438	16	1,2,3,4,5	5	2
79	00:38.994	10	3,4,5,7,8,9,11,13,14,15	27	2
80	00:40.764	3	2,4,5,6,7,8,9,10,16	93	4
81	00:40.767	16	1,2,3,4,5	5	2
82	00:42.500	16	1,2,3,4,5	97	2
83	00:43.971	3	2,4,5,6,7,8,9,10,16	93	4
84	00:43.974	16	1,2,3,4,5	5	2
85	00:44.160	2	3,4,5,6,7,8,9,16	93	3
86	00:44.163	16	1,2,3,4,5	5	2
87	00:44.539	5	2,3,4,8,9,10,11,16	93	3
88	00:44.542	16	1,2,3,4,5	5	2
89	00:45.479	9	2,3,4,5,6,7,8,10,11,12,13,14,15	27	1
90	00:45.484	11	4,5,8,9,10,14,15	27	2
91	00:45.819	4	2,3,5,7,8,9,10,11,16	93	4
92	00:45.822	16	1,2,3,4,5	5	2
93	00:47.049	2	3,4,5,6,7,8,9,16	93	3
94	00:47.052	16	1,2,3,4,5	5	2
95	00:47.247	5	2,3,4,8,9,10,11,16	93	3
96	00:47.250	16	1,2,3,4,5	5	2
97	00:48.581	15	8,9,10,11,12,13,14	27	3
98	00:49.015	6	2,3,7,8,9,12,13	27	2
99	00:49.340	3	2,4,5,6,7,8,9,10,16	93	4
100	00:49.343	16	1,2,3,4,5	5	2
101	00:49.513	4	2,3,5,7,8,9,10,11,16	93	4
102	00:49.516	16	1,2,3,4,5	5	2
103	00:50.907	1	16	97	0
104	00:51.373	2	3,4,5,6,7,8,9,16	93	3
105	00:51.376	16	1,2,3,4,5	5	2
106	00:54.496	12	6,7,8,9,13,14,15	27	3
107	01:01.123	9	2,3,4,5,6,7,8,10,11,12,13,14,15	27	1
108	01:02.350	16	1,2,3,4,5	97	2
109	01:03.306	7	2,3,4,6,8,9,10,12,13,14	27	2
110	01:04.002	10	3,4,5,7,8,9,11,13,14,15	27	2
111	01:04.429	2	3,4,5,6,7,8,9,16	93	3
112	01:04.432	16	1,2,3,4,5	5	2
113	01:05.147	5	2,3,4,8,9,10,11,16	93	3
114	01:05.150	16	1,2,3,4,5	5	2
115	01:05.563	3	2,4,5,6,7,8,9,10,16	93	4
116	01:05.566	16	1,2,3,4,5	5	2
117	01:08.346	2	3,4,5,6,7,8,9,16	93	3
118	01:08.349	16	1,2,3,4,5	5	2
119	01:08.355	4	2,3,5,7,8,9,10,11,16	93	4
120	01:08.358	16	1,2,3,4,5	5	2
121	01:09.115	8	2,3,4,5,6,7,9,10,11,12,13,14,15	27	1
122	01:09.451	14	7,8,9,10,11,12,13,15	27	4
123	01:09.911	12	6,7,8,9,13,14,15	27	3
124	01:09.937	3	2,4,5,6,7,8,9,10,16	93	4
125	01:09.940	16	1,2,3,4,5	5	2
126	01:11.313	5	2,3,4,8,9,10,11,16	93	3
127	01:11.316	16	1,2,3,4,5	5	2
128	01:12.471	2	3,4,5,6,7,8,9,16	93	3
129	01:12.474	16	1,2,3,4,5	5	2
130	01:13.160	3	2,4,5,6,7,8,9,10,16	93	4
131	01:13.163	16	1,2,3,4,5	5	2
132	01:15.555	4	2,3,5,7,8,9,10,11,16	93	4
133	01:15.558	16	1,2,3,4,5	5	2
134	01:16.406	3	2,4,5,6,7,8,9,10,16	93	4
135	01:16.409	16	1,2,3,4,5	5	2
136	01:16.513	2	3,4,5,6,7,8,9,16	93	3
137	01:16.516	16	1,2,3,4,5	5	2
138	01:17.930	5	2,3,4,8,9,10,11,16	93	3
139	01:17.933	16	1,2,3,4,5	5	2
140	01:19.267	15	8,9,10,11,12,13,14	27	3
141	01:19.384	13	6,7,8,9,10,12,14,15	27	4
142	01:20.278	2	3,4,5,6,7,8,9,16	93	3
143	01:20.281	16	1,2,3,4,5	5	2
144	01:20.666	10	3,4,5,7,8,9,11,13,14,15	27	2
145	01:21.085	4	2,3,5,7,8,9,10,11,16	93	4
146	01:21.088	16	1,2,3,4,5	5	2
147	01:22.931	5	2,3,4,8,9,10,11,16	93	3
148	01:22.934	16	1,2,3,4,5	5	2
149	01:23.662	2	3,4,5,6,7,8,9,16	27	3
150	01:23.662	3	2,4,5,6,7,8,9,10,16	93	4
151	01:23.666	16	1,2,3,4,5	5	2
152	01:23.756	3	2,4,5,6,7,8,9,10,16	93	4
153	01:23.759	16	1,2,3,4,5	5	2
154	01:25.850	4	2,3,5,7,8,9,10,11,16	93	4
155	01:25.853	16	1,2,3,4,5	5	2
156	01:27.088	6	2,3,7,8,9,12,13	27	2
157	01:28.287	5	2,3,4,8,9,10,11,16	93	3
158	01:28.290	16	1,2,3,4,5	5	2
159	01:29.154	11	4,5,8,9,10,14,15	27	2
160	01:30.380	4	2,3,5,7,8,9,10,11,16	93	4
161	01:30.383	16	1,2,3,4,5	5	2
162	01:31.588	5	2,3,4,8,9,10,11,16	27	3
163	01:31.732	8	2,3,4,5,6,7,9,10,11,12,13,14,15	27	1
164	01:33.857	4	2,3,5,7,8,9,10,11,16	27	4
165	01:34.457	15	8,9,10,11,12,13,14	27	3
166	01:35.300	16	1,2,3,4,5	97	2
167	01:38.316	3	2,4,5,6,7,8,9,10,16	93	4
168	01:38.319	16	1,2,3,4,5	5	2
169	01:39.040	4	2,3,5,7,8,9,10,11,16	93	4
170	01:39.043	16	1,2,3,4,5	5	2
171	01:39.348	2	3,4,5,6,7,8,9,16	93	3
172	01:39.351	16	1,2,3,4,5	5	2
173	01:41.141	5	2,3,4,8,9,10,11,16	93	3
174	01:41.144	16	1,2,3,4,5	5	2
175	01:41.578	4	2,3,5,7,8,9,10,11,16	93	4
176	01:41.581	16	1,2,3,4,5	5	2
177	01:42.521	16	1,2,3,4,5	97	2
178	01:43.505	3	2,4,5,6,7,8,9,10,16	93	4
179	01:43.508	16	1,2,3,4,5	5	2
180	01:43.621	2	3,4,5,6,7,8,9,16	93	3
181	01:43.624	16	1,2,3,4,5	5	2
182	01:45.656	5	2,3,4,8,9,10,11,16	93	3
183	01:45.659	16	1,2,3,4,5	5	2
184	01:45.847	9	2,3,4,5,6,7,8,10,11,12,13,14,15	27	1
185	01:45.852	4	2,3,5,7,8,9,10,11,16	93	4
186	01:45.855	16	1,2,3,4,5	5	2
187	01:46.584	2	3,4,5,6,7,8,9,16	93	3
188	01:46.587	16	1,2,3,4,5	5	2
189	01:46.807	14	7,8,9,10,11,12,13,15	27	4
190	01:47.626	7	2,3,4,6,8,9,10,12,13,14	27	2
191	01:48.331	1	16	97	0
192	01:48.472	4	2,3,5,7,8,9,10,11,16	93	4
193	01:48.475	16	1,2,3,4,5	5	2
194	01:48.546	3	2,4,5,6,7,8,9,10,16	93	4
195	01:48.549	16	1,2,3,4,5	5	2
196	01:50.387	15	8,9,10,11,12,13,14	27	3
197	01:50.854	10	3,4,5,7,8,9,11,13,14,15	27	2
198	01:51.599	2	3,4,5,6,7,8,9,16	93	3
199	01:51.602	16	1,2,3,4,5	5	2
200	01:51.703	4	2,3,5,7,8,9,10,11,16	93	4
201	01:51.706	16	1,2,3,4,5	5	2
202	01:52.823	5	2,3,4,8,9,10,11,16	93	3
203	01:52.826	16	1,2,3,4,5	5	2
204	01:53.572	12	6,7,8,9,13,14,15	27	3
205	01:54.301	16	1,2,3,4,5	102	2
206	01:54.305	4	2,3,5,7,8,9,10,11,16	5	4
207	01:54.555	2	3,4,5,6,7,8,9,16	93	3
208	01:54.558	16	1,2,3,4,5	5	2
209	01:55.506	3	2,4,5,6,7,8,9,10,16	93	4
210	01:55.509	16	1,2,3,4,5	5	2
211	01:55.636	11	4,5,8,9,10,14,15	27	2
212	01:56.338	5	2,3,4,8,9,10,11,16	93	3
213	01:56.341	16	1,2,3,4,5	5	2
214	01:56.749	4	2,3,5,7,8,9,10,11,16	93	4
215	01:56.752	16	1,2,3,4,5	5	2
216	01:58.129	13	6,7,8,9,10,12,14,15	27	4
217	01:58.636	16	1,2,3,4,5	97	2
218	01:59.054	5	2,3,4,8,9,10,11,16	93	3
219	01:59.057	16	1,2,3,4,5	5	2
220	01:59.576	3	2,4,5,6,7,8,9,10,16	93	4
221	01:59.579	16	1,2,3,4,5	5	2
222	02:00.405	8	2,3,4,5,6,7,9,10,11,12,13,14,15	27	1
223	02:02.369	4	2,3,5,7,8,9,10,11,16	93	4
224	02:02.372	16	1,2,3,4,5	5	2
225	02:02.919	2	3,4,5,6,7,8,9,16	93	3
226	02:02.922	16	1,2,3,4,5	5	2
227	02:03.917	14	7,8,9,10,11,12,13,15	27	4
228	02:04.542	9	2,3,4,5,6,7,8,10,11,12,13,14,15	27	1
229	02:06.939	2	3,4,5,6,7,8,9,16	93	3
230	02:06.942	16	1,2,3,4,5	5	2
231	02:07.097	5	2,3,4,8,9,10,11,16	27	3
232	02:08.900	4	2,3,5,7,8,9,10,11,16	93	4
233	02:08.903	16	1,2,3,4,5	5	2
234	02:10.551	16	1,2,3,4,5	97	2
235	02:10.653	6	2,3,7,8,9,12,13	27	2
236	02:11.252	11	4,5,8,9,10,14,15	27	2
237	02:11.873	4	2,3,5,7,8,9,10,11,16	93	4
238	02:11.876	16	1,2,3,4,5	5	2
239	02:13.426	2	3,4,5,6,7,8,9,16	93	3
240	02:13.429	16	1,2,3,4,5	5	2
241	02:13.884	12	6,7,8,9,13,14,15	27	3
242	02:14.739	3	2,4,5,6,7,8,9,10,16	93	4
243	02:14.742	16	1,2,3,4,5	5	2
244	02:14.832	4	2,3,5,7,8,9,10,11,16	93	4
245	02:14.835	16	1,2,3,4,5	5	2
246	02:15.211	5	2,3,4,8,9,10,11,16	93	3
247	02:15.214	16	1,2,3,4,5	5	2
248	02:15.678	4	2,3,5,7,8,9,10,11,16	27	4
249	02:17.934	5	2,3,4,8,9,10,11,16	93	3
250	02:17.937	16	1,2,3,4,5	5	2
251	02:18.030	2	3,4,5,6,7,8,9,16	93	3
252	02:18.033	16	1,2,3,4,5	5	2
253	02:18.696	16	1,2,3,4,5	97	2
254	02:19.657	3	2,4,5,6,7,8,9,10,16	93	4
255	02:19.660	16	1,2,3,4,5	5	2
256	02:22.123	5	2,3,4,8,9,10,11,16	93	3
257	02:22.126	16	1,2,3,4,5	5	2
258	02:22.737	2	3,4,5,6,7,8,9,16	93	3
259	02:22.740	16	1,2,3,4,5	5	2
260	02:23.590	4	2,3,5,7,8,9,10,11,16	93	4
261	02:23.593	16	1,2,3,4,5	5	2
262	02:25.651	8	2,3,4,5,6,7,9,10,11,12,13,14,15	27	1
263	02:26.019	16	1,2,3,4,5	97	2
264	02:27.042	7	2,3,4,6,8,9,10,12,13,14	27	2
265	02:27.128	3	2,4,5,6,7,8,9,10,16	93	4
266	02:27.131	16	1,2,3,4,5	5	2
267	02:27.193	4	2,3,5,7,8,9,10,11,16	93	4
268	02:27.196	16	1,2,3,4,5	5	2
269	02:28.222	5	2,3,4,8,9,10,11,16	93	3
270	02:28.225	16	1,2,3,4,5	5	2
271	02:28.269	10	3,4,5,7,8,9,11,13,14,15	27	2
272	02:28.562	15	8,9,10,11,12,13,14	27	3
273	02:28.989	2	3,4,5,6,7,8,9,16	93	3
274	02:28.992	16	1,2,3,4,5	5	2
275	02:29.073	13	6,7,8,9,10,12,14,15	27	4
276	02:30.838	3	2,4,5,6,7,8,9,10,16	93	4
277	02:30.841	16	1,2,3,4,5	5	2
278	02:32.963	4	2,3,5,7,8,9,10,11,16	93	4
279	02:32.966	16	1,2,3,4,5	5	2
280	02:33.406	5	2,3,4,8,9,10,11,16	93	3
281	02:33.409	16	1,2,3,4,5	5	2
282	02:35.460	3	2,4,5,6,7,8,9,10,16	93	4
283	02:35.463	16	1,2,3,4,5	5	2
284	02:36.433	2	3,4,5,6,7,8,9,16	93	3
285	02:36.436	16	1,2,3,4,5	5	2
286	02:39.576	5	2,3,4,8,9,10,11,16	27	3
287	02:40.111	4	2,3,5,7,8,9,10,11,16	93	4
288	02:40.114	16	1,2,3,4,5	5	2
289	02:40.451	2	3,4,5,6,7,8,9,16	93	3
290	02:40.454	16	1,2,3,4,5	5	2
291	02:43.228	16	1,2,3,4,5	97	2
292	02:43.607	11	4,5,8,9,10,14,15	27	2
293	02:44.884	4	2,3,5,7,8,9,10,11,16	93	4
294	02:44.887	16	1,2,3,4,5	5	2
295	02:45.959	6	2,3,7,8,9,12,13	27	2
296	02:46.277	2	3,4,5,6,7,8,9,16	93	3
297	02:46.280	16	1,2,3,4,5	5	2
298	02:46.472	9	2,3,4,5,6,7,8,10,11,12,13,14,15	27	1
299	02:47.262	5	2,3,4,8,9,10,11,16	93	3
300	02:47.265	16	1,2,3,4,5	5	2
301	02:48.647	14	7,8,9,10,11,12,13,15	27	4
302	02:48.655	16	1,2,3,4,5	97	2
303	02:49.125	3	2,4,5,6,7,8,9,10,16	93	4
304	02:49.128	16	1,2,3,4,5	5	2
305	02:49.886	2	3,4,5,6,7,8,9,16	93	3
306	02:49.889	16	1,2,3,4,5	5	2
307	02:50.344	5	2,3,4,8,9,10,11,16	93	3
308	02:50.347	16	1,2,3,4,5	5	2
309	02:52.293	12	6,7,8,9,13,14,15	27	3
310	02:54.072	4	2,3,5,7,8,9,10,11,16	93	4
311	02:54.075	16	1,2,3,4,5	5	2
312	02:54.492	3	2,4,5,6,7,8,9,10,16	93	4
313	02:54.495	16	1,2,3,4,5	5	2
314	02:56.671	5	2,3,4,8,9,10,11,16	93	3
315	02:56.674	16	1,2,3,4,5	5	2
316	02:57.989	4	2,3,5,7,8,9,10,11,16	93	4
317	02:57.992	16	1,2,3,4,5	5	2
318	02:59.765	5	2,3,4,8,9,10,11,16	93	3
319	02:59.768	16	1,2,3,4,5	5	2
320	02:59.856	3	2,4,5,6,7,8,9,10,16	93	4
321	02:59.859	16	1,2,3,4,5	5	2
322	03:00.748	4	2,3,5,7,8,9,10,11,16	93	4
323	03:00.751	16	1,2,3,4,5	5	2
324	03:00.974	16	1,2,3,4,5	97	2
325	03:02.083	6	2,3,7,8,9,12,13	27	2
326	03:02.325	5	2,3,4,8,9,10,11,16	93	3
327	03:02.328	16	1,2,3,4,5	5	2
328	03:03.019	15	8,9,10,11,12,13,14	27	3
329	03:04.566	2	3,4,5,6,7,8,9,16	93	3
330	03:04.569	16	1,2,3,4,5	5	2
331	03:04.699	8	2,3,4,5,6,7,9,10,11,12,13,14,15	27	1
332	03:06.211	3	2,4,5,6,7,8,9,10,16	93	4
333	03:06.214	16	1,2,3,4,5	5	2
334	03:07.397	4	2,3,5,7,8,9,10,11,16	93	4
335	03:07.400	16	1,2,3,4,5	5	2
336	03:07.962	2	3,4,5,6,7,8,9,16	93	3
337	03:07.965	16	1,2,3,4,5	5	2
338	03:08.417	9	2,3,4,5,6,7,8,10,11,12,13,14,15	27	1
339	03:10.157	10	3,4,5,7,8,9,11,13,14,15	27	2
340	03:10.396	3	2,4,5,6,7,8,9,10,16	93	4
341	03:10.399	16	1,2,3,4,5	5	2
342	03:11.394	13	6,7,8,9,10,12,14,15	27	4
343	03:11.667	7	2,3,4,6,8,9,10,12,13,14	27	2
344	03:14.000	4	2,3,5,7,8,9,10,11,16	93	4
345	03:14.003	16	1,2,3,4,5	5	2
346	03:14.296	2	3,4,5,6,7,8,9,16	93	3
347	03:14.299	16	1,2,3,4,5	5	2
348	03:19.740	8	2,3,4,5,6,7,9,10,11,12,13,14,15	27	1
349	03:20.768	11	4,5,8,9,10,14,15	27	2
350	03:21.159	12	6,7,8,9,13,14,15	27	3
351	03:21.623	4	2,3,5,7,8,9,10,11,16	27	4
352	03:21.759	2	3,4,5,6,7,8,9,16	93	3
353	03:21.762	16	1,2,3,4,5	5	2
354	03:21.949	16	1,2,3,4,5	102	2
355	03:21.953	4	2,3,5,7,8,9,10,11,16	5	4
356	03:25.205	5	2,3,4,8,9,10,11,16	27	3
357	03:25.696	2	3,4,5,6,7,8,9,16	93	3
358	03:25.699	16	1,2,3,4,5	5	2
359	03:25.702	16	1,2,3,4,5	97	2
360	03:26.747	4	2,3,5,7,8,9,10,11,16	93	4
361	03:26.750	16	1,2,3,4,5	5	2
362	03:29.178	5	2,3,4,8,9,10,11,16	93	3
363	03:29.181	16	1,2,3,4,5	5	2
364	03:29.942	3	2,4,5,6,7,8,9,10,16	93	4
365	03:29.945	16	1,2,3,4,5	5	2
366	03:30.267	2	3,4,5,6,7,8,9,16	93	3
367	03:30.270	16	1,2,3,4,5	5	2
368	03:30.512	14	7,8,9,10,11,12,13,15	27	4
369	03:32.818	4	2,3,5,7,8,9,10,11,16	93	4
370	03:32.821	16	1,2,3,4,5	5	2
371	03:33.818	16	1,2,3,4,5	97	2
372	03:34.900	5	2,3,4,8,9,10,11,16	93	3
373	03:34.903	16	1,2,3,4,5	5	2
374	03:35.020	3	2,4,5,6,7,8,9,10,16	93	4
375	03:35.023	16	1,2,3,4,5	5	2
376	03:36.941	2	3,4,5,6,7,8,9,16	93	3
377	03:36.944	16	1,2,3,4,5	5	2
378	03:38.972	4	2,3,5,7,8,9,10,11,16	93	4
379	03:38.975	16	1,2,3,4,5	5	2
380	03:39.316	3	2,4,5,6,7,8,9,10,16	93	4
381	03:39.319	16	1,2,3,4,5	5	2
382	03:39.765	12	6,7,8,9,13,14,15	27	3
383	03:40.597	8	2,3,4,5,6,7,9,10,11,12,13,14,15	27	1
384	03:40.858	15	8,9,10,11,12,13,14	27	3
385	03:41.171	9	2,3,4,5,6,7,8,10,11,12,13,14,15	27	1
386	03:41.255	5	2,3,4,8,9,10,11,16	93	3
387	03:41.258	16	1,2,3,4,5	5	2
388	03:42.442	7	2,3,4,6,8,9,10,12,13,14	27	2
389	03:42.683	2	3,4,5,6,7,8,9,16	93	3
390	03:42.686	16	1,2,3,4,5	5	2
391	03:43.310	4	2,3,5,7,8,9,10,11,16	93	4
392	03:43.313	16	1,2,3,4,5	5	2
393	03:44.512	6	2,3,7,8,9,12,13	27	2
394	03:45.340	1	16	97	0
395	03:46.158	3	2,4,5,6,7,8,9,10,16	93	4
396	03:46.161	16	1,2,3,4,5	5	2
397	03:46.399	4	2,3,5,7,8,9,10,11,16	93	4
398	03:46.402	16	1,2,3,4,5	5	2
399	03:46.931	16	1,2,3,4,5	97	2
400	03:47.443	5	2,3,4,8,9,10,11,16	93	3
401	03:47.446	16	1,2,3,4,5	5	2
402	03:48.151	10	3,4,5,7,8,9,11,13,14,15	27	2
403	03:50.135	2	3,4,5,6,7,8,9,16	93	3
404	03:50.138	16	1,2,3,4,5	5	2
405	03:52.189	3	2,4,5,6,7,8,9,10,16	93	4
406	03:52.192	16	1,2,3,4,5	5	2
407	03:52.384	4	2,3,5,7,8,9,10,11,16	93	4
408	03:52.387	16	1,2,3,4,5	5	2
409	03:54.140	5	2,3,4,8,9,10,11,16	93	3
410	03:54.143	16	1,2,3,4,5	5	2
411	03:55.359	13	6,7,8,9,10,12,14,15	27	4
412	03:56.506	4	2,3,5,7,8,9,10,11,16	93	4
413	03:56.509	16	1,2,3,4,5	5	2
414	03:57.430	2	3,4,5,6,7,8,9,16	93	3
415	03:57.433	16	1,2,3,4,5	5	2
416	03:57.616	11	4,5,8,9,10,14,15	27	2
417	03:59.621	4	2,3,5,7,8,9,10,11,16	93	4
418	03:59.624	16	1,2,3,4,5	5	2
419	04:02.466	4	2,3,5,7,8,9,10,11,16	93	4
420	04:02.469	16	1,2,3,4,5	5	2
421	04:02.733	7	2,3,4,6,8,9,10,12,13,14	27	2
422	04:04.504	12	6,7,8,9,13,14,15	27	3
423	04:07.389	4	2,3,5,7,8,9,10,11,16	93	4
424	04:07.392	16	1,2,3,4,5	5	2
425	04:09.096	16	1,2,3,4,5	102	2
426	04:09.100	3	2,4,5,6,7,8,9,10,16	5	4
427	04:09.260	9	2,3,4,5,6,7,8,10,11,12,13,14,15	27	1
428	04:12.281	14	7,8,9,10,11,12,13,15	27	4
429	04:12.842	8	2,3,4,5,6,7,9,10,11,12,13,14,15	27	1
430	04:12.856	3	2,4,5,6,7,8,9,10,16	93	4
431	04:12.859	16	1,2,3,4,5	5	2
432	04:13.348	13	6,7,8,9,10,12,14,15	27	4
433	04:15.450	16	1,2,3,4,5	97	2
434	04:17.084	15	8,9,10,11,12,13,14	27	3
435	04:18.736	2	3,4,5,6,7,8,9,16	93	3
436	04:18.739	16	1,2,3,4,5	5	2
437	04:19.403	3	2,4,5,6,7,8,9,10,16	93	4
438	04:19.406	16	1,2,3,4,5	5	2
439	04:20.134	4	2,3,5,7,8,9,10,11,16	93	4
440	04:20.137	16	1,2,3,4,5	5	2
441	04:20.323	5	2,3,4,8,9,10,11,16	93	3
442	04:20.326	16	1,2,3,4,5	5	2
443	04:22.703	3	2,4,5,6,7,8,9,10,16	93	4
444	04:22.706	16	1,2,3,4,5	5	2
445	04:23.148	2	3,4,5,6,7,8,9,16	93	3
446	04:23.151	16	1,2,3,4,5	5	2
447	04:23.340	5	2,3,4,8,9,10,11,16	93	3
448	04:23.343	16	1,2,3,4,5	5	2
449	04:23.485	4	2,3,5,7,8,9,10,11,16	93	4
450	04:23.488	16	1,2,3,4,5	5	2
451	04:26.327	11	4,5,8,9,10,14,15	27	2
452	04:26.505	3	2,4,5,6,7,8,9,10,16	93	4
453	04:26.508	16	1,2,3,4,5	5	2
454	04:26.569	2	3,4,5,6,7,8,9,16	93	3
455	04:26.572	16	1,2,3,4,5	5	2
456	04:27.220	4	2,3,5,7,8,9,10,11,16	93	4
457	04:27.223	16	1,2,3,4,5	5	2
458	04:27.269	5	2,3,4,8,9,10,11,16	93	3
459	04:27.272	16	1,2,3,4,5	5	2
460	04:27.913	6	2,3,7,8,9,12,13	27	2
461	04:29.171	3	2,4,5,6,7,8,9,10,16	93	4
462	04:29.174	16	1,2,3,4,5	5	2
463	04:29.374	12	6,7,8,9,13,14,15	27	3
464	04:29.648	10	3,4,5,7,8,9,11,13,14,15	27	2
465	04:30.858	14	7,8,9,10,11,12,13,15	27	4
466	04:31.676	2	3,4,5,6,7,8,9,16	93	3
467	04:31.679	16	1,2,3,4,5	5	2
468	04:31.818	4	2,3,5,7,8,9,10,11,16	93	4
469	04:31.821	16	1,2,3,4,5	5	2
470	04:32.667	5	2,3,4,8,9,10,11,16	93	3
471	04:32.670	16	1,2,3,4,5	5	2
472	04:33.162	8	2,3,4,5,6,7,9,10,11,12,13,14,15	27	1
473	04:36.005	5	2,3,4,8,9,10,11,16	93	3
474	04:36.008	16	1,2,3,4,5	5	2
475	04:36.397	4	2,3,5,7,8,9,10,11,16	93	4
476	04:36.400	16	1,2,3,4,5	5	2
477	04:36.694	2	3,4,5,6,7,8,9,16	93	3
478	04:36.697	16	1,2,3,4,5	5	2
479	04:37.658	13	6,7,8,9,10,12,14,15	27	4
480	04:38.479	7	2,3,4,6,8,9,10,12,13,14	27	2
481	04:38.911	5	2,3,4,8,9,10,11,16	27	3
482	04:40.786	2	3,4,5,6,7,8,9,16	27	3
483	04:41.481	9	2,3,4,5,6,7,8,10,11,12,13,14,15	27	1
484	04:42.533	16	1,2,3,4,5	97	2
485	04:45.145	15	8,9,10,11,12,13,14	27	3
486	04:45.482	10	3,4,5,7,8,9,11,13,14,15	27	2
487	04:45.782	6	2,3,7,8,9,12,13	27	2
488	04:46.328	2	3,4,5,6,7,8,9,16	93	3
489	04:46.331	16	1,2,3,4,5	5	2
490	04:47.261	4	2,3,5,7,8,9,10,11,16	93	4
491	04:47.264	16	1,2,3,4,5	5	2
492	04:48.124	3	2,4,5,6,7,8,9,10,16	93	4
493	04:48.127	16	1,2,3,4,5	5	2
494	04:48.530	5	2,3,4,8,9,10,11,16	93	3
495	04:48.533	16	1,2,3,4,5	5	2
496	04:48.885	16	1,2,3,4,5	97	2
497	04:49.037	2	3,4,5,6,7,8,9,16	93	3
498	04:49.040	16	1,2,3,4,5	5	2
499	04:50.165	8	2,3,4,5,6,7,9,10,11,12,13,14,15	27	1
500	04:51.537	4	2,3,5,7,8,9,10,11,16	93	4
501	04:51.540	16	1,2,3,4,5	5	2
502	04:52.763	5	2,3,4,8,9,10,11,16	93	3
503	04:52.766	16	1,2,3,4,5	5	2
504	04:53.593	2	3,4,5,6,7,8,9,16	93	3
505	04:53.596	16	1,2,3,4,5	5	2
506	04:54.726	3	2,4,5,6,7,8,9,10,16	93	4
507	04:54.729	16	1,2,3,4,5	5	2
508	04:54.986	11	4,5,8,9,10,14,15	27	2
509	04:55.463	4	2,3,5,7,8,9,10,11,16	93	4
510	04:55.466	16	1,2,3,4,5	5	2
511	04:56.324	2	3,4,5,6,7,8,9,16	93	3
512	04:56.327	16	1,2,3,4,5	5	2
513	04:57.250	3	2,4,5,6,7,8,9,10,16	93	4
514	04:57.253	16	1,2,3,4,5	5	2
515	05:00.130	2	3,4,5,6,7,8,9,16	93	3
516	05:00.133	16	1,2,3,4,5	5	2
517	05:00.217	5	2,3,4,8,9,10,11,16	93	3
518	05:00.220	16	1,2,3,4,5	5	2
519	05:00.739	4	2,3,5,7,8,9,10,11,16	93	4
520	05:00.742	16	1,2,3,4,5	5	2
521	05:01.297	14	7,8,9,10,11,12,13,15	27	4
522	05:01.913	9	2,3,4,5,6,7,8,10,11,12,13,14,15	27	1
523	05:02.042	15	8,9,10,11,12,13,14	27	3
524	05:02.087	16	1,2,3,4,5	97	2
525	05:03.597	4	2,3,5,7,8,9,10,11,16	93	4
526	05:03.600	16	1,2,3,4,5	5	2
527	05:04.629	3	2,4,5,6,7,8,9,10,16	93	4
528	05:04.632	16	1,2,3,4,5	5	2
529	05:04.765	12	6,7,8,9,13,14,15	27	3
530	05:05.461	2	3,4,5,6,7,8,9,16	93	3
531	05:05.464	16	1,2,3,4,5	5	2
532	05:05.817	6	2,3,7,8,9,12,13	27	2
533	05:06.368	5	2,3,4,8,9,10,11,16	93	3
534	05:06.371	16	1,2,3,4,5	5	2
535	05:09.011	7	2,3,4,6,8,9,10,12,13,14	27	2
536	05:10.444	3	2,4,5,6,7,8,9,10,16	93	4
537	05:10.447	16	1,2,3,4,5	5	2
538	05:10.966	2	3,4,5,6,7,8,9,16	93	3
539	05:10.969	16	1,2,3,4,5	5	2
540	05:12.204	5	2,3,4,8,9,10,11,16	93	3
541	05:12.207	16	1,2,3,4,5	5	2
542	05:12.419	13	6,7,8,9,10,12,14,15	27	4
543	05:13.678	2	3,4,5,6,7,8,9,16	93	3
544	05:13.681	16	1,2,3,4,5	5	2
545	05:15.261	11	4,5,8,9,10,14,15	27	2
546	05:16.329	2	3,4,5,6,7,8,9,16	93	3
547	05:16.332	16	1,2,3,4,5	5	2
548	05:19.281	10	3,4,5,7,8,9,11,13,14,15	27	2
549	05:21.735	4	2,3,5,7,8,9,10,11,16	27	4
550	05:22.274	2	3,4,5,6,7,8,9,16	93	3
551	05:22.277	16	1,2,3,4,5	5	2
552	05:24.322	16	1,2,3,4,5	97	2
553	05:25.115	7	2,3,4,6,8,9,10,12,13,14	27	2
554	05:27.781	5	2,3,4,8,9,10,11,16	93	3
555	05:27.784	16	1,2,3,4,5	5	2
556	05:28.588	2	3,4,5,6,7,8,9,16	93	3
557	05:28.591	16	1,2,3,4,5	5	2
558	05:28.989	4	2,3,5,7,8,9,10,11,16	93	4
559	05:28.992	16	1,2,3,4,5	5	2
560	05:29.579	3	2,4,5,6,7,8,9,10,16	93	4
561	05:29.582	16	1,2,3,4,5	5	2
562	05:29.597	12	6,7,8,9,13,14,15	27	3
563	05:31.593	16	1,2,3,4,5	97	2
564	05:32.247	2	3,4,5,6,7,8,9,16	93	3
565	05:32.250	16	1,2,3,4,5	5	2
566	05:32.522	8	2,3,4,5,6,7,9,10,11,12,13,14,15	27	1
567	05:33.277	9	2,3,4,5,6,7,8,10,11,12,13,14,15	27	1
568	05:33.302	4	2,3,5,7,8,9,10,11,16	93	4
569	05:33.305	16	1,2,3,4,5	5	2
570	05:33.408	3	2,4,5,6,7,8,9,10,16	93	4
571	05:33.411	16	1,2,3,4,5	5	2
572	05:33.813	5	2,3,4,8,9,10,11,16	93	3
573	05:33.816	16	1,2,3,4,5	5	2
574	05:34.317	13	6,7,8,9,10,12,14,15	27	4
575	05:35.744	10	3,4,5,7,8,9,11,13,14,15	27	2
576	05:36.952	3	2,4,5,6,7,8,9,10,16	93	4
577	05:36.955	16	1,2,3,4,5	5	2
578	05:37.242	2	3,4,5,6,7,8,9,16	93	3
579	05:37.245	16	1,2,3,4,5	5	2
580	05:37.505	14	7,8,9,10,11,12,13,15	27	4
581	05:37.579	16	1,2,3,4,5	102	2
582	05:37.583	2	3,4,5,6,7,8,9,16	5	3
583	05:37.692	5	2,3,4,8,9,10,11,16	93	3
584	05:37.695	16	1,2,3,4,5	5	2
585	05:39.094	15	8,9,10,11,12,13,14	27	3
586	05:39.876	4	2,3,5,7,8,9,10,11,16	93	4
587	05:39.879	16	1,2,3,4,5	5	2
588	05:42.484	16	1,2,3,4,5	97	2
589	05:43.889	3	2,4,5,6,7,8,9,10,16	93	4
590	05:43.892	16	1,2,3,4,5	5	2
591	05:44.362	2	3,4,5,6,7,8,9,16	93	3
592	05:44.365	16	1,2,3,4,5	5	2
593	05:44.463	4	2,3,5,7,8,9,10,11,16	93	4
594	05:44.466	16	1,2,3,4,5	5	2
595	05:45.026	5	2,3,4,8,9,10,11,16	93	3
596	05:45.029	16	1,2,3,4,5	5	2
597	05:45.204	6	2,3,7,8,9,12,13	27	2
598	05:45.537	12	6,7,8,9,13,14,15	27	3
599	05:49.516	2	3,4,5,6,7,8,9,16	93	3
600	05:49.519	16	1,2,3,4,5	5	2
601	05:50.255	3	2,4,5,6,7,8,9,10,16	93	4
602	05:50.258	16	1,2,3,4,5	5	2
603	05:51.281	4	2,3,5,7,8,9,10,11,16	93	4
604	05:51.284	16	1,2,3,4,5	5	2
605	05:51.480	5	2,3,4,8,9,10,11,16	93	3
606	05:51.483	16	1,2,3,4,5	5	2
607	05:52.003	7	2,3,4,6,8,9,10,12,13,14	27	2
608	05:53.101	3	2,4,5,6,7,8,9,10,16	27	4
609	05:55.999	16	1,2,3,4,5	97	2
610	05:56.581	8	2,3,4,5,6,7,9,10,11,12,13,14,15	27	1
611	05:56.720	9	2,3,4,5,6,7,8,10,11,12,13,14,15	27	1
612	05:57.041	13	6,7,8,9,10,12,14,15	27	4
613	05:58.008	5	2,3,4,8,9,10,11,16	93	3
614	05:58.011	16	1,2,3,4,5	5	2
615	05:58.574	11	4,5,8,9,10,14,15	27	2
616	05:59.378	3	2,4,5,6,7,8,9,10,16	93	4
617	05:59.381	16	1,2,3,4,5	5	2
618	05:59.801	4	2,3,5,7,8,9,10,11,16	93	4
619	05:59.804	16	1,2,3,4,5	5	2
620	06:00.488	2	3,4,5,6,7,8,9,16	93	3
621	06:00.491	16	1,2,3,4,5	5	2
622	06:01.103	5	2,3,4,8,9,10,11,16	93	3
623	06:01.106	16	1,2,3,4,5	5	2
624	06:02.483	16	1,2,3,4,5	97	2
625	06:03.021	4	2,3,5,7,8,9,10,11,16	93	4
626	06:03.024	16	1,2,3,4,5	5	2
627	06:03.226	10	3,4,5,7,8,9,11,13,14,15	27	2
628	06:05.434	2	3,4,5,6,7,8,9,16	93	3
629	06:05.437	16	1,2,3,4,5	5	2
630	06:05.459	3	2,4,5,6,7,8,9,10,16	93	4
631	06:05.462	16	1,2,3,4,5	5	2
632	06:06.111	5	2,3,4,8,9,10,11,16	93	3
633	06:06.114	16	1,2,3,4,5	5	2
634	06:07.954	4	2,3,5,7,8,9,10,11,16	93	4
635	06:07.957	16	1,2,3,4,5	5	2
636	06:09.022	14	7,8,9,10,11,12,13,15	27	4
637	06:09.895	2	3,4,5,6,7,8,9,16	93	3
638	06:09.898	16	1,2,3,4,5	5	2
639	06:11.984	4	2,3,5,7,8,9,10,11,16	93	4
640	06:11.987	16	1,2,3,4,5	5	2
641	06:12.003	3	2,4,5,6,7,8,9,10,16	93	4
642	06:12.006	16	1,2,3,4,5	5	2
643	06:12.176	5	2,3,4,8,9,10,11,16	93	3
644	06:12.179	16	1,2,3,4,5	5	2
645	06:14.687	3	2,4,5,6,7,8,9,10,16	93	4
646	06:14.690	16	1,2,3,4,5	5	2
647	06:15.118	13	6,7,8,9,10,12,14,15	27	4
648	06:16.513	2	3,4,5,6,7,8,9,16	93	3
649	06:16.516	16	1,2,3,4,5	5	2
650	06:17.437	4	2,3,5,7,8,9,10,11,16	93	4
651	06:17.440	16	1,2,3,4,5	5	2
652	06:18.350	5	2,3,4,8,9,10,11,16	93	3
653	06:18.353	16	1,2,3,4,5	5	2
654	06:18.801	16	1,2,3,4,5	97	2
655	06:19.545	15	8,9,10,11,12,13,14	27	3
656	06:20.095	10	3,4,5,7,8,9,11,13,14,15	27	2
657	06:22.136	3	2,4,5,6,7,8,9,10,16	93	4
658	06:22.139	16	1,2,3,4,5	5	2
659	06:22.545	8	2,3,4,5,6,7,9,10,11,12,13,14,15	27	1
660	06:22.907	2	3,4,5,6,7,8,9,16	93	3
661	06:22.910	16	1,2,3,4,5	5	2
662	06:23.856	4	2,3,5,7,8,9,10,11,16	93	4
663	06:23.859	16	1,2,3,4,5	5	2
664	06:24.100	5	2,3,4,8,9,10,11,16	93	3
665	06:24.103	16	1,2,3,4,5	5	2
666	06:24.886	6	2,3,7,8,9,12,13	27	2
667	06:27.219	12	6,7,8,9,13,14,15	27	3
668	06:27.688	4	2,3,5,7,8,9,10,11,16	93	4
669	06:27.691	16	1,2,3,4,5	5	2
670	06:29.252	5	2,3,4,8,9,10,11,16	93	3
671	06:29.255	16	1,2,3,4,5	5	2
672	06:29.938	7	2,3,4,6,8,9,10,12,13,14	27	2
