Random seed: 345678
00:00.162	ID:3	[INFO: Main      ] Starting Contiki-NG-release/v5.1-199-g2d20e000c-dirty
00:00.162	ID:3	[INFO: Main      ] - Routing: RPL Lite
00:00.162	ID:3	[INFO: Main      ] - Net: sicslowpan
00:00.162	ID:3	[INFO: Main      ] - MAC: CSMA
00:00.162	ID:3	[INFO: Main      ] - 802.15.4 PANID: 0xabcd
00:00.162	ID:3	[INFO: Main      ] - 802.15.4 Default channel: 26
00:00.162	ID:3	[INFO: Main      ] Node ID: 3
00:00.162	ID:3	[INFO: Main      ] Link-layer address: 0003.0003.0003.0003
00:00.162	ID:3	[INFO: Main      ] Tentative link-local IPv6 address: fe80::203:3:3:3
00:00.183	ID:7	[INFO: Main      ] Starting Contiki-NG-release/v5.1-199-g2d20e000c-dirty
00:00.183	ID:7	[INFO: Main      ] - Routing: RPL Lite
00:00.183	ID:7	[INFO: Main      ] - Net: sicslowpan
00:00.183	ID:7	[INFO: Main      ] - MAC: CSMA
00:00.183	ID:7	[INFO: Main      ] - 802.15.4 PANID: 0xabcd
00:00.183	ID:7	[INFO: Main      ] - 802.15.4 Default channel: 26
00:00.183	ID:7	[INFO: Main      ] Node ID: 7
00:00.183	ID:7	[INFO: Main      ] Link-layer address: 0007.0007.0007.0007
00:00.183	ID:7	[INFO: Main      ] Tentative link-local IPv6 address: fe80::207:7:7:7
00:00.245	ID:13	[INFO: Main      ] Starting Contiki-NG-release/v5.1-199-g2d20e000c-dirty
00:00.245	ID:13	[INFO: Main      ] - Routing: RPL Lite
00:00.245	ID:13	[INFO: Main      ] - Net: sicslowpan
00:00.245	ID:13	[INFO: Main      ] - MAC: CSMA
00:00.245	ID:13	[INFO: Main      ] - 802.15.4 PANID: 0xabcd
00:00.245	ID:13	[INFO: Main      ] - 802.15.4 Default channel: 26
00:00.245	ID:13	[INFO: Main      ] Node ID: 13
00:00.245	ID:13	[INFO: Main      ] Link-layer address: 000d.000d.000d.000d
00:00.245	ID:13	[INFO: Main      ] Tentative link-local IPv6 address: fe80::20d:d:d:d
00:00.337	ID:10	[INFO: Main      ] Starting Contiki-NG-release/v5.1-199-g2d20e000c-dirty
00:00.337	ID:10	[INFO: Main      ] - Routing: RPL Lite
00:00.337	ID:10	[INFO: Main      ] - Net: sicslowpan
00:00.337	ID:10	[INFO: Main      ] - MAC: CSMA
00:00.337	ID:10	[INFO: Main      ] - 802.15.4 PANID: 0xabcd
00:00.337	ID:10	[INFO: Main      ] - 802.15.4 Default channel: 26
00:00.337	ID:10	[INFO: Main      ] Node ID: 10
00:00.337	ID:10	[INFO: Main      ] Link-layer address: 000a.000a.000a.000a
00:00.337	ID:10	[INFO: Main      ] Tentative link-local IPv6 address: fe80::20a:a:a:a
00:00.338	ID:12	[INFO: Main      ] Starting Contiki-NG-release/v5.1-199-g2d20e000c-dirty
00:00.338	ID:12	[INFO: Main      ] - Routing: RPL Lite
00:00.338	ID:12	[INFO: Main      ] - Net: sicslowpan
00:00.338	ID:12	[INFO: Main      ] - MAC: CSMA
00:00.338	ID:12	[INFO: Main      ] - 802.15.4 PANID: 0xabcd
00:00.338	ID:12	[INFO: Main      ] - 802.15.4 Default channel: 26
00:00.338	ID:12	[INFO: Main      ] Node ID: 12
00:00.338	ID:12	[INFO: Main      ] Link-layer address: 000c.000c.000c.000c
00:00.338	ID:12	[INFO: Main      ] Tentative link-local IPv6 address: fe80::20c:c:c:c
00:00.411	ID:14	[INFO: Main      ] Starting Contiki-NG-release/v5.1-199-g2d20e000c-dirty
00:00.411	ID:14	[INFO: Main      ] - Routing: RPL Lite
00:00.411	ID:14	[INFO: Main      ] - Net: sicslowpan
00:00.411	ID:14	[INFO: Main      ] - MAC: CSMA
00:00.411	ID:14	[INFO: Main      ] - 802.15.4 PANID: 0xabcd
00:00.411	ID:14	[INFO: Main      ] - 802.15.4 Default channel: 26
00:00.411	ID:14	[INFO: Main      ] Node ID: 14
00:00.411	ID:14	[INFO: Main      ] Link-layer address: 000e.000e.000e.000e
00:00.411	ID:14	[INFO: Main      ] Tentative link-local IPv6 address: fe80::20e:e:e:e
00:00.480	ID:16	[INFO: Main      ] Starting Contiki-NG-release/v5.1-199-g2d20e000c-dirty
00:00.480	ID:16	[INFO: Main      ] - Routing: RPL Lite
00:00.480	ID:16	[INFO: Main      ] - Net: sicslowpan
00:00.480	ID:16	[INFO: Main      ] - MAC: CSMA
00:00.480	ID:16	[INFO: Main      ] - 802.15.4 PANID: 0xabcd
00:00.480	ID:16	[INFO: Main      ] - 802.15.4 Default channel: 26
00:00.480	ID:16	[INFO: Main      ] Node ID: 16
00:00.480	ID:16	[INFO: Main      ] Link-layer address: 0010.0010.0010.0010
00:00.480	ID:16	[INFO: Main      ] Tentative link-local IPv6 address: fe80::210:10:10:10
00:00.480	ID:16	[INFO: BLACKHOLE ] BLACKHOLE ROUTER: started, attack disabled
00:00.502	ID:5	[INFO: Main      ] Starting Contiki-NG-release/v5.1-199-g2d20e000c-dirty
00:00.502	ID:5	[INFO: Main      ] - Routing: RPL Lite
00:00.502	ID:5	[INFO: Main      ] - Net: sicslowpan
00:00.502	ID:5	[INFO: Main      ] - MAC: CSMA
00:00.502	ID:5	[INFO: Main      ] - 802.15.4 PANID: 0xabcd
00:00.502	ID:5	[INFO: Main      ] - 802.15.4 Default channel: 26
00:00.502	ID:5	[INFO: Main      ] Node ID: 5
00:00.502	ID:5	[INFO: Main      ] Link-layer address: 0005.0005.0005.0005
00:00.502	ID:5	[INFO: Main      ] Tentative link-local IPv6 address: fe80::205:5:5:5
00:00.550	ID:6	[INFO: Main      ] Starting Contiki-NG-release/v5.1-199-g2d20e000c-dirty
00:00.550	ID:6	[INFO: Main      ] - Routing: RPL Lite
00:00.550	ID:6	[INFO: Main      ] - Net: sicslowpan
00:00.550	ID:6	[INFO: Main      ] - MAC: CSMA
00:00.550	ID:6	[INFO: Main      ] - 802.15.4 PANID: 0xabcd
00:00.550	ID:6	[INFO: Main      ] - 802.15.4 Default channel: 26
00:00.550	ID:6	[INFO: Main      ] Node ID: 6
00:00.550	ID:6	[INFO: Main      ] Link-layer address: 0006.0006.0006.0006
00:00.550	ID:6	[INFO: Main      ] Tentative link-local IPv6 address: fe80::206:6:6:6
00:00.574	ID:2	[INFO: Main      ] Starting Contiki-NG-release/v5.1-199-g2d20e000c-dirty
00:00.574	ID:2	[INFO: Main      ] - Routing: RPL Lite
00:00.574	ID:2	[INFO: Main      ] - Net: sicslowpan
00:00.574	ID:2	[INFO: Main      ] - MAC: CSMA
00:00.574	ID:2	[INFO: Main      ] - 802.15.4 PANID: 0xabcd
00:00.574	ID:2	[INFO: Main      ] - 802.15.4 Default channel: 26
00:00.574	ID:2	[INFO: Main      ] Node ID: 2
00:00.574	ID:2	[INFO: Main      ] Link-layer address: 0002.0002.0002.0002
00:00.574	ID:2	[INFO: Main      ] Tentative link-local IPv6 address: fe80::202:2:2:2
00:00.727	ID:5	[INFO: App       ] Not reachable yet
00:00.748	ID:9	[INFO: Main      ] Starting Contiki-NG-release/v5.1-199-g2d20e000c-dirty
00:00.748	ID:9	[INFO: Main      ] - Routing: RPL Lite
00:00.748	ID:9	[INFO: Main      ] - Net: sicslowpan
00:00.748	ID:9	[INFO: Main      ] - MAC: CSMA
00:00.748	ID:9	[INFO: Main      ] - 802.15.4 PANID: 0xabcd
00:00.748	ID:9	[INFO: Main      ] - 802.15.4 Default channel: 26
00:00.748	ID:9	[INFO: Main      ] Node ID: 9
00:00.748	ID:9	[INFO: Main      ] Link-layer address: 0009.0009.0009.0009
00:00.748	ID:9	[INFO: Main      ] Tentative link-local IPv6 address: fe80::209:9:9:9
00:00.831	ID:11	[INFO: Main      ] Starting Contiki-NG-release/v5.1-199-g2d20e000c-dirty
00:00.831	ID:11	[INFO: Main      ] - Routing: RPL Lite
00:00.831	ID:11	[INFO: Main      ] - Net: sicslowpan
00:00.831	ID:11	[INFO: Main      ] - MAC: CSMA
00:00.831	ID:11	[INFO: Main      ] - 802.15.4 PANID: 0xabcd
00:00.831	ID:11	[INFO: Main      ] - 802.15.4 Default channel: 26
00:00.831	ID:11	[INFO: Main      ] Node ID: 11
00:00.831	ID:11	[INFO: Main      ] Link-layer address: 000b.000b.000b.000b
00:00.831	ID:11	[INFO: Main      ] Tentative link-local IPv6 address: fe80::20b:b:b:b
00:00.918	ID:11	[INFO: App       ] Not reachable yet
00:00.943	ID:4	[INFO: Main      ] Starting Contiki-NG-release/v5.1-199-g2d20e000c-dirty
00:00.943	ID:4	[INFO: Main      ] - Routing: RPL Lite
00:00.943	ID:4	[INFO: Main      ] - Net: sicslowpan
00:00.943	ID:4	[INFO: Main      ] - MAC: CSMA
00:00.943	ID:4	[INFO: Main      ] - 802.15.4 PANID: 0xabcd
00:00.943	ID:4	[INFO: Main      ] - 802.15.4 Default channel: 26
00:00.943	ID:4	[INFO: Main      ] Node ID: 4
00:00.943	ID:4	[INFO: Main      ] Link-layer address: 0004.0004.0004.0004
00:00.943	ID:4	[INFO: Main      ] Tentative link-local IPv6 address: fe80::204:4:4:4
00:00.989	ID:1	[INFO: Main      ] Starting Contiki-NG-release/v5.1-199-g2d20e000c-dirty
00:00.989	ID:1	[INFO: Main      ] - Routing: RPL Lite
00:00.989	ID:1	[INFO: Main      ] - Net: sicslowpan
00:00.989	ID:1	[INFO: Main      ] - MAC: CSMA
00:00.989	ID:1	[INFO: Main      ] - 802.15.4 PANID: 0xabcd
00:00.989	ID:1	[INFO: Main      ] - 802.15.4 Default channel: 26
00:00.989	ID:1	[INFO: Main      ] Node ID: 1
00:00.989	ID:1	[INFO: Main      ] Link-layer address: 0001.0001.0001.0001
00:00.989	ID:1	[INFO: Main      ] Tentative link-local IPv6 address: fe80::201:1:1:1
00:00.989	ID:15	[INFO: Main      ] Starting Contiki-NG-release/v5.1-199-g2d20e000c-dirty
00:00.989	ID:15	[INFO: Main      ] - Routing: RPL Lite
00:00.989	ID:15	[INFO: Main      ] - Net: sicslowpan
00:00.989	ID:15	[INFO: Main      ] - MAC: CSMA
00:00.989	ID:15	[INFO: Main      ] - 802.15.4 PANID: 0xabcd
00:00.989	ID:15	[INFO: Main      ] - 802.15.4 Default channel: 26
00:00.989	ID:15	[INFO: Main      ] Node ID: 15
00:00.989	ID:15	[INFO: Main      ] Link-layer address: 000f.000f.000f.000f
00:00.989	ID:15	[INFO: Main      ] Tentative link-local IPv6 address: fe80::20f:f:f:f
00:00.998	ID:8	[INFO: Main      ] Starting Contiki-NG-release/v5.1-199-g2d20e000c-dirty
00:00.998	ID:8	[INFO: Main      ] - Routing: RPL Lite
00:00.998	ID:8	[INFO: Main      ] - Net: sicslowpan
00:00.998	ID:8	[INFO: Main      ] - MAC: CSMA
00:00.998	ID:8	[INFO: Main      ] - 802.15.4 PANID: 0xabcd
00:00.998	ID:8	[INFO: Main      ] - 802.15.4 Default channel: 26
00:00.998	ID:8	[INFO: Main      ] Node ID: 8
00:00.998	ID:8	[INFO: Main      ] Link-layer address: 0008.0008.0008.0008
00:00.998	ID:8	[INFO: Main      ] Tentative link-local IPv6 address: fe80::208:8:8:8
00:02.260	ID:4	[INFO: App       ] Not reachable yet
00:02.476	ID:7	[INFO: App       ] Not reachable yet
00:04.329	ID:6	[INFO: App       ] Not reachable yet
00:04.667	ID:9	[INFO: App       ] Not reachable yet
00:04.685	ID:13	[INFO: App       ] Not reachable yet
00:05.100	ID:15	[INFO: App       ] Not reachable yet
00:05.950	ID:8	[INFO: App       ] Not reachable yet
00:06.994	ID:2	[INFO: App       ] Not reachable yet
00:07.730	ID:14	[INFO: App       ] Not reachable yet
00:08.692	ID:3	[INFO: App       ] Not reachable yet
00:09.915	ID:12	[INFO: App       ] Not reachable yet
00:10.067	ID:10	[INFO: App       ] Not reachable yet
00:10.613	ID:5	[INFO: App       ] Not reachable yet
00:11.374	ID:11	[INFO: App       ] Not reachable yet
00:11.984	ID:4	[INFO: App       ] Not reachable yet
00:12.460	ID:7	[INFO: App       ] Not reachable yet
00:14.165	ID:6	[INFO: App       ] Not reachable yet
00:15.019	ID:13	[INFO: App       ] Not reachable yet
00:15.549	ID:9	[INFO: App       ] Not reachable yet
00:15.838	ID:15	[INFO: App       ] Not reachable yet
00:16.022	ID:2	[INFO: App       ] Not reachable yet
00:16.296	ID:8	[INFO: App       ] Not reachable yet
00:17.113	ID:14	[INFO: App       ] Not reachable yet
00:17.696	ID:3	[INFO: App       ] Not reachable yet
00:19.423	ID:10	[INFO: App       ] Not reachable yet
00:19.679	ID:5	[INFO: App       ] Not reachable yet
00:20.823	ID:12	[INFO: App       ] Not reachable yet
00:21.447	ID:4	[INFO: App       ] Not reachable yet
00:22.130	ID:11	[INFO: App       ] Not reachable yet
00:22.342	ID:7	[INFO: App       ] Not reachable yet
00:24.047	ID:13	[INFO: App       ] Not reachable yet
00:24.487	ID:16	[WARN: IPv6      ] BLACKHOLE: forward check hit
00:24.487	ID:16	[WARN: IPv6      ] BLACKHOLE: dropping forwarded packet
00:24.605	ID:9	[INFO: App       ] Not reachable yet
00:24.960	ID:6	[INFO: App       ] Not reachable yet
00:25.364	ID:8	[INFO: App       ] Not reachable yet
00:25.443	ID:15	[INFO: App       ] Not reachable yet
00:26.501	ID:14	[INFO: App       ] Not reachable yet
00:26.553	ID:2	[INFO: App       ] Not reachable yet
00:26.785	ID:16	[WARN: IPv6      ] BLACKHOLE: forward check hit
00:26.785	ID:16	[WARN: IPv6      ] BLACKHOLE: dropping forwarded packet
00:27.337	ID:3	[INFO: App       ] Not reachable yet
00:27.483	ID:16	[WARN: IPv6      ] BLACKHOLE: forward check hit
00:27.483	ID:16	[WARN: IPv6      ] BLACKHOLE: dropping forwarded packet
00:28.591	ID:16	[WARN: IPv6      ] BLACKHOLE: forward check hit
00:28.591	ID:16	[WARN: IPv6      ] BLACKHOLE: dropping forwarded packet
00:29.504	ID:10	[INFO: App       ] Not reachable yet
00:29.879	ID:5	[INFO: App       ] Not reachable yet
00:30.317	ID:16	[WARN: IPv6      ] BLACKHOLE: forward check hit
00:30.317	ID:16	[WARN: IPv6      ] BLACKHOLE: dropping forwarded packet
00:30.403	ID:12	[INFO: App       ] Not reachable yet
00:31.880	ID:16	[WARN: IPv6      ] BLACKHOLE: forward check hit
00:31.880	ID:16	[WARN: IPv6      ] BLACKHOLE: dropping forwarded packet
00:32.099	ID:16	[WARN: IPv6      ] BLACKHOLE: forward check hit
00:32.099	ID:16	[WARN: IPv6      ] BLACKHOLE: dropping forwarded packet
00:32.253	ID:11	[INFO: App       ] Not reachable yet
00:32.306	ID:4	[INFO: App       ] Not reachable yet
00:33.239	ID:7	[INFO: App       ] Not reachable yet
00:33.697	ID:16	[WARN: IPv6      ] BLACKHOLE: forward check hit
00:33.697	ID:16	[WARN: IPv6      ] BLACKHOLE: dropping forwarded packet
00:34.191	ID:13	[INFO: App       ] Not reachable yet
00:34.429	ID:6	[INFO: App       ] Not reachable yet
00:34.673	ID:9	[INFO: App       ] Not reachable yet
00:34.835	ID:15	[INFO: App       ] Not reachable yet
00:35.534	ID:16	[WARN: IPv6      ] BLACKHOLE: forward check hit
00:35.534	ID:16	[WARN: IPv6      ] BLACKHOLE: dropping forwarded packet
00:35.721	ID:2	[INFO: App       ] Not reachable yet
00:36.189	ID:8	[INFO: App       ] Not reachable yet
00:36.225	ID:16	[WARN: IPv6      ] BLACKHOLE: forward check hit
00:36.225	ID:16	[WARN: IPv6      ] BLACKHOLE: dropping forwarded packet
00:36.637	ID:14	[INFO: App       ] Not reachable yet
00:36.963	ID:3	[INFO: App       ] Not reachable yet
00:39.197	ID:16	[WARN: IPv6      ] BLACKHOLE: forward check hit
00:39.197	ID:16	[WARN: IPv6      ] BLACKHOLE: dropping forwarded packet
00:39.316	ID:16	[WARN: IPv6      ] BLACKHOLE: forward check hit
00:39.316	ID:16	[WARN: IPv6      ] BLACKHOLE: dropping forwarded packet
00:39.362	ID:10	[INFO: App       ] Not reachable yet
00:39.608	ID:16	[WARN: IPv6      ] BLACKHOLE: forward check hit
00:39.608	ID:16	[WARN: IPv6      ] BLACKHOLE: dropping forwarded packet
00:39.622	ID:5	[INFO: App       ] Not reachable yet
00:40.149	ID:12	[INFO: App       ] Not reachable yet
00:40.438	ID:16	[WARN: IPv6      ] BLACKHOLE: forward check hit
00:40.438	ID:16	[WARN: IPv6      ] BLACKHOLE: dropping forwarded packet
00:42.065	ID:11	[INFO: App       ] Not reachable yet
00:42.367	ID:16	[WARN: IPv6      ] BLACKHOLE: forward check hit
00:42.367	ID:16	[WARN: IPv6      ] BLACKHOLE: dropping forwarded packet
00:42.607	ID:16	[WARN: IPv6      ] BLACKHOLE: forward check hit
00:42.607	ID:16	[WARN: IPv6      ] BLACKHOLE: dropping forwarded packet
00:42.737	ID:4	[INFO: App       ] Not reachable yet
00:43.795	ID:9	[INFO: App       ] Not reachable yet
00:43.944	ID:15	[INFO: App       ] Not reachable yet
00:43.976	ID:7	[INFO: App       ] Not reachable yet
00:44.260	ID:6	[INFO: App       ] Not reachable yet
00:44.582	ID:16	[WARN: IPv6      ] BLACKHOLE: forward check hit
00:44.582	ID:16	[WARN: IPv6      ] BLACKHOLE: dropping forwarded packet
00:45.067	ID:13	[INFO: App       ] Not reachable yet
00:45.865	ID:2	[INFO: App       ] Not reachable yet
00:46.632	ID:8	[INFO: App       ] Not reachable yet
00:46.696	ID:3	[INFO: App       ] Not reachable yet
00:47.013	ID:16	[WARN: IPv6      ] BLACKHOLE: forward check hit
00:47.013	ID:16	[WARN: IPv6      ] BLACKHOLE: dropping forwarded packet
00:47.588	ID:14	[INFO: App       ] Not reachable yet
00:48.678	ID:16	[WARN: IPv6      ] BLACKHOLE: forward check hit
00:48.678	ID:16	[WARN: IPv6      ] BLACKHOLE: dropping forwarded packet
00:48.704	ID:10	[INFO: App       ] Not reachable yet
00:49.326	ID:5	[INFO: App       ] Not reachable yet
00:49.526	ID:12	[INFO: App       ] Not reachable yet
00:49.646	ID:16	[WARN: IPv6      ] BLACKHOLE: forward check hit
00:49.646	ID:16	[WARN: IPv6      ] BLACKHOLE: dropping forwarded packet
00:51.448	ID:11	[INFO: App       ] Not reachable yet
00:52.911	ID:4	[INFO: App       ] Not reachable yet
00:53.487	ID:15	[INFO: App       ] Not reachable yet
00:54.078	ID:13	[INFO: App       ] Not reachable yet
00:54.256	ID:6	[INFO: App       ] Not reachable yet
00:54.261	ID:9	[INFO: App       ] Not reachable yet
00:54.322	ID:16	[WARN: IPv6      ] BLACKHOLE: forward check hit
00:54.322	ID:16	[WARN: IPv6      ] BLACKHOLE: dropping forwarded packet
00:54.515	ID:7	[INFO: App       ] Not reachable yet
00:54.905	ID:2	[INFO: App       ] Not reachable yet
00:55.183	ID:16	[WARN: IPv6      ] BLACKHOLE: forward check hit
00:55.183	ID:16	[WARN: IPv6      ] BLACKHOLE: dropping forwarded packet
00:55.827	ID:16	[WARN: IPv6      ] BLACKHOLE: forward check hit
00:55.827	ID:16	[WARN: IPv6      ] BLACKHOLE: dropping forwarded packet
00:55.941	ID:16	[WARN: IPv6      ] BLACKHOLE: forward check hit
00:55.941	ID:16	[WARN: IPv6      ] BLACKHOLE: dropping forwarded packet
00:56.168	ID:8	[INFO: App       ] Not reachable yet
00:56.370	ID:3	[INFO: App       ] Not reachable yet
00:58.002	ID:10	[INFO: App       ] Not reachable yet
00:58.477	ID:14	[INFO: App       ] Not reachable yet
00:58.518	ID:5	[INFO: App       ] Not reachable yet
00:59.906	ID:12	[INFO: App       ] Not reachable yet
01:00.279	ID:16	[WARN: IPv6      ] BLACKHOLE: forward check hit
01:00.279	ID:16	[WARN: IPv6      ] BLACKHOLE: dropping forwarded packet
01:01.110	ID:11	[INFO: App       ] Not reachable yet
01:01.233	ID:16	[WARN: IPv6      ] BLACKHOLE: forward check hit
01:01.233	ID:16	[WARN: IPv6      ] BLACKHOLE: dropping forwarded packet
01:01.842	ID:16	[WARN: IPv6      ] BLACKHOLE: forward check hit
01:01.842	ID:16	[WARN: IPv6      ] BLACKHOLE: dropping forwarded packet
01:02.827	ID:16	[WARN: IPv6      ] BLACKHOLE: forward check hit
01:02.827	ID:16	[WARN: IPv6      ] BLACKHOLE: dropping forwarded packet
01:03.775	ID:4	[INFO: App       ] Not reachable yet
01:03.840	ID:7	[INFO: App       ] Not reachable yet
01:04.010	ID:9	[INFO: App       ] Not reachable yet
01:04.018	ID:2	[INFO: App       ] Not reachable yet
01:04.083	ID:16	[WARN: IPv6      ] BLACKHOLE: forward check hit
01:04.083	ID:16	[WARN: IPv6      ] BLACKHOLE: dropping forwarded packet
01:04.130	ID:16	[WARN: IPv6      ] BLACKHOLE: forward check hit
01:04.130	ID:16	[WARN: IPv6      ] BLACKHOLE: dropping forwarded packet
01:04.139	ID:15	[INFO: App       ] Not reachable yet
01:04.238	ID:6	[INFO: App       ] Not reachable yet
01:04.905	ID:13	[INFO: App       ] Not reachable yet
01:05.645	ID:3	[INFO: App       ] Not reachable yet
01:06.860	ID:16	[WARN: IPv6      ] BLACKHOLE: forward check hit
01:06.860	ID:16	[WARN: IPv6      ] BLACKHOLE: dropping forwarded packet
01:07.042	ID:8	[INFO: App       ] Not reachable yet
01:07.607	ID:16	[WARN: IPv6      ] BLACKHOLE: forward check hit
01:07.607	ID:16	[WARN: IPv6      ] BLACKHOLE: dropping forwarded packet
01:07.682	ID:16	[WARN: IPv6      ] BLACKHOLE: forward check hit
01:07.682	ID:16	[WARN: IPv6      ] BLACKHOLE: dropping forwarded packet
01:07.997	ID:10	[INFO: App       ] Not reachable yet
01:08.236	ID:14	[INFO: App       ] Not reachable yet
01:08.483	ID:5	[INFO: App       ] Not reachable yet
01:09.398	ID:16	[WARN: IPv6      ] BLACKHOLE: forward check hit
01:09.398	ID:16	[WARN: IPv6      ] BLACKHOLE: dropping forwarded packet
01:10.049	ID:12	[INFO: App       ] Not reachable yet
01:10.518	ID:16	[WARN: IPv6      ] BLACKHOLE: forward check hit
01:10.518	ID:16	[WARN: IPv6      ] BLACKHOLE: dropping forwarded packet
01:11.447	ID:16	[WARN: IPv6      ] BLACKHOLE: forward check hit
01:11.447	ID:16	[WARN: IPv6      ] BLACKHOLE: dropping forwarded packet
01:11.549	ID:11	[INFO: App       ] Not reachable yet
01:12.117	ID:16	[WARN: IPv6      ] BLACKHOLE: forward check hit
01:12.117	ID:16	[WARN: IPv6      ] BLACKHOLE: dropping forwarded packet
01:13.115	ID:4	[INFO: App       ] Not reachable yet
01:13.970	ID:13	[INFO: App       ] Not reachable yet
01:14.128	ID:2	[INFO: App       ] Not reachable yet
01:14.175	ID:7	[INFO: App       ] Not reachable yet
01:14.224	ID:16	[WARN: IPv6      ] BLACKHOLE: forward check hit
01:14.224	ID:16	[WARN: IPv6      ] BLACKHOLE: dropping forwarded packet
01:14.317	ID:15	[INFO: App       ] Not reachable yet
01:14.363	ID:16	[WARN: IPv6      ] BLACKHOLE: forward check hit
01:14.363	ID:16	[WARN: IPv6      ] BLACKHOLE: dropping forwarded packet
01:14.573	ID:6	[INFO: App       ] Not reachable yet
01:14.956	ID:9	[INFO: App       ] Not reachable yet
01:15.084	ID:16	[WARN: IPv6      ] BLACKHOLE: forward check hit
01:15.084	ID:16	[WARN: IPv6      ] BLACKHOLE: dropping forwarded packet
01:15.126	ID:3	[INFO: App       ] Not reachable yet
01:16.304	ID:8	[INFO: App       ] Not reachable yet
01:17.144	ID:16	[WARN: IPv6      ] BLACKHOLE: forward check hit
01:17.144	ID:16	[WARN: IPv6      ] BLACKHOLE: dropping forwarded packet
01:17.526	ID:10	[INFO: App       ] Not reachable yet
01:17.717	ID:5	[INFO: App       ] Not reachable yet
01:18.125	ID:14	[INFO: App       ] Not reachable yet
01:19.256	ID:12	[INFO: App       ] Not reachable yet
01:20.818	ID:16	[WARN: IPv6      ] BLACKHOLE: forward check hit
01:20.818	ID:16	[WARN: IPv6      ] BLACKHOLE: dropping forwarded packet
01:21.105	ID:11	[INFO: App       ] Not reachable yet
01:23.393	ID:4	[INFO: App       ] Not reachable yet
01:23.663	ID:16	[WARN: IPv6      ] BLACKHOLE: forward check hit
01:23.663	ID:16	[WARN: IPv6      ] BLACKHOLE: dropping forwarded packet
01:24.137	ID:6	[INFO: App       ] Not reachable yet
01:24.311	ID:2	[INFO: App       ] Not reachable yet
01:24.388	ID:7	[INFO: App       ] Not reachable yet
01:24.429	ID:3	[INFO: App       ] Not reachable yet
01:24.785	ID:9	[INFO: App       ] Not reachable yet
01:24.793	ID:13	[INFO: App       ] Not reachable yet
01:24.945	ID:15	[INFO: App       ] Not reachable yet
01:26.927	ID:5	[INFO: App       ] Not reachable yet
01:26.940	ID:8	[INFO: App       ] Not reachable yet
01:27.423	ID:14	[INFO: App       ] Not reachable yet
01:28.425	ID:10	[INFO: App       ] Not reachable yet
01:28.551	ID:12	[INFO: App       ] Not reachable yet
01:28.823	ID:16	[WARN: IPv6      ] BLACKHOLE: forward check hit
01:28.823	ID:16	[WARN: IPv6      ] BLACKHOLE: dropping forwarded packet
01:30.480	ID:16	[WARN: BLACKHOLE ] BLACKHOLE ATTACK: enabled
01:31.451	ID:11	[INFO: App       ] Not reachable yet
01:32.642	ID:16	[WARN: IPv6      ] BLACKHOLE: forward check hit
01:32.642	ID:16	[WARN: IPv6      ] BLACKHOLE: dropping forwarded packet
01:33.236	ID:4	[INFO: App       ] Not reachable yet
01:33.438	ID:6	[INFO: App       ] Not reachable yet
01:33.486	ID:16	[WARN: IPv6      ] BLACKHOLE: forward check hit
01:33.486	ID:16	[WARN: IPv6      ] BLACKHOLE: dropping forwarded packet
01:33.734	ID:3	[INFO: App       ] Not reachable yet
01:34.154	ID:7	[INFO: App       ] Not reachable yet
01:34.264	ID:13	[INFO: App       ] Not reachable yet
01:35.079	ID:15	[INFO: App       ] Not reachable yet
01:35.088	ID:16	[WARN: IPv6      ] BLACKHOLE: forward check hit
01:35.088	ID:16	[WARN: IPv6      ] BLACKHOLE: dropping forwarded packet
01:35.157	ID:2	[INFO: App       ] Not reachable yet
01:35.551	ID:9	[INFO: App       ] Not reachable yet
01:35.655	ID:16	[WARN: IPv6      ] BLACKHOLE: forward check hit
01:35.655	ID:16	[WARN: IPv6      ] BLACKHOLE: dropping forwarded packet
01:36.151	ID:8	[INFO: App       ] Not reachable yet
01:36.393	ID:5	[INFO: App       ] Not reachable yet
01:38.195	ID:14	[INFO: App       ] Not reachable yet
01:38.243	ID:10	[INFO: App       ] Not reachable yet
01:38.861	ID:16	[WARN: IPv6      ] BLACKHOLE: forward check hit
01:38.861	ID:16	[WARN: IPv6      ] BLACKHOLE: dropping forwarded packet
01:39.328	ID:12	[INFO: App       ] Not reachable yet
01:39.490	ID:16	[WARN: IPv6      ] BLACKHOLE: forward check hit
01:39.490	ID:16	[WARN: IPv6      ] BLACKHOLE: dropping forwarded packet
01:40.106	ID:16	[WARN: IPv6      ] BLACKHOLE: forward check hit
01:40.106	ID:16	[WARN: IPv6      ] BLACKHOLE: dropping forwarded packet
01:40.746	ID:11	[INFO: App       ] Not reachable yet
01:42.163	ID:16	[WARN: IPv6      ] BLACKHOLE: forward check hit
01:42.163	ID:16	[WARN: IPv6      ] BLACKHOLE: dropping forwarded packet
01:42.921	ID:4	[INFO: App       ] Not reachable yet
01:43.097	ID:16	[WARN: IPv6      ] BLACKHOLE: forward check hit
01:43.097	ID:16	[WARN: IPv6      ] BLACKHOLE: dropping forwarded packet
01:43.440	ID:6	[INFO: App       ] Not reachable yet
01:43.580	ID:7	[INFO: App       ] Not reachable yet
01:44.452	ID:16	[WARN: IPv6      ] BLACKHOLE: forward check hit
01:44.452	ID:16	[WARN: IPv6      ] BLACKHOLE: dropping forwarded packet
01:44.576	ID:16	[WARN: IPv6      ] BLACKHOLE: forward check hit
01:44.576	ID:16	[WARN: IPv6      ] BLACKHOLE: dropping forwarded packet
01:44.673	ID:15	[INFO: App       ] Not reachable yet
01:44.730	ID:3	[INFO: App       ] Not reachable yet
01:44.806	ID:9	[INFO: App       ] Not reachable yet
01:45.199	ID:8	[INFO: App       ] Not reachable yet
01:45.228	ID:13	[INFO: App       ] Not reachable yet
01:46.088	ID:2	[INFO: App       ] Not reachable yet
01:46.304	ID:5	[INFO: App       ] Not reachable yet
01:46.553	ID:16	[WARN: IPv6      ] BLACKHOLE: forward check hit
01:46.553	ID:16	[WARN: IPv6      ] BLACKHOLE: dropping forwarded packet
01:48.580	ID:10	[INFO: App       ] Not reachable yet
01:48.596	ID:14	[INFO: App       ] Not reachable yet
01:48.612	ID:16	[WARN: IPv6      ] BLACKHOLE: forward check hit
01:48.612	ID:16	[WARN: IPv6      ] BLACKHOLE: dropping forwarded packet
01:49.916	ID:12	[INFO: App       ] Not reachable yet
01:49.968	ID:16	[WARN: IPv6      ] BLACKHOLE: forward check hit
01:49.968	ID:16	[WARN: IPv6      ] BLACKHOLE: dropping forwarded packet
01:50.095	ID:16	[WARN: IPv6      ] BLACKHOLE: forward check hit
01:50.095	ID:16	[WARN: IPv6      ] BLACKHOLE: dropping forwarded packet
01:50.674	ID:11	[INFO: App       ] Not reachable yet
01:51.868	ID:16	[WARN: IPv6      ] BLACKHOLE: forward check hit
01:51.868	ID:16	[WARN: IPv6      ] BLACKHOLE: dropping forwarded packet
01:52.793	ID:16	[WARN: IPv6      ] BLACKHOLE: forward check hit
01:52.793	ID:16	[WARN: IPv6      ] BLACKHOLE: dropping forwarded packet
01:53.435	ID:4	[INFO: App       ] Not reachable yet
01:53.478	ID:16	[WARN: IPv6      ] BLACKHOLE: forward check hit
01:53.478	ID:16	[WARN: IPv6      ] BLACKHOLE: dropping forwarded packet
01:53.527	ID:7	[INFO: App       ] Not reachable yet
01:53.606	ID:6	[INFO: App       ] Not reachable yet
01:54.211	ID:16	[WARN: IPv6      ] BLACKHOLE: forward check hit
01:54.211	ID:16	[WARN: IPv6      ] BLACKHOLE: dropping forwarded packet
01:54.212	ID:9	[INFO: App       ] Not reachable yet
01:54.275	ID:13	[INFO: App       ] Not reachable yet
01:54.973	ID:16	[WARN: IPv6      ] BLACKHOLE: forward check hit
01:54.973	ID:16	[WARN: IPv6      ] BLACKHOLE: dropping forwarded packet
01:54.989	ID:3	[INFO: App       ] Not reachable yet
01:55.046	ID:15	[INFO: App       ] Not reachable yet
01:55.252	ID:2	[INFO: App       ] Not reachable yet
01:55.627	ID:8	[INFO: App       ] Not reachable yet
01:55.918	ID:5	[INFO: App       ] Not reachable yet
01:59.075	ID:14	[INFO: App       ] Not reachable yet
01:59.277	ID:10	[INFO: App       ] Not reachable yet
01:59.716	ID:12	[INFO: App       ] Not reachable yet
02:00.754	ID:11	[INFO: App       ] Not reachable yet
02:01.238	ID:16	[WARN: IPv6      ] BLACKHOLE: forward check hit
02:01.238	ID:16	[WARN: IPv6      ] BLACKHOLE: dropping forwarded packet
02:02.914	ID:4	[INFO: App       ] Not reachable yet
02:02.973	ID:16	[WARN: IPv6      ] BLACKHOLE: forward check hit
02:02.973	ID:16	[WARN: IPv6      ] BLACKHOLE: dropping forwarded packet
02:03.069	ID:7	[INFO: App       ] Not reachable yet
02:03.921	ID:16	[WARN: IPv6      ] BLACKHOLE: forward check hit
02:03.921	ID:16	[WARN: IPv6      ] BLACKHOLE: dropping forwarded packet
02:04.016	ID:16	[WARN: IPv6      ] BLACKHOLE: forward check hit
02:04.016	ID:16	[WARN: IPv6      ] BLACKHOLE: dropping forwarded packet
02:04.588	ID:6	[INFO: App       ] Not reachable yet
02:04.620	ID:15	[INFO: App       ] Not reachable yet
02:04.690	ID:13	[INFO: App       ] Not reachable yet
02:05.011	ID:2	[INFO: App       ] Not reachable yet
02:05.035	ID:9	[INFO: App       ] Not reachable yet
02:05.849	ID:3	[INFO: App       ] Not reachable yet
02:06.080	ID:16	[WARN: IPv6      ] BLACKHOLE: forward check hit
02:06.080	ID:16	[WARN: IPv6      ] BLACKHOLE: dropping forwarded packet
02:06.150	ID:5	[INFO: App       ] Not reachable yet
02:06.191	ID:8	[INFO: App       ] Not reachable yet
02:06.998	ID:16	[WARN: IPv6      ] BLACKHOLE: forward check hit
02:06.998	ID:16	[WARN: IPv6      ] BLACKHOLE: dropping forwarded packet
02:08.333	ID:16	[WARN: IPv6      ] BLACKHOLE: forward check hit
02:08.333	ID:16	[WARN: IPv6      ] BLACKHOLE: dropping forwarded packet
02:08.536	ID:14	[INFO: App       ] Not reachable yet
02:08.971	ID:10	[INFO: App       ] Not reachable yet
02:09.598	ID:12	[INFO: App       ] Not reachable yet
02:09.812	ID:16	[WARN: IPv6      ] BLACKHOLE: forward check hit
02:09.812	ID:16	[WARN: IPv6      ] BLACKHOLE: dropping forwarded packet
02:10.421	ID:11	[INFO: App       ] Not reachable yet
02:12.526	ID:16	[WARN: IPv6      ] BLACKHOLE: forward check hit
02:12.526	ID:16	[WARN: IPv6      ] BLACKHOLE: dropping forwarded packet
02:12.912	ID:16	[WARN: IPv6      ] BLACKHOLE: forward check hit
02:12.912	ID:16	[WARN: IPv6      ] BLACKHOLE: dropping forwarded packet
02:12.969	ID:16	[WARN: IPv6      ] BLACKHOLE: forward check hit
02:12.969	ID:16	[WARN: IPv6      ] BLACKHOLE: dropping forwarded packet
02:13.349	ID:4	[INFO: App       ] Not reachable yet
02:13.506	ID:7	[INFO: App       ] Not reachable yet
02:13.643	ID:16	[WARN: IPv6      ] BLACKHOLE: forward check hit
02:13.643	ID:16	[WARN: IPv6      ] BLACKHOLE: dropping forwarded packet
02:14.788	ID:15	[INFO: App       ] Not reachable yet
02:15.051	ID:2	[INFO: App       ] Not reachable yet
02:15.061	ID:3	[INFO: App       ] Not reachable yet
02:15.348	ID:9	[INFO: App       ] Not reachable yet
02:15.467	ID:5	[INFO: App       ] Not reachable yet
02:15.481	ID:16	[WARN: IPv6      ] BLACKHOLE: forward check hit
02:15.481	ID:16	[WARN: IPv6      ] BLACKHOLE: dropping forwarded packet
02:15.483	ID:6	[INFO: App       ] Not reachable yet
02:15.580	ID:13	[INFO: App       ] Not reachable yet
02:15.731	ID:16	[WARN: IPv6      ] BLACKHOLE: forward check hit
02:15.731	ID:16	[WARN: IPv6      ] BLACKHOLE: dropping forwarded packet
02:17.168	ID:8	[INFO: App       ] Not reachable yet
02:17.817	ID:14	[INFO: App       ] Not reachable yet
02:18.884	ID:16	[WARN: IPv6      ] BLACKHOLE: forward check hit
02:18.884	ID:16	[WARN: IPv6      ] BLACKHOLE: dropping forwarded packet
02:19.245	ID:12	[INFO: App       ] Not reachable yet
02:19.392	ID:10	[INFO: App       ] Not reachable yet
02:19.913	ID:16	[WARN: IPv6      ] BLACKHOLE: forward check hit
02:19.913	ID:16	[WARN: IPv6      ] BLACKHOLE: dropping forwarded packet
02:21.109	ID:11	[INFO: App       ] Not reachable yet
02:21.411	ID:16	[WARN: IPv6      ] BLACKHOLE: forward check hit
02:21.411	ID:16	[WARN: IPv6      ] BLACKHOLE: dropping forwarded packet
02:22.591	ID:16	[WARN: IPv6      ] BLACKHOLE: forward check hit
02:22.591	ID:16	[WARN: IPv6      ] BLACKHOLE: dropping forwarded packet
02:24.037	ID:7	[INFO: App       ] Not reachable yet
02:24.142	ID:4	[INFO: App       ] Not reachable yet
02:24.588	ID:13	[INFO: App       ] Not reachable yet
02:24.730	ID:2	[INFO: App       ] Not reachable yet
02:24.783	ID:15	[INFO: App       ] Not reachable yet
02:25.236	ID:16	[WARN: IPv6      ] BLACKHOLE: forward check hit
02:25.236	ID:16	[WARN: IPv6      ] BLACKHOLE: dropping forwarded packet
02:25.554	ID:9	[INFO: App       ] Not reachable yet
02:25.978	ID:3	[INFO: App       ] Not reachable yet
02:26.166	ID:6	[INFO: App       ] Not reachable yet
02:26.293	ID:5	[INFO: App       ] Not reachable yet
02:27.071	ID:8	[INFO: App       ] Not reachable yet
02:27.360	ID:14	[INFO: App       ] Not reachable yet
02:27.624	ID:16	[WARN: IPv6      ] BLACKHOLE: forward check hit
02:27.624	ID:16	[WARN: IPv6      ] BLACKHOLE: dropping forwarded packet
02:28.840	ID:10	[INFO: App       ] Not reachable yet
02:28.943	ID:16	[WARN: IPv6      ] BLACKHOLE: forward check hit
02:28.943	ID:16	[WARN: IPv6      ] BLACKHOLE: dropping forwarded packet
02:29.244	ID:12	[INFO: App       ] Not reachable yet
02:30.559	ID:16	[WARN: IPv6      ] BLACKHOLE: forward check hit
02:30.559	ID:16	[WARN: IPv6      ] BLACKHOLE: dropping forwarded packet
02:30.826	ID:16	[WARN: IPv6      ] BLACKHOLE: forward check hit
02:30.826	ID:16	[WARN: IPv6      ] BLACKHOLE: dropping forwarded packet
02:31.827	ID:11	[INFO: App       ] Not reachable yet
02:32.275	ID:16	[WARN: IPv6      ] BLACKHOLE: forward check hit
02:32.275	ID:16	[WARN: IPv6      ] BLACKHOLE: dropping forwarded packet
02:33.782	ID:7	[INFO: App       ] Not reachable yet
02:33.971	ID:16	[WARN: IPv6      ] BLACKHOLE: forward check hit
02:33.971	ID:16	[WARN: IPv6      ] BLACKHOLE: dropping forwarded packet
02:34.221	ID:13	[INFO: App       ] Not reachable yet
02:34.329	ID:4	[INFO: App       ] Not reachable yet
02:34.602	ID:16	[WARN: IPv6      ] BLACKHOLE: forward check hit
02:34.602	ID:16	[WARN: IPv6      ] BLACKHOLE: dropping forwarded packet
02:34.818	ID:2	[INFO: App       ] Not reachable yet
02:34.846	ID:16	[WARN: IPv6      ] BLACKHOLE: forward check hit
02:34.846	ID:16	[WARN: IPv6      ] BLACKHOLE: dropping forwarded packet
02:35.263	ID:15	[INFO: App       ] Not reachable yet
02:35.445	ID:3	[INFO: App       ] Not reachable yet
02:35.635	ID:9	[INFO: App       ] Not reachable yet
02:36.371	ID:8	[INFO: App       ] Not reachable yet
02:36.409	ID:6	[INFO: App       ] Not reachable yet
02:36.780	ID:5	[INFO: App       ] Not reachable yet
02:37.491	ID:14	[INFO: App       ] Not reachable yet
02:37.494	ID:16	[WARN: IPv6      ] BLACKHOLE: forward check hit
02:37.494	ID:16	[WARN: IPv6      ] BLACKHOLE: dropping forwarded packet
02:38.342	ID:10	[INFO: App       ] Not reachable yet
02:38.585	ID:12	[INFO: App       ] Not reachable yet
02:38.797	ID:16	[WARN: IPv6      ] BLACKHOLE: forward check hit
02:38.797	ID:16	[WARN: IPv6      ] BLACKHOLE: dropping forwarded packet
02:39.338	ID:16	[WARN: IPv6      ] BLACKHOLE: forward check hit
02:39.338	ID:16	[WARN: IPv6      ] BLACKHOLE: dropping forwarded packet
02:40.840	ID:16	[WARN: IPv6      ] BLACKHOLE: forward check hit
02:40.840	ID:16	[WARN: IPv6      ] BLACKHOLE: dropping forwarded packet
02:40.984	ID:16	[WARN: IPv6      ] BLACKHOLE: forward check hit
02:40.984	ID:16	[WARN: IPv6      ] BLACKHOLE: dropping forwarded packet
02:42.403	ID:11	[INFO: App       ] Not reachable yet
02:43.052	ID:16	[WARN: IPv6      ] BLACKHOLE: forward check hit
02:43.052	ID:16	[WARN: IPv6      ] BLACKHOLE: dropping forwarded packet
02:43.819	ID:7	[INFO: App       ] Not reachable yet
02:44.246	ID:4	[INFO: App       ] Not reachable yet
02:44.386	ID:13	[INFO: App       ] Not reachable yet
02:44.555	ID:2	[INFO: App       ] Not reachable yet
02:45.939	ID:16	[WARN: IPv6      ] BLACKHOLE: forward check hit
02:45.939	ID:16	[WARN: IPv6      ] BLACKHOLE: dropping forwarded packet
02:46.069	ID:3	[INFO: App       ] Not reachable yet
02:46.207	ID:15	[INFO: App       ] Not reachable yet
02:46.334	ID:6	[INFO: App       ] Not reachable yet
02:46.415	ID:9	[INFO: App       ] Not reachable yet
02:47.176	ID:8	[INFO: App       ] Not reachable yet
02:47.217	ID:5	[INFO: App       ] Not reachable yet
02:47.634	ID:12	[INFO: App       ] Not reachable yet
02:47.968	ID:14	[INFO: App       ] Not reachable yet
02:48.140	ID:16	[WARN: IPv6      ] BLACKHOLE: forward check hit
02:48.140	ID:16	[WARN: IPv6      ] BLACKHOLE: dropping forwarded packet
02:48.546	ID:10	[INFO: App       ] Not reachable yet
02:50.485	ID:16	[WARN: IPv6      ] BLACKHOLE: forward check hit
02:50.485	ID:16	[WARN: IPv6      ] BLACKHOLE: dropping forwarded packet
02:51.039	ID:16	[WARN: IPv6      ] BLACKHOLE: forward check hit
02:51.039	ID:16	[WARN: IPv6      ] BLACKHOLE: dropping forwarded packet
02:51.354	ID:16	[WARN: IPv6      ] BLACKHOLE: forward check hit
02:51.354	ID:16	[WARN: IPv6      ] BLACKHOLE: dropping forwarded packet
02:52.564	ID:11	[INFO: App       ] Not reachable yet
02:53.815	ID:4	[INFO: App       ] Not reachable yet
02:54.048	ID:2	[INFO: App       ] Not reachable yet
02:54.075	ID:13	[INFO: App       ] Not reachable yet
02:54.689	ID:7	[INFO: App       ] Not reachable yet
02:54.910	ID:16	[WARN: IPv6      ] BLACKHOLE: forward check hit
02:54.910	ID:16	[WARN: IPv6      ] BLACKHOLE: dropping forwarded packet
02:55.821	ID:16	[WARN: IPv6      ] BLACKHOLE: forward check hit
02:55.821	ID:16	[WARN: IPv6      ] BLACKHOLE: dropping forwarded packet
02:56.037	ID:3	[INFO: App       ] Not reachable yet
02:56.218	ID:8	[INFO: App       ] Not reachable yet
02:56.350	ID:6	[INFO: App       ] Not reachable yet
02:56.516	ID:9	[INFO: App       ] Not reachable yet
02:56.768	ID:5	[INFO: App       ] Not reachable yet
02:56.815	ID:12	[INFO: App       ] Not reachable yet
02:57.021	ID:15	[INFO: App       ] Not reachable yet
02:58.185	ID:14	[INFO: App       ] Not reachable yet
02:58.405	ID:16	[WARN: IPv6      ] BLACKHOLE: forward check hit
02:58.405	ID:16	[WARN: IPv6      ] BLACKHOLE: dropping forwarded packet
02:59.213	ID:10	[INFO: App       ] Not reachable yet
03:00.468	ID:16	[WARN: IPv6      ] BLACKHOLE: forward check hit
03:00.468	ID:16	[WARN: IPv6      ] BLACKHOLE: dropping forwarded packet
03:02.407	ID:11	[INFO: App       ] Not reachable yet
03:03.092	ID:16	[WARN: IPv6      ] BLACKHOLE: forward check hit
03:03.092	ID:16	[WARN: IPv6      ] BLACKHOLE: dropping forwarded packet
03:03.093	ID:4	[INFO: App       ] Not reachable yet
03:03.895	ID:16	[WARN: IPv6      ] BLACKHOLE: forward check hit
03:03.895	ID:16	[WARN: IPv6      ] BLACKHOLE: dropping forwarded packet
03:04.015	ID:13	[INFO: App       ] Not reachable yet
03:04.461	ID:2	[INFO: App       ] Not reachable yet
03:04.781	ID:7	[INFO: App       ] Not reachable yet
03:05.666	ID:3	[INFO: App       ] Not reachable yet
03:05.831	ID:9	[INFO: App       ] Not reachable yet
03:06.329	ID:15	[INFO: App       ] Not reachable yet
03:06.366	ID:6	[INFO: App       ] Not reachable yet
03:06.567	ID:5	[INFO: App       ] Not reachable yet
03:06.784	ID:8	[INFO: App       ] Not reachable yet
03:07.307	ID:12	[INFO: App       ] Not reachable yet
03:07.330	ID:16	[WARN: IPv6      ] BLACKHOLE: forward check hit
03:07.330	ID:16	[WARN: IPv6      ] BLACKHOLE: dropping forwarded packet
03:08.109	ID:16	[WARN: IPv6      ] BLACKHOLE: forward check hit
03:08.109	ID:16	[WARN: IPv6      ] BLACKHOLE: dropping forwarded packet
03:08.254	ID:10	[INFO: App       ] Not reachable yet
03:08.741	ID:14	[INFO: App       ] Not reachable yet
03:10.875	ID:16	[WARN: IPv6      ] BLACKHOLE: forward check hit
03:10.875	ID:16	[WARN: IPv6      ] BLACKHOLE: dropping forwarded packet
03:12.602	ID:16	[WARN: IPv6      ] BLACKHOLE: forward check hit
03:12.602	ID:16	[WARN: IPv6      ] BLACKHOLE: dropping forwarded packet
03:13.050	ID:13	[INFO: App       ] Not reachable yet
03:13.274	ID:11	[INFO: App       ] Not reachable yet
03:13.298	ID:4	[INFO: App       ] Not reachable yet
03:13.431	ID:16	[WARN: IPv6      ] BLACKHOLE: forward check hit
03:13.431	ID:16	[WARN: IPv6      ] BLACKHOLE: dropping forwarded packet
03:13.991	ID:16	[WARN: IPv6      ] BLACKHOLE: forward check hit
03:13.991	ID:16	[WARN: IPv6      ] BLACKHOLE: dropping forwarded packet
03:14.805	ID:16	[WARN: IPv6      ] BLACKHOLE: forward check hit
03:14.805	ID:16	[WARN: IPv6      ] BLACKHOLE: dropping forwarded packet
03:14.897	ID:3	[INFO: App       ] Not reachable yet
03:15.303	ID:2	[INFO: App       ] Not reachable yet
03:15.588	ID:7	[INFO: App       ] Not reachable yet
03:15.947	ID:5	[INFO: App       ] Not reachable yet
03:16.084	ID:9	[INFO: App       ] Not reachable yet
03:16.312	ID:6	[INFO: App       ] Not reachable yet
03:16.491	ID:8	[INFO: App       ] Not reachable yet
03:17.137	ID:16	[WARN: IPv6      ] BLACKHOLE: forward check hit
03:17.137	ID:16	[WARN: IPv6      ] BLACKHOLE: dropping forwarded packet
03:17.203	ID:15	[INFO: App       ] Not reachable yet
03:17.378	ID:10	[INFO: App       ] Not reachable yet
03:17.495	ID:12	[INFO: App       ] Not reachable yet
03:17.858	ID:14	[INFO: App       ] Not reachable yet
03:19.389	ID:16	[WARN: IPv6      ] BLACKHOLE: forward check hit
03:19.389	ID:16	[WARN: IPv6      ] BLACKHOLE: dropping forwarded packet
03:19.885	ID:16	[WARN: IPv6      ] BLACKHOLE: forward check hit
03:19.885	ID:16	[WARN: IPv6      ] BLACKHOLE: dropping forwarded packet
03:20.566	ID:16	[WARN: IPv6      ] BLACKHOLE: forward check hit
03:20.566	ID:16	[WARN: IPv6      ] BLACKHOLE: dropping forwarded packet
03:22.602	ID:13	[INFO: App       ] Not reachable yet
03:23.233	ID:16	[WARN: IPv6      ] BLACKHOLE: forward check hit
03:23.233	ID:16	[WARN: IPv6      ] BLACKHOLE: dropping forwarded packet
03:23.600	ID:16	[WARN: IPv6      ] BLACKHOLE: forward check hit
03:23.600	ID:16	[WARN: IPv6      ] BLACKHOLE: dropping forwarded packet
03:23.941	ID:4	[INFO: App       ] Not reachable yet
03:24.121	ID:16	[WARN: IPv6      ] BLACKHOLE: forward check hit
03:24.121	ID:16	[WARN: IPv6      ] BLACKHOLE: dropping forwarded packet
03:24.169	ID:11	[INFO: App       ] Not reachable yet
03:24.518	ID:16	[WARN: IPv6      ] BLACKHOLE: forward check hit
03:24.518	ID:16	[WARN: IPv6      ] BLACKHOLE: dropping forwarded packet
03:25.319	ID:6	[INFO: App       ] Not reachable yet
03:25.674	ID:7	[INFO: App       ] Not reachable yet
03:25.684	ID:3	[INFO: App       ] Not reachable yet
03:25.772	ID:9	[INFO: App       ] Not reachable yet
03:25.869	ID:8	[INFO: App       ] Not reachable yet
03:26.142	ID:2	[INFO: App       ] Not reachable yet
03:26.199	ID:5	[INFO: App       ] Not reachable yet
03:26.669	ID:16	[WARN: IPv6      ] BLACKHOLE: forward check hit
03:26.669	ID:16	[WARN: IPv6      ] BLACKHOLE: dropping forwarded packet
03:26.758	ID:16	[WARN: IPv6      ] BLACKHOLE: forward check hit
03:26.758	ID:16	[WARN: IPv6      ] BLACKHOLE: dropping forwarded packet
03:26.929	ID:10	[INFO: App       ] Not reachable yet
03:27.437	ID:16	[WARN: IPv6      ] BLACKHOLE: forward check hit
03:27.437	ID:16	[WARN: IPv6      ] BLACKHOLE: dropping forwarded packet
03:27.519	ID:12	[INFO: App       ] Not reachable yet
03:27.908	ID:15	[INFO: App       ] Not reachable yet
03:28.543	ID:14	[INFO: App       ] Not reachable yet
03:29.162	ID:16	[WARN: IPv6      ] BLACKHOLE: forward check hit
03:29.162	ID:16	[WARN: IPv6      ] BLACKHOLE: dropping forwarded packet
03:31.294	ID:16	[WARN: IPv6      ] BLACKHOLE: forward check hit
03:31.294	ID:16	[WARN: IPv6      ] BLACKHOLE: dropping forwarded packet
03:32.361	ID:16	[WARN: IPv6      ] BLACKHOLE: forward check hit
03:32.361	ID:16	[WARN: IPv6      ] BLACKHOLE: dropping forwarded packet
03:33.244	ID:13	[INFO: App       ] Not reachable yet
03:33.645	ID:11	[INFO: App       ] Not reachable yet
03:34.686	ID:7	[INFO: App       ] Not reachable yet
03:34.934	ID:4	[INFO: App       ] Not reachable yet
03:35.266	ID:3	[INFO: App       ] Not reachable yet
03:35.398	ID:6	[INFO: App       ] Not reachable yet
03:35.453	ID:9	[INFO: App       ] Not reachable yet
03:35.714	ID:5	[INFO: App       ] Not reachable yet
03:35.906	ID:16	[WARN: IPv6      ] BLACKHOLE: forward check hit
03:35.906	ID:16	[WARN: IPv6      ] BLACKHOLE: dropping forwarded packet
03:35.952	ID:2	[INFO: App       ] Not reachable yet
03:35.972	ID:8	[INFO: App       ] Not reachable yet
03:36.129	ID:16	[WARN: IPv6      ] BLACKHOLE: forward check hit
03:36.129	ID:16	[WARN: IPv6      ] BLACKHOLE: dropping forwarded packet
03:36.919	ID:15	[INFO: App       ] Not reachable yet
03:37.015	ID:16	[WARN: IPv6      ] BLACKHOLE: forward check hit
03:37.015	ID:16	[WARN: IPv6      ] BLACKHOLE: dropping forwarded packet
03:37.290	ID:10	[INFO: App       ] Not reachable yet
03:37.666	ID:14	[INFO: App       ] Not reachable yet
03:38.213	ID:12	[INFO: App       ] Not reachable yet
03:39.961	ID:16	[WARN: IPv6      ] BLACKHOLE: forward check hit
03:39.961	ID:16	[WARN: IPv6      ] BLACKHOLE: dropping forwarded packet
03:41.618	ID:16	[WARN: IPv6      ] BLACKHOLE: forward check hit
03:41.618	ID:16	[WARN: IPv6      ] BLACKHOLE: dropping forwarded packet
03:41.838	ID:16	[WARN: IPv6      ] BLACKHOLE: forward check hit
03:41.838	ID:16	[WARN: IPv6      ] BLACKHOLE: dropping forwarded packet
03:42.806	ID:16	[WARN: IPv6      ] BLACKHOLE: forward check hit
03:42.806	ID:16	[WARN: IPv6      ] BLACKHOLE: dropping forwarded packet
03:42.944	ID:13	[INFO: App       ] Not reachable yet
03:43.875	ID:7	[INFO: App       ] Not reachable yet
03:44.260	ID:11	[INFO: App       ] Not reachable yet
03:44.867	ID:3	[INFO: App       ] Not reachable yet
03:45.054	ID:9	[INFO: App       ] Not reachable yet
03:45.376	ID:4	[INFO: App       ] Not reachable yet
03:45.529	ID:16	[WARN: IPv6      ] BLACKHOLE: forward check hit
03:45.529	ID:16	[WARN: IPv6      ] BLACKHOLE: dropping forwarded packet
03:45.541	ID:6	[INFO: App       ] Not reachable yet
03:45.897	ID:8	[INFO: App       ] Not reachable yet
03:46.096	ID:2	[INFO: App       ] Not reachable yet
03:46.320	ID:5	[INFO: App       ] Not reachable yet
03:46.665	ID:10	[INFO: App       ] Not reachable yet
03:46.880	ID:15	[INFO: App       ] Not reachable yet
03:46.913	ID:16	[WARN: IPv6      ] BLACKHOLE: forward check hit
03:46.913	ID:16	[WARN: IPv6      ] BLACKHOLE: dropping forwarded packet
03:48.043	ID:12	[INFO: App       ] Not reachable yet
03:48.134	ID:16	[WARN: IPv6      ] BLACKHOLE: forward check hit
03:48.134	ID:16	[WARN: IPv6      ] BLACKHOLE: dropping forwarded packet
03:48.280	ID:16	[WARN: IPv6      ] BLACKHOLE: forward check hit
03:48.280	ID:16	[WARN: IPv6      ] BLACKHOLE: dropping forwarded packet
03:48.310	ID:14	[INFO: App       ] Not reachable yet
03:49.041	ID:16	[WARN: IPv6      ] BLACKHOLE: forward check hit
03:49.041	ID:16	[WARN: IPv6      ] BLACKHOLE: dropping forwarded packet
03:50.982	ID:16	[WARN: IPv6      ] BLACKHOLE: forward check hit
03:50.982	ID:16	[WARN: IPv6      ] BLACKHOLE: dropping forwarded packet
03:51.974	ID:13	[INFO: App       ] Not reachable yet
03:52.206	ID:16	[WARN: IPv6      ] BLACKHOLE: forward check hit
03:52.206	ID:16	[WARN: IPv6      ] BLACKHOLE: dropping forwarded packet
03:53.335	ID:7	[INFO: App       ] Not reachable yet
03:53.384	ID:16	[WARN: IPv6      ] BLACKHOLE: forward check hit
03:53.384	ID:16	[WARN: IPv6      ] BLACKHOLE: dropping forwarded packet
03:53.796	ID:16	[WARN: IPv6      ] BLACKHOLE: forward check hit
03:53.796	ID:16	[WARN: IPv6      ] BLACKHOLE: dropping forwarded packet
03:54.990	ID:16	[WARN: IPv6      ] BLACKHOLE: forward check hit
03:54.990	ID:16	[WARN: IPv6      ] BLACKHOLE: dropping forwarded packet
03:55.179	ID:9	[INFO: App       ] Not reachable yet
03:55.194	ID:11	[INFO: App       ] Not reachable yet
03:55.522	ID:2	[INFO: App       ] Not reachable yet
03:55.685	ID:3	[INFO: App       ] Not reachable yet
03:56.105	ID:6	[INFO: App       ] Not reachable yet
03:56.138	ID:10	[INFO: App       ] Not reachable yet
03:56.207	ID:4	[INFO: App       ] Not reachable yet
03:56.306	ID:5	[INFO: App       ] Not reachable yet
03:56.716	ID:8	[INFO: App       ] Not reachable yet
03:56.867	ID:15	[INFO: App       ] Not reachable yet
03:57.677	ID:16	[WARN: IPv6      ] BLACKHOLE: forward check hit
03:57.677	ID:16	[WARN: IPv6      ] BLACKHOLE: dropping forwarded packet
03:57.996	ID:14	[INFO: App       ] Not reachable yet
03:58.406	ID:16	[WARN: IPv6      ] BLACKHOLE: forward check hit
03:58.406	ID:16	[WARN: IPv6      ] BLACKHOLE: dropping forwarded packet
03:58.432	ID:12	[INFO: App       ] Not reachable yet
04:00.406	ID:16	[WARN: IPv6      ] BLACKHOLE: forward check hit
04:00.406	ID:16	[WARN: IPv6      ] BLACKHOLE: dropping forwarded packet
04:00.594	ID:16	[WARN: IPv6      ] BLACKHOLE: forward check hit
04:00.594	ID:16	[WARN: IPv6      ] BLACKHOLE: dropping forwarded packet
04:02.268	ID:13	[INFO: App       ] Not reachable yet
04:03.017	ID:7	[INFO: App       ] Not reachable yet
04:03.660	ID:16	[WARN: IPv6      ] BLACKHOLE: forward check hit
04:03.660	ID:16	[WARN: IPv6      ] BLACKHOLE: dropping forwarded packet
04:05.241	ID:9	[INFO: App       ] Not reachable yet
04:05.319	ID:3	[INFO: App       ] Not reachable yet
04:05.349	ID:10	[INFO: App       ] Not reachable yet
04:05.427	ID:2	[INFO: App       ] Not reachable yet
04:05.593	ID:5	[INFO: App       ] Not reachable yet
04:05.748	ID:4	[INFO: App       ] Not reachable yet
04:06.159	ID:11	[INFO: App       ] Not reachable yet
04:06.678	ID:8	[INFO: App       ] Not reachable yet
04:06.708	ID:16	[WARN: IPv6      ] BLACKHOLE: forward check hit
04:06.708	ID:16	[WARN: IPv6      ] BLACKHOLE: dropping forwarded packet
04:06.718	ID:6	[INFO: App       ] Not reachable yet
04:07.092	ID:15	[INFO: App       ] Not reachable yet
04:07.746	ID:14	[INFO: App       ] Not reachable yet
04:07.962	ID:12	[INFO: App       ] Not reachable yet
04:09.058	ID:16	[WARN: IPv6      ] BLACKHOLE: forward check hit
04:09.058	ID:16	[WARN: IPv6      ] BLACKHOLE: dropping forwarded packet
04:12.591	ID:7	[INFO: App       ] Not reachable yet
04:12.755	ID:13	[INFO: App       ] Not reachable yet
04:14.427	ID:3	[INFO: App       ] Not reachable yet
04:14.673	ID:9	[INFO: App       ] Not reachable yet
04:14.796	ID:4	[INFO: App       ] Not reachable yet
04:14.925	ID:10	[INFO: App       ] Not reachable yet
04:15.154	ID:16	[WARN: IPv6      ] BLACKHOLE: forward check hit
04:15.154	ID:16	[WARN: IPv6      ] BLACKHOLE: dropping forwarded packet
04:15.502	ID:5	[INFO: App       ] Not reachable yet
04:15.840	ID:2	[INFO: App       ] Not reachable yet
04:16.552	ID:8	[INFO: App       ] Not reachable yet
04:16.763	ID:6	[INFO: App       ] Not reachable yet
04:16.781	ID:11	[INFO: App       ] Not reachable yet
04:17.636	ID:12	[INFO: App       ] Not reachable yet
04:18.025	ID:15	[INFO: App       ] Not reachable yet
04:18.212	ID:14	[INFO: App       ] Not reachable yet
04:21.102	ID:16	[WARN: IPv6      ] BLACKHOLE: forward check hit
04:21.102	ID:16	[WARN: IPv6      ] BLACKHOLE: dropping forwarded packet
04:21.636	ID:16	[WARN: IPv6      ] BLACKHOLE: forward check hit
04:21.636	ID:16	[WARN: IPv6      ] BLACKHOLE: dropping forwarded packet
04:21.761	ID:13	[INFO: App       ] Not reachable yet
04:22.246	ID:7	[INFO: App       ] Not reachable yet
04:22.652	ID:16	[WARN: IPv6      ] BLACKHOLE: forward check hit
04:22.652	ID:16	[WARN: IPv6      ] BLACKHOLE: dropping forwarded packet
04:22.703	ID:16	[WARN: IPv6      ] BLACKHOLE: forward check hit
04:22.703	ID:16	[WARN: IPv6      ] BLACKHOLE: dropping forwarded packet
04:24.084	ID:9	[INFO: App       ] Not reachable yet
04:24.709	ID:16	[WARN: IPv6      ] BLACKHOLE: forward check hit
04:24.709	ID:16	[WARN: IPv6      ] BLACKHOLE: dropping forwarded packet
04:24.749	ID:10	[INFO: App       ] Not reachable yet
04:25.033	ID:3	[INFO: App       ] Not reachable yet
04:25.457	ID:4	[INFO: App       ] Not reachable yet
04:25.653	ID:5	[INFO: App       ] Not reachable yet
04:26.300	ID:16	[WARN: IPv6      ] BLACKHOLE: forward check hit
04:26.300	ID:16	[WARN: IPv6      ] BLACKHOLE: dropping forwarded packet
04:26.407	ID:6	[INFO: App       ] Not reachable yet
04:26.541	ID:8	[INFO: App       ] Not reachable yet
04:26.664	ID:12	[INFO: App       ] Not reachable yet
04:26.742	ID:2	[INFO: App       ] Not reachable yet
04:27.103	ID:11	[INFO: App       ] Not reachable yet
04:28.418	ID:16	[WARN: IPv6      ] BLACKHOLE: forward check hit
04:28.418	ID:16	[WARN: IPv6      ] BLACKHOLE: dropping forwarded packet
04:28.644	ID:14	[INFO: App       ] Not reachable yet
04:28.743	ID:15	[INFO: App       ] Not reachable yet
04:29.588	ID:16	[WARN: IPv6      ] BLACKHOLE: forward check hit
04:29.588	ID:16	[WARN: IPv6      ] BLACKHOLE: dropping forwarded packet
04:31.716	ID:16	[WARN: IPv6      ] BLACKHOLE: forward check hit
04:31.716	ID:16	[WARN: IPv6      ] BLACKHOLE: dropping forwarded packet
04:32.245	ID:16	[WARN: IPv6      ] BLACKHOLE: forward check hit
04:32.245	ID:16	[WARN: IPv6      ] BLACKHOLE: dropping forwarded packet
04:32.720	ID:13	[INFO: App       ] Not reachable yet
04:32.968	ID:7	[INFO: App       ] Not reachable yet
04:33.246	ID:9	[INFO: App       ] Not reachable yet
04:34.983	ID:5	[INFO: App       ] Not reachable yet
04:35.242	ID:10	[INFO: App       ] Not reachable yet
04:35.518	ID:3	[INFO: App       ] Not reachable yet
04:35.574	ID:4	[INFO: App       ] Not reachable yet
04:35.631	ID:16	[WARN: IPv6      ] BLACKHOLE: forward check hit
04:35.631	ID:16	[WARN: IPv6      ] BLACKHOLE: dropping forwarded packet
04:35.762	ID:16	[WARN: IPv6      ] BLACKHOLE: forward check hit
04:35.762	ID:16	[WARN: IPv6      ] BLACKHOLE: dropping forwarded packet
04:35.910	ID:16	[WARN: IPv6      ] BLACKHOLE: forward check hit
04:35.910	ID:16	[WARN: IPv6      ] BLACKHOLE: dropping forwarded packet
04:36.307	ID:12	[INFO: App       ] Not reachable yet
04:36.482	ID:8	[INFO: App       ] Not reachable yet
04:36.540	ID:6	[INFO: App       ] Not reachable yet
04:37.130	ID:11	[INFO: App       ] Not reachable yet
04:37.370	ID:2	[INFO: App       ] Not reachable yet
04:38.860	ID:15	[INFO: App       ] Not reachable yet
04:39.469	ID:14	[INFO: App       ] Not reachable yet
04:41.982	ID:16	[WARN: IPv6      ] BLACKHOLE: forward check hit
04:41.982	ID:16	[WARN: IPv6      ] BLACKHOLE: dropping forwarded packet
04:42.347	ID:7	[INFO: App       ] Not reachable yet
04:42.472	ID:16	[WARN: IPv6      ] BLACKHOLE: forward check hit
04:42.472	ID:16	[WARN: IPv6      ] BLACKHOLE: dropping forwarded packet
04:42.537	ID:16	[WARN: IPv6      ] BLACKHOLE: forward check hit
04:42.537	ID:16	[WARN: IPv6      ] BLACKHOLE: dropping forwarded packet
04:43.171	ID:13	[INFO: App       ] Not reachable yet
04:43.737	ID:9	[INFO: App       ] Not reachable yet
04:44.217	ID:5	[INFO: App       ] Not reachable yet
04:44.582	ID:3	[INFO: App       ] Not reachable yet
04:45.575	ID:10	[INFO: App       ] Not reachable yet
04:46.328	ID:4	[INFO: App       ] Not reachable yet
04:46.380	ID:8	[INFO: App       ] Not reachable yet
04:46.449	ID:12	[INFO: App       ] Not reachable yet
04:46.658	ID:11	[INFO: App       ] Not reachable yet
04:46.661	ID:16	[WARN: IPv6      ] BLACKHOLE: forward check hit
04:46.661	ID:16	[WARN: IPv6      ] BLACKHOLE: dropping forwarded packet
04:47.500	ID:6	[INFO: App       ] Not reachable yet
04:48.221	ID:2	[INFO: App       ] Not reachable yet
04:48.549	ID:15	[INFO: App       ] Not reachable yet
04:48.734	ID:14	[INFO: App       ] Not reachable yet
04:49.339	ID:16	[WARN: IPv6      ] BLACKHOLE: forward check hit
04:49.339	ID:16	[WARN: IPv6      ] BLACKHOLE: dropping forwarded packet
04:51.970	ID:7	[INFO: App       ] Not reachable yet
04:52.989	ID:9	[INFO: App       ] Not reachable yet
04:53.640	ID:3	[INFO: App       ] Not reachable yet
04:53.734	ID:5	[INFO: App       ] Not reachable yet
04:54.098	ID:13	[INFO: App       ] Not reachable yet
04:55.136	ID:16	[WARN: IPv6      ] BLACKHOLE: forward check hit
04:55.136	ID:16	[WARN: IPv6      ] BLACKHOLE: dropping forwarded packet
04:55.337	ID:16	[WARN: IPv6      ] BLACKHOLE: forward check hit
04:55.337	ID:16	[WARN: IPv6      ] BLACKHOLE: dropping forwarded packet
04:55.782	ID:12	[INFO: App       ] Not reachable yet
04:56.106	ID:10	[INFO: App       ] Not reachable yet
04:56.563	ID:8	[INFO: App       ] Not reachable yet
04:56.634	ID:11	[INFO: App       ] Not reachable yet
04:56.819	ID:16	[WARN: IPv6      ] BLACKHOLE: forward check hit
04:56.819	ID:16	[WARN: IPv6      ] BLACKHOLE: dropping forwarded packet
04:56.919	ID:4	[INFO: App       ] Not reachable yet
04:56.921	ID:6	[INFO: App       ] Not reachable yet
04:57.902	ID:16	[WARN: IPv6      ] BLACKHOLE: forward check hit
04:57.902	ID:16	[WARN: IPv6      ] BLACKHOLE: dropping forwarded packet
04:57.996	ID:2	[INFO: App       ] Not reachable yet
04:58.172	ID:15	[INFO: App       ] Not reachable yet
04:58.419	ID:16	[WARN: IPv6      ] BLACKHOLE: forward check hit
04:58.419	ID:16	[WARN: IPv6      ] BLACKHOLE: dropping forwarded packet
04:59.362	ID:16	[WARN: IPv6      ] BLACKHOLE: forward check hit
04:59.362	ID:16	[WARN: IPv6      ] BLACKHOLE: dropping forwarded packet
04:59.398	ID:14	[INFO: App       ] Not reachable yet
05:01.223	ID:16	[WARN: IPv6      ] BLACKHOLE: forward check hit
05:01.223	ID:16	[WARN: IPv6      ] BLACKHOLE: dropping forwarded packet
05:01.275	ID:7	[INFO: App       ] Not reachable yet
05:02.152	ID:16	[WARN: IPv6      ] BLACKHOLE: forward check hit
05:02.152	ID:16	[WARN: IPv6      ] BLACKHOLE: dropping forwarded packet
05:03.088	ID:9	[INFO: App       ] Not reachable yet
05:03.772	ID:16	[WARN: IPv6      ] BLACKHOLE: forward check hit
05:03.772	ID:16	[WARN: IPv6      ] BLACKHOLE: dropping forwarded packet
05:03.801	ID:16	[WARN: IPv6      ] BLACKHOLE: forward check hit
05:03.801	ID:16	[WARN: IPv6      ] BLACKHOLE: dropping forwarded packet
05:04.048	ID:16	[WARN: IPv6      ] BLACKHOLE: forward check hit
05:04.048	ID:16	[WARN: IPv6      ] BLACKHOLE: dropping forwarded packet
05:04.100	ID:3	[INFO: App       ] Not reachable yet
05:04.308	ID:5	[INFO: App       ] Not reachable yet
05:04.786	ID:13	[INFO: App       ] Not reachable yet
05:05.941	ID:12	[INFO: App       ] Not reachable yet
05:06.283	ID:11	[INFO: App       ] Not reachable yet
05:06.355	ID:10	[INFO: App       ] Not reachable yet
05:07.543	ID:8	[INFO: App       ] Not reachable yet
05:07.721	ID:6	[INFO: App       ] Not reachable yet
05:07.873	ID:4	[INFO: App       ] Not reachable yet
05:08.302	ID:16	[WARN: IPv6      ] BLACKHOLE: forward check hit
05:08.302	ID:16	[WARN: IPv6      ] BLACKHOLE: dropping forwarded packet
05:08.326	ID:15	[INFO: App       ] Not reachable yet
05:08.624	ID:2	[INFO: App       ] Not reachable yet
05:08.627	ID:14	[INFO: App       ] Not reachable yet
05:09.373	ID:16	[WARN: IPv6      ] BLACKHOLE: forward check hit
05:09.373	ID:16	[WARN: IPv6      ] BLACKHOLE: dropping forwarded packet
05:10.784	ID:16	[WARN: IPv6      ] BLACKHOLE: forward check hit
05:10.784	ID:16	[WARN: IPv6      ] BLACKHOLE: dropping forwarded packet
05:10.964	ID:16	[WARN: IPv6      ] BLACKHOLE: forward check hit
05:10.964	ID:16	[WARN: IPv6      ] BLACKHOLE: dropping forwarded packet
05:11.801	ID:7	[INFO: App       ] Not reachable yet
05:13.484	ID:9	[INFO: App       ] Not reachable yet
05:13.656	ID:5	[INFO: App       ] Not reachable yet
05:14.141	ID:13	[INFO: App       ] Not reachable yet
05:14.363	ID:16	[WARN: IPv6      ] BLACKHOLE: forward check hit
05:14.363	ID:16	[WARN: IPv6      ] BLACKHOLE: dropping forwarded packet
05:15.020	ID:3	[INFO: App       ] Not reachable yet
05:15.789	ID:16	[WARN: IPv6      ] BLACKHOLE: forward check hit
05:15.789	ID:16	[WARN: IPv6      ] BLACKHOLE: dropping forwarded packet
05:15.873	ID:11	[INFO: App       ] Not reachable yet
05:16.257	ID:10	[INFO: App       ] Not reachable yet
05:16.287	ID:12	[INFO: App       ] Not reachable yet
05:17.249	ID:6	[INFO: App       ] Not reachable yet
05:17.499	ID:4	[INFO: App       ] Not reachable yet
05:17.677	ID:15	[INFO: App       ] Not reachable yet
05:18.100	ID:8	[INFO: App       ] Not reachable yet
05:18.423	ID:16	[WARN: IPv6      ] BLACKHOLE: forward check hit
05:18.423	ID:16	[WARN: IPv6      ] BLACKHOLE: dropping forwarded packet
05:18.854	ID:14	[INFO: App       ] Not reachable yet
05:19.125	ID:2	[INFO: App       ] Not reachable yet
05:19.778	ID:16	[WARN: IPv6      ] BLACKHOLE: forward check hit
05:19.778	ID:16	[WARN: IPv6      ] BLACKHOLE: dropping forwarded packet
05:20.210	ID:16	[WARN: IPv6      ] BLACKHOLE: forward check hit
05:20.210	ID:16	[WARN: IPv6      ] BLACKHOLE: dropping forwarded packet
05:21.764	ID:16	[WARN: IPv6      ] BLACKHOLE: forward check hit
05:21.764	ID:16	[WARN: IPv6      ] BLACKHOLE: dropping forwarded packet
05:22.123	ID:7	[INFO: App       ] Not reachable yet
05:22.202	ID:16	[WARN: IPv6      ] BLACKHOLE: forward check hit
05:22.202	ID:16	[WARN: IPv6      ] BLACKHOLE: dropping forwarded packet
05:22.852	ID:16	[WARN: IPv6      ] BLACKHOLE: forward check hit
05:22.852	ID:16	[WARN: IPv6      ] BLACKHOLE: dropping forwarded packet
05:23.553	ID:5	[INFO: App       ] Not reachable yet
05:24.110	ID:3	[INFO: App       ] Not reachable yet
05:24.161	ID:16	[WARN: IPv6      ] BLACKHOLE: forward check hit
05:24.161	ID:16	[WARN: IPv6      ] BLACKHOLE: dropping forwarded packet
05:24.183	ID:9	[INFO: App       ] Not reachable yet
05:24.872	ID:13	[INFO: App       ] Not reachable yet
05:25.149	ID:11	[INFO: App       ] Not reachable yet
05:25.922	ID:12	[INFO: App       ] Not reachable yet
05:26.286	ID:10	[INFO: App       ] Not reachable yet
05:26.321	ID:16	[WARN: IPv6      ] BLACKHOLE: forward check hit
05:26.321	ID:16	[WARN: IPv6      ] BLACKHOLE: dropping forwarded packet
05:26.674	ID:4	[INFO: App       ] Not reachable yet
05:26.829	ID:6	[INFO: App       ] Not reachable yet
05:27.185	ID:16	[WARN: IPv6      ] BLACKHOLE: forward check hit
05:27.185	ID:16	[WARN: IPv6      ] BLACKHOLE: dropping forwarded packet
05:27.272	ID:15	[INFO: App       ] Not reachable yet
05:27.891	ID:14	[INFO: App       ] Not reachable yet
05:28.189	ID:8	[INFO: App       ] Not reachable yet
05:29.497	ID:2	[INFO: App       ] Not reachable yet
05:29.938	ID:16	[WARN: IPv6      ] BLACKHOLE: forward check hit
05:29.938	ID:16	[WARN: IPv6      ] BLACKHOLE: dropping forwarded packet
05:30.617	ID:16	[WARN: IPv6      ] BLACKHOLE: forward check hit
05:30.617	ID:16	[WARN: IPv6      ] BLACKHOLE: dropping forwarded packet
05:31.181	ID:16	[WARN: IPv6      ] BLACKHOLE: forward check hit
05:31.181	ID:16	[WARN: IPv6      ] BLACKHOLE: dropping forwarded packet
05:31.405	ID:7	[INFO: App       ] Not reachable yet
05:33.132	ID:16	[WARN: IPv6      ] BLACKHOLE: forward check hit
05:33.132	ID:16	[WARN: IPv6      ] BLACKHOLE: dropping forwarded packet
05:33.960	ID:3	[INFO: App       ] Not reachable yet
05:34.402	ID:5	[INFO: App       ] Not reachable yet
05:34.940	ID:16	[WARN: IPv6      ] BLACKHOLE: forward check hit
05:34.940	ID:16	[WARN: IPv6      ] BLACKHOLE: dropping forwarded packet
05:35.084	ID:11	[INFO: App       ] Not reachable yet
05:35.116	ID:9	[INFO: App       ] Not reachable yet
05:35.335	ID:12	[INFO: App       ] Not reachable yet
05:35.545	ID:13	[INFO: App       ] Not reachable yet
05:36.074	ID:10	[INFO: App       ] Not reachable yet
05:36.369	ID:16	[WARN: IPv6      ] BLACKHOLE: forward check hit
05:36.369	ID:16	[WARN: IPv6      ] BLACKHOLE: dropping forwarded packet
05:36.742	ID:6	[INFO: App       ] Not reachable yet
05:36.862	ID:15	[INFO: App       ] Not reachable yet
05:36.992	ID:4	[INFO: App       ] Not reachable yet
05:37.446	ID:16	[WARN: IPv6      ] BLACKHOLE: forward check hit
05:37.446	ID:16	[WARN: IPv6      ] BLACKHOLE: dropping forwarded packet
05:38.618	ID:8	[INFO: App       ] Not reachable yet
05:38.662	ID:14	[INFO: App       ] Not reachable yet
05:38.821	ID:2	[INFO: App       ] Not reachable yet
05:39.988	ID:16	[WARN: IPv6      ] BLACKHOLE: forward check hit
05:39.988	ID:16	[WARN: IPv6      ] BLACKHOLE: dropping forwarded packet
05:40.076	ID:16	[WARN: IPv6      ] BLACKHOLE: forward check hit
05:40.076	ID:16	[WARN: IPv6      ] BLACKHOLE: dropping forwarded packet
05:40.588	ID:7	[INFO: App       ] Not reachable yet
05:41.111	ID:16	[WARN: IPv6      ] BLACKHOLE: forward check hit
05:41.111	ID:16	[WARN: IPv6      ] BLACKHOLE: dropping forwarded packet
05:41.121	ID:16	[WARN: IPv6      ] BLACKHOLE: forward check hit
05:41.121	ID:16	[WARN: IPv6      ] BLACKHOLE: dropping forwarded packet
05:43.246	ID:3	[INFO: App       ] Not reachable yet
05:44.390	ID:16	[WARN: IPv6      ] BLACKHOLE: forward check hit
05:44.390	ID:16	[WARN: IPv6      ] BLACKHOLE: dropping forwarded packet
05:44.693	ID:16	[WARN: IPv6      ] BLACKHOLE: forward check hit
05:44.693	ID:16	[WARN: IPv6      ] BLACKHOLE: dropping forwarded packet
05:44.784	ID:11	[INFO: App       ] Not reachable yet
05:44.858	ID:13	[INFO: App       ] Not reachable yet
05:45.267	ID:5	[INFO: App       ] Not reachable yet
05:45.962	ID:12	[INFO: App       ] Not reachable yet
05:46.072	ID:9	[INFO: App       ] Not reachable yet
05:46.160	ID:15	[INFO: App       ] Not reachable yet
05:46.273	ID:10	[INFO: App       ] Not reachable yet
05:46.524	ID:16	[WARN: IPv6      ] BLACKHOLE: forward check hit
05:46.524	ID:16	[WARN: IPv6      ] BLACKHOLE: dropping forwarded packet
05:46.880	ID:16	[WARN: IPv6      ] BLACKHOLE: forward check hit
05:46.880	ID:16	[WARN: IPv6      ] BLACKHOLE: dropping forwarded packet
05:47.035	ID:6	[INFO: App       ] Not reachable yet
05:47.416	ID:4	[INFO: App       ] Not reachable yet
05:48.809	ID:16	[WARN: IPv6      ] BLACKHOLE: forward check hit
05:48.809	ID:16	[WARN: IPv6      ] BLACKHOLE: dropping forwarded packet
05:49.097	ID:2	[INFO: App       ] Not reachable yet
05:49.304	ID:14	[INFO: App       ] Not reachable yet
05:49.461	ID:8	[INFO: App       ] Not reachable yet
05:50.111	ID:16	[WARN: IPv6      ] BLACKHOLE: forward check hit
05:50.111	ID:16	[WARN: IPv6      ] BLACKHOLE: dropping forwarded packet
05:50.557	ID:16	[WARN: IPv6      ] BLACKHOLE: forward check hit
05:50.557	ID:16	[WARN: IPv6      ] BLACKHOLE: dropping forwarded packet
05:50.730	ID:16	[WARN: IPv6      ] BLACKHOLE: forward check hit
05:50.730	ID:16	[WARN: IPv6      ] BLACKHOLE: dropping forwarded packet
05:50.964	ID:7	[INFO: App       ] Not reachable yet
05:52.639	ID:3	[INFO: App       ] Not reachable yet
05:54.801	ID:13	[INFO: App       ] Not reachable yet
05:54.958	ID:16	[WARN: IPv6      ] BLACKHOLE: forward check hit
05:54.958	ID:16	[WARN: IPv6      ] BLACKHOLE: dropping forwarded packet
05:54.975	ID:11	[INFO: App       ] Not reachable yet
05:55.057	ID:16	[WARN: IPv6      ] BLACKHOLE: forward check hit
05:55.057	ID:16	[WARN: IPv6      ] BLACKHOLE: dropping forwarded packet
05:55.311	ID:16	[WARN: IPv6      ] BLACKHOLE: forward check hit
05:55.311	ID:16	[WARN: IPv6      ] BLACKHOLE: dropping forwarded packet
05:55.314	ID:5	[INFO: App       ] Not reachable yet
05:56.056	ID:12	[INFO: App       ] Not reachable yet
05:56.414	ID:15	[INFO: App       ] Not reachable yet
05:56.538	ID:4	[INFO: App       ] Not reachable yet
05:56.797	ID:9	[INFO: App       ] Not reachable yet
05:57.076	ID:6	[INFO: App       ] Not reachable yet
05:57.226	ID:10	[INFO: App       ] Not reachable yet
05:57.505	ID:16	[WARN: IPv6      ] BLACKHOLE: forward check hit
05:57.505	ID:16	[WARN: IPv6      ] BLACKHOLE: dropping forwarded packet
05:58.891	ID:8	[INFO: App       ] Not reachable yet
05:59.273	ID:16	[WARN: IPv6      ] BLACKHOLE: forward check hit
05:59.273	ID:16	[WARN: IPv6      ] BLACKHOLE: dropping forwarded packet
05:59.564	ID:2	[INFO: App       ] Not reachable yet
05:59.649	ID:16	[WARN: IPv6      ] BLACKHOLE: forward check hit
05:59.649	ID:16	[WARN: IPv6      ] BLACKHOLE: dropping forwarded packet
05:59.738	ID:14	[INFO: App       ] Not reachable yet
06:01.184	ID:16	[WARN: IPv6      ] BLACKHOLE: forward check hit
06:01.184	ID:16	[WARN: IPv6      ] BLACKHOLE: dropping forwarded packet
06:01.610	ID:7	[INFO: App       ] Not reachable yet
06:02.430	ID:3	[INFO: App       ] Not reachable yet
06:04.117	ID:16	[WARN: IPv6      ] BLACKHOLE: forward check hit
06:04.117	ID:16	[WARN: IPv6      ] BLACKHOLE: dropping forwarded packet
06:04.194	ID:11	[INFO: App       ] Not reachable yet
06:04.302	ID:16	[WARN: IPv6      ] BLACKHOLE: forward check hit
06:04.302	ID:16	[WARN: IPv6      ] BLACKHOLE: dropping forwarded packet
06:04.914	ID:13	[INFO: App       ] Not reachable yet
06:05.687	ID:4	[INFO: App       ] Not reachable yet
06:05.690	ID:5	[INFO: App       ] Not reachable yet
06:05.877	ID:9	[INFO: App       ] Not reachable yet
06:06.347	ID:6	[INFO: App       ] Not reachable yet
06:06.868	ID:12	[INFO: App       ] Not reachable yet
06:06.957	ID:15	[INFO: App       ] Not reachable yet
06:07.522	ID:10	[INFO: App       ] Not reachable yet
06:08.500	ID:8	[INFO: App       ] Not reachable yet
06:09.557	ID:14	[INFO: App       ] Not reachable yet
06:09.575	ID:16	[WARN: IPv6      ] BLACKHOLE: forward check hit
06:09.575	ID:16	[WARN: IPv6      ] BLACKHOLE: dropping forwarded packet
06:10.374	ID:2	[INFO: App       ] Not reachable yet
06:12.073	ID:3	[INFO: App       ] Not reachable yet
06:12.431	ID:7	[INFO: App       ] Not reachable yet
06:14.066	ID:13	[INFO: App       ] Not reachable yet
06:14.281	ID:16	[WARN: IPv6      ] BLACKHOLE: forward check hit
06:14.281	ID:16	[WARN: IPv6      ] BLACKHOLE: dropping forwarded packet
06:14.857	ID:11	[INFO: App       ] Not reachable yet
06:16.198	ID:5	[INFO: App       ] Not reachable yet
06:16.300	ID:4	[INFO: App       ] Not reachable yet
06:16.795	ID:12	[INFO: App       ] Not reachable yet
06:16.835	ID:9	[INFO: App       ] Not reachable yet
06:16.909	ID:15	[INFO: App       ] Not reachable yet
06:17.003	ID:6	[INFO: App       ] Not reachable yet
06:17.040	ID:10	[INFO: App       ] Not reachable yet
06:17.550	ID:8	[INFO: App       ] Not reachable yet
06:17.908	ID:16	[WARN: IPv6      ] BLACKHOLE: forward check hit
06:17.908	ID:16	[WARN: IPv6      ] BLACKHOLE: dropping forwarded packet
06:18.257	ID:16	[WARN: IPv6      ] BLACKHOLE: forward check hit
06:18.257	ID:16	[WARN: IPv6      ] BLACKHOLE: dropping forwarded packet
06:18.618	ID:16	[WARN: IPv6      ] BLACKHOLE: forward check hit
06:18.618	ID:16	[WARN: IPv6      ] BLACKHOLE: dropping forwarded packet
06:19.879	ID:14	[INFO: App       ] Not reachable yet
06:20.252	ID:2	[INFO: App       ] Not reachable yet
06:20.729	ID:16	[WARN: IPv6      ] BLACKHOLE: forward check hit
06:20.729	ID:16	[WARN: IPv6      ] BLACKHOLE: dropping forwarded packet
06:21.693	ID:16	[WARN: IPv6      ] BLACKHOLE: forward check hit
06:21.693	ID:16	[WARN: IPv6      ] BLACKHOLE: dropping forwarded packet
06:22.057	ID:3	[INFO: App       ] Not reachable yet
06:22.307	ID:7	[INFO: App       ] Not reachable yet
06:23.266	ID:16	[WARN: IPv6      ] BLACKHOLE: forward check hit
06:23.266	ID:16	[WARN: IPv6      ] BLACKHOLE: dropping forwarded packet
06:23.880	ID:16	[WARN: IPv6      ] BLACKHOLE: forward check hit
06:23.880	ID:16	[WARN: IPv6      ] BLACKHOLE: dropping forwarded packet
06:23.957	ID:13	[INFO: App       ] Not reachable yet
06:24.460	ID:11	[INFO: App       ] Not reachable yet
06:26.027	ID:5	[INFO: App       ] Not reachable yet
06:26.089	ID:10	[INFO: App       ] Not reachable yet
06:26.157	ID:12	[INFO: App       ] Not reachable yet
06:26.744	ID:16	[WARN: IPv6      ] BLACKHOLE: forward check hit
06:26.744	ID:16	[WARN: IPv6      ] BLACKHOLE: dropping forwarded packet
06:26.795	ID:15	[INFO: App       ] Not reachable yet
06:26.939	ID:4	[INFO: App       ] Not reachable yet
06:27.515	ID:16	[WARN: IPv6      ] BLACKHOLE: forward check hit
06:27.515	ID:16	[WARN: IPv6      ] BLACKHOLE: dropping forwarded packet
06:27.576	ID:16	[WARN: IPv6      ] BLACKHOLE: forward check hit
06:27.576	ID:16	[WARN: IPv6      ] BLACKHOLE: dropping forwarded packet
06:27.792	ID:9	[INFO: App       ] Not reachable yet
06:27.822	ID:6	[INFO: App       ] Not reachable yet
06:28.036	ID:8	[INFO: App       ] Not reachable yet
06:28.665	ID:16	[WARN: IPv6      ] BLACKHOLE: forward check hit
06:28.665	ID:16	[WARN: IPv6      ] BLACKHOLE: dropping forwarded packet
06:29.802	ID:2	[INFO: App       ] Not reachable yet
RADIO_COUNT	708
TEST OK
Test ended at simulation time: 390000000
