3496	1	16	97: 0x41D8EBCD ABFFFF01 00010001 0001007A 3B3A1A9B 01012100 F0008008 F00000FD 00000000 00000002 01000100 01000104 0E00080C 00040000 80000100 1E003C08 1E4040FF FFFFFFFF FFFFFF00 000000FD 00000000 00000000 00000000 000000B6 BA
5054	16	1,2,3,4,5	102: 0x61DC28CD AB010001 00010001 00100010 00100010 007A333A 9B01FFFC 00F0FFFF 08F00000 FD000000 00000000 02010001 00010001 040E0008 0C000400 00800001 001E003C 081E4040 FFFFFFFF FFFFFFFF 00000000 FD000000 00000000 00000000 00000000 0378
5058	1	16	5: 0x020028F2 18
7501	16	1,2,3,4,5	102: 0x61DC29CD AB010001 00010001 00100010 00100010 007A333A 9B01FFFC 00F0FFFF 08F00000 FD000000 00000000 02010001 00010001 040E0008 0C000400 00800001 001E003C 081E4040 FFFFFFFF FFFFFFFF 00000000 FD000000 00000000 00000000 00000000 780E
7505	1	16	5: 0x0200297B 09
8853	1	16	97: 0x41D8ECCD ABFFFF01 00010001 0001007A 3B3A1A9B 01012100 F0008008 F00000FD 00000000 00000002 01000100 01000104 0E00080C 00040000 80000100 1E003C08 1E4040FF FFFFFFFF FFFFFF00 000000FD 00000000 00000000 00000000 0000008F DD
11144	16	1,2,3,4,5	102: 0x61DC2ACD AB010001 00010001 00100010 00100010 007A333A 9B01FFFC 00F0FFFF 08F00000 FD000000 00000000 02010001 00010001 040E0008 0C000400 00800001 001E003C 081E4040 FFFFFFFF FFFFFFFF 00000000 FD000000 00000000 00000000 00000000 F594
11148	1	16	5: 0x02002AE0 3B
13070	16	1,2,3,4,5	102: 0x61DC2BCD AB010001 00010001 00100010 00100010 007A333A 9B01FFFC 00F0FFFF 08F00000 FD000000 00000000 02010001 00010001 040E0008 0C000400 00800001 001E003C 081E4040 FFFFFFFF FFFFFFFF 00000000 FD000000 00000000 00000000 00000000 8EE2
13074	1	16	5: 0x02002B69 2A
15156	16	1,2,3,4,5	85: 0x61DC2CCD AB010001 00010001 00100010 00100010 007EF700 E03A0663 04000001 529B025A D0008000 F1051200 80FD0000 00000000 00021000 10001000 10061400 00001EFD 00000000 00000002 01000100 010001F6 D1
15159	1	16	5: 0x02002CD6 5E
15167	1	16	43: 0x61DCEDCD AB100010 00100010 00010001 00010001 007EF700 E23A0603 00FF0000 009B0375 730000F1 00245D
15169	16	1,2,3,4,5	5: 0x0200ED53 89
16314	4	2,3,5,7,8,9,10,11,16	27: 0x41D8DACD ABFFFF04 00040004 0004007A 3B3A1A9B 00651100 00E897
17394	8	2,3,4,5,6,7,9,10,11,12,13,14,15	27: 0x41D8BBCD ABFFFF08 00080008 0008007A 3B3A1A9B 00650100 00C02C
17430	14	7,8,9,10,11,12,13,15	27: 0x41D88CCD ABFFFF0E 000E000E 000E007A 3B3A1A9B 0064E900 00EE01
19211	16	1,2,3,4,5	97: 0x41D82DCD ABFFFF10 00100010 0010007A 3B3A1A9B 01001C00 F0014908 F00000FD 00000000 00000002 01000100 01000104 0E00080C 00040000 80000100 1E003C08 1E4040FF FFFFFFFF FFFFFF00 000000FD 00000000 00000000 00000000 000000AE 6A
19592	5	2,3,4,8,9,10,11,16	102: 0x61DCC7CD AB100010 00100010 00050005 00050005 007A333A 9B01FFEC 00F0FFFF 08F00000 FD000000 00000000 02010001 00010001 040E0008 0C000400 00800001 001E003C 081E4040 FFFFFFFF FFFFFFFF 00000000 FD000000 00000000 00000000 00000000 6A42
19596	16	1,2,3,4,5	5: 0x0200C70B 07
19913	11	4,5,8,9,10,14,15	27: 0x41D8EFCD ABFFFF0B 000B000B 000B007A 3B3A1A9B 0064F500 00AAC3
20266	5	2,3,4,8,9,10,11,16	102: 0x61DCC8CD AB100010 00100010 00050005 00050005 007A333A 9B01FFEC 00F0FFFF 08F00000 FD000000 00000000 02010001 00010001 040E0008 0C000400 00800001 001E003C 081E4040 FFFFFFFF FFFFFFFF 00000000 FD000000 00000000 00000000 00000000 F1A2
20270	16	1,2,3,4,5	5: 0x0200C8FC FF
21831	4	2,3,5,7,8,9,10,11,16	102: 0x61DCDBCD AB100010 00100010 00040004 00040004 007A333A 9B01FFF0 00F0FFFF 08F00000 FD000000 00000000 02010001 00010001 040E0008 0C000400 00800001 001E003C 081E4040 FFFFFFFF FFFFFFFF 00000000 FD000000 00000000 00000000 00000000 DE03
21835	16	1,2,3,4,5	5: 0x0200DBE6 DD
21988	5	2,3,4,8,9,10,11,16	102: 0x61DCC9CD AB100010 00100010 00050005 00050005 007A333A 9B01FFEC 00F0FFFF 08F00000 FD000000 00000000 02010001 00010001 040E0008 0C000400 00800001 001E003C 081E4040 FFFFFFFF FFFFFFFF 00000000 FD000000 00000000 00000000 00000000 8AD4
21992	16	1,2,3,4,5	5: 0x0200C975 EE
22144	3	2,4,5,6,7,8,9,10,16	102: 0x61DCA6CD AB100010 00100010 00030003 00030003 007A333A 9B01FFF4 00F0FFFF 08F00000 FD000000 00000000 02010001 00010001 040E0008 0C000400 00800001 001E003C 081E4040 FFFFFFFF FFFFFFFF 00000000 FD000000 00000000 00000000 00000000 430A
22148	16	1,2,3,4,5	5: 0x0200A684 75
22362	3	2,4,5,6,7,8,9,10,16	102: 0x61DCA7CD AB100010 00100010 00030003 00030003 007A333A 9B01FFF4 00F0FFFF 08F00000 FD000000 00000000 02010001 00010001 040E0008 0C000400 00800001 001E003C 081E4040 FFFFFFFF FFFFFFFF 00000000 FD000000 00000000 00000000 00000000 387C
22366	16	1,2,3,4,5	5: 0x0200A70D 64
22439	2	3,4,5,6,7,8,9,16	102: 0x61DCE4CD AB100010 00100010 00020002 00020002 007A333A 9B01FFF8 00F0FFFF 08F00000 FD000000 00000000 02010001 00010001 040E0008 0C000400 00800001 001E003C 081E4040 FFFFFFFF FFFFFFFF 00000000 FD000000 00000000 00000000 00000000 5BD4
22443	16	1,2,3,4,5	5: 0x0200E492 14
22825	2	3,4,5,6,7,8,9,16	27: 0x41D8E5CD ABFFFF02 00020002 0002007A 3B3A1A9B 00651900 00D0C1
23309	5	2,3,4,8,9,10,11,16	102: 0x61DCCACD AB100010 00100010 00050005 00050005 007A333A 9B01FFEC 00F0FFFF 08F00000 FD000000 00000000 02010001 00010001 040E0008 0C000400 00800001 001E003C 081E4040 FFFFFFFF FFFFFFFF 00000000 FD000000 00000000 00000000 00000000 074E
23313	16	1,2,3,4,5	5: 0x0200CAEE DC
23317	2	3,4,5,6,7,8,9,16	102: 0x61DCE6CD AB100010 00100010 00020002 00020002 007A333A 9B01FFF8 00F0FFFF 08F00000 FD000000 00000000 02010001 00010001 040E0008 0C000400 00800001 001E003C 081E4040 FFFFFFFF FFFFFFFF 00000000 FD000000 00000000 00000000 00000000 AD38
23321	16	1,2,3,4,5	5: 0x0200E680 37
24034	3	2,4,5,6,7,8,9,10,16	102: 0x61DCA8CD AB100010 00100010 00030003 00030003 007A333A 9B01FFF4 00F0FFFF 08F00000 FD000000 00000000 02010001 00010001 040E0008 0C000400 00800001 001E003C 081E4040 FFFFFFFF FFFFFFFF 00000000 FD000000 00000000 00000000 00000000 A39C
24038	16	1,2,3,4,5	5: 0x0200A8FA 9C
24277	2	3,4,5,6,7,8,9,16	102: 0x61DCE7CD AB100010 00100010 00020002 00020002 007A333A 9B01FFF8 00F0FFFF 08F00000 FD000000 00000000 02010001 00010001 040E0008 0C000400 00800001 001E003C 081E4040 FFFFFFFF FFFFFFFF 00000000 FD000000 00000000 00000000 00000000 D64E
24281	16	1,2,3,4,5	5: 0x0200E709 26
25039	16	1,2,3,4,5	97: 0x41D82ECD ABFFFF10 00100010 0010007A 3B3A1A9B 01001C00 F0014908 F00000FD 00000000 00000002 01000100 01000104 0E00080C 00040000 80000100 1E003C08 1E4040FF FFFFFFFF FFFFFF00 000000FD 00000000 00000000 00000000 000000DB 52
25675	4	2,3,5,7,8,9,10,11,16	102: 0x61DCDCCD AB100010 00100010 00040004 00040004 007A333A 9B01FFF0 00F0FFFF 08F00000 FD000000 00000000 02010001 00010001 040E0008 0C000400 00800001 001E003C 081E4040 FFFFFFFF FFFFFFFF 00000000 FD000000 00000000 00000000 00000000 AE48
25679	16	1,2,3,4,5	5: 0x0200DC59 A9
26530	2	3,4,5,6,7,8,9,16	102: 0x61DCE8CD AB100010 00100010 00020002 00020002 007A333A 9B01FFF8 00F0FFFF 08F00000 FD000000 00000000 02010001 00010001 040E0008 0C000400 00800001 001E003C 081E4040 FFFFFFFF FFFFFFFF 00000000 FD000000 00000000 00000000 00000000 4DAE
26534	16	1,2,3,4,5	5: 0x0200E8FE DE
26569	4	2,3,5,7,8,9,10,11,16	102: 0x61DCDDCD AB100010 00100010 00040004 00040004 007A333A 9B01FFF0 00F0FFFF 08F00000 FD000000 00000000 02010001 00010001 040E0008 0C000400 00800001 001E003C 081E4040 FFFFFFFF FFFFFFFF 00000000 FD000000 00000000 00000000 00000000 D53E
26573	16	1,2,3,4,5	5: 0x0200DDD0 B8
26817	10	3,4,5,7,8,9,11,13,14,15	27: 0x41D8E7CD ABFFFF0A 000A000A 000A007A 3B3A1A9B 0064F900 004D85
27117	5	2,3,4,8,9,10,11,16	93: 0x61DCCBCD AB100010 00100010 00050005 00050005 007EF500 02010001 00010001 E03A0663 04000002 199B025A EC008000 F1051200 80FD0000 00000000 00020500 05000500 05061400 00001EFD 00000000 00000002 10001000 10001092 32
27120	16	1,2,3,4,5	5: 0x0200CB67 CD
27405	3	2,4,5,6,7,8,9,10,16	102: 0x61DCA9CD AB100010 00100010 00030003 00030003 007A333A 9B01FFF4 00F0FFFF 08F00000 FD000000 00000000 02010001 00010001 040E0008 0C000400 00800001 001E003C 081E4040 FFFFFFFF FFFFFFFF 00000000 FD000000 00000000 00000000 00000000 D8EA
27409	16	1,2,3,4,5	5: 0x0200A973 8D
27552	1	16	97: 0x41D8EECD ABFFFF01 00010001 0001007A 3B3A1A9B 01012100 F0008008 F00000FD 00000000 00000002 01000100 01000104 0E00080C 00040000 80000100 1E003C08 1E4040FF FFFFFFFF FFFFFF00 000000FD 00000000 00000000 00000000 00000029 F2
28657	2	3,4,5,6,7,8,9,16	93: 0x61DCE9CD AB100010 00100010 00020002 00020002 007EF500 02010001 00010001 E03A0663 04000002 199B025B 04008000 F1051200 80FD0000 00000000 00020200 02000200 02061400 00001EFD 00000000 00000002 10001000 1000104C E1
28660	16	1,2,3,4,5	5: 0x0200E977 CF
30216	4	2,3,5,7,8,9,10,11,16	102: 0x61DCDECD AB100010 00100010 00040004 00040004 007A333A 9B01FFF0 00F0FFFF 08F00000 FD000000 00000000 02010001 00010001 040E0008 0C000400 00800001 001E003C 081E4040 FFFFFFFF FFFFFFFF 00000000 FD000000 00000000 00000000 00000000 58A4
30220	16	1,2,3,4,5	5: 0x0200DE4B 8A
30262	5	2,3,4,8,9,10,11,16	93: 0x61DCCCCD AB100010 00100010 00050005 00050005 007EF500 02010001 00010001 E03A0663 04000002 119B025A EC008000 F1051200 80FD0000 00000000 00020500 05000500 05061400 00001EFD 00000000 00000002 10001000 100010F9 AF
30265	16	1,2,3,4,5	5: 0x0200CCD8 B9
30909	9	2,3,4,5,6,7,8,10,11,12,13,14,15	27: 0x41D846CD ABFFFF09 00090009 0009007A 3B3A1A9B 0064FD00 00AB90
31460	2	3,4,5,6,7,8,9,16	93: 0x61DCEACD AB100010 00100010 00020002 00020002 007EF500 02010001 00010001 E03A0663 04000002 119B025B 04008000 F1051200 80FD0000 00000000 00020200 02000200 02061400 00001EFD 00000000 00000002 10001000 1000104E 39
31463	16	1,2,3,4,5	5: 0x0200EAEC FD
32589	3	2,4,5,6,7,8,9,10,16	93: 0x61DCAACD AB100010 00100010 00030003 00030003 007EF500 02010001 00010001 E03A0663 04000002 2A9B025A FC008000 F1051200 80FD0000 00000000 00020300 03000300 03061400 00001EFD 00000000 00000002 10001000 100010BD CA
32592	16	1,2,3,4,5	5: 0x0200AAE8 BF
32699	4	2,3,5,7,8,9,10,11,16	93: 0x61DCDFCD AB100010 00100010 00040004 00040004 007EF500 02010001 00010001 E03A0663 04000002 2A9B025A F4008000 F1051200 80FD0000 00000000 00020400 04000400 04061400 00001EFD 00000000 00000002 10001000 10001071 B8
32702	16	1,2,3,4,5	5: 0x0200DFC2 9B
32729	16	1,2,3,4,5	97: 0x41D82FCD ABFFFF10 00100010 0010007A 3B3A1A9B 01001C00 F0014908 F00000FD 00000000 00000002 01000100 01000104 0E00080C 00040000 80000100 1E003C08 1E4040FF FFFFFFFF FFFFFF00 000000FD 00000000 00000000 00000000 00000008 45
33642	5	2,3,4,8,9,10,11,16	93: 0x61DCCDCD AB100010 00100010 00050005 00050005 007EF500 02010001 00010001 E03A0663 04000002 099B025A EC008000 F1051200 80FD0000 00000000 00020500 05000500 05061400 00001EFD 00000000 00000002 10001000 10001087 8A
33645	16	1,2,3,4,5	5: 0x0200CD51 A8
34239	15	8,9,10,11,12,13,14	27: 0x41D8B6CD ABFFFF0F 000F000F 000F007A 3B3A1A9B 0064E500 00B330
34547	8	2,3,4,5,6,7,9,10,11,12,13,14,15	27: 0x41D8BCCD ABFFFF08 00080008 0008007A 3B3A1A9B 00650100 008C89
34637	2	3,4,5,6,7,8,9,16	93: 0x61DCEBCD AB100010 00100010 00020002 00020002 007EF500 02010001 00010001 E03A0663 04000002 099B025B 04008000 F1051200 80FD0000 00000000 00020200 02000200 02061400 00001EFD 00000000 00000002 10001000 10001030 1C
34640	16	1,2,3,4,5	5: 0x0200EB65 EC
35491	3	2,4,5,6,7,8,9,10,16	93: 0x61DCABCD AB100010 00100010 00030003 00030003 007EF500 02010001 00010001 E03A0663 04000002 209B025A FC008000 F1051200 80FD0000 00000000 00020300 03000300 03061400 00001EFD 00000000 00000002 10001000 1000107B BF
35494	16	1,2,3,4,5	5: 0x0200AB61 AE
35696	4	2,3,5,7,8,9,10,11,16	93: 0x61DCE0CD AB100010 00100010 00040004 00040004 007EF500 02010001 00010001 E03A0663 04000002 209B025A F4008000 F1051200 80FD0000 00000000 00020400 04000400 04061400 00001EFD 00000000 00000002 10001000 1000106F 82
35699	16	1,2,3,4,5	5: 0x0200E0B6 52
37989	11	4,5,8,9,10,14,15	27: 0x41D8F0CD ABFFFF0B 000B000B 000B007A 3B3A1A9B 0064F500 00F2D4
38660	4	2,3,5,7,8,9,10,11,16	93: 0x61DCE1CD AB100010 00100010 00040004 00040004 007EF500 02010001 00010001 E03A0663 04000002 179B025A F4008000 F1051200 80FD0000 00000000 00020400 04000400 04061400 00001EFD 00000000 00000002 10001000 10001045 25
38663	16	1,2,3,4,5	5: 0x0200E13F 43
39255	2	3,4,5,6,7,8,9,16	93: 0x61DCECCD AB100010 00100010 00020002 00020002 007EF500 02010001 00010001 E03A0663 04000002 029B025B 04008000 F1051200 80FD0000 00000000 00020200 02000200 02061400 00001EFD 00000000 00000002 10001000 1000109F 8F
39258	16	1,2,3,4,5	5: 0x0200ECDA 98
39374	12	6,7,8,9,13,14,15	27: 0x41D833CD ABFFFF0C 000C000C 000C007A 3B3A1A9B 0064F100 00E727
39623	7	2,3,4,6,8,9,10,12,13,14	27: 0x41D881CD ABFFFF07 00070007 0007007A 3B3A1A9B 00650500 00D8A6
40016	6	2,3,7,8,9,12,13	27: 0x41D8DECD ABFFFF06 00060006 0006007A 3B3A1A9B 00650900 0038F1
40256	5	2,3,4,8,9,10,11,16	93: 0x61DCCECD AB100010 00100010 00050005 00050005 007EF500 02010001 00010001 E03A0663 04000002 029B025A EC008000 F1051200 80FD0000 00000000 00020500 05000500 05061400 00001EFD 00000000 00000002 10001000 10001041 5C
40259	16	1,2,3,4,5	5: 0x0200CECA 9A
42209	2	3,4,5,6,7,8,9,16	93: 0x61DCEDCD AB100010 00100010 00020002 00020002 007EF500 02010001 00010001 E03A0663 04000001 FC9B025B 04008000 F1051200 80FD0000 00000000 00020200 02000200 02061400 00001EFD 00000000 00000002 10001000 100010FC 29
42212	16	1,2,3,4,5	5: 0x0200ED53 89
42468	3	2,4,5,6,7,8,9,10,16	93: 0x61DCACCD AB100010 00100010 00030003 00030003 007EF500 02010001 00010001 E03A0663 04000002 179B025A FC008000 F1051200 80FD0000 00000000 00020300 03000300 03061400 00001EFD 00000000 00000002 10001000 10001084 FB
42471	16	1,2,3,4,5	5: 0x0200ACDE DA
42657	13	6,7,8,9,10,12,14,15	27: 0x41D849CD ABFFFF0D 000D000D 000D007A 3B3A1A9B 0064ED00 007CFB
43670	2	3,4,5,6,7,8,9,16	27: 0x41D8EECD ABFFFF02 00020002 0002007A 3B3A1A9B 00651900 00963D
43874	4	2,3,5,7,8,9,10,11,16	93: 0x61DCE2CD AB100010 00100010 00040004 00040004 007EF500 02010001 00010001 E03A0663 04000002 0F9B025A F4008000 F1051200 80FD0000 00000000 00020400 04000400 04061400 00001EFD 00000000 00000002 10001000 10001087 A6
43877	16	1,2,3,4,5	5: 0x0200E2A4 71
43983	5	2,3,4,8,9,10,11,16	93: 0x61DCCFCD AB100010 00100010 00050005 00050005 007EF500 02010001 00010001 E03A0663 04000001 FC9B025A EC008000 F1051200 80FD0000 00000000 00020500 05000500 05061400 00001EFD 00000000 00000002 10001000 10001022 FA
43986	16	1,2,3,4,5	5: 0x0200CF43 8B
45648	3	2,4,5,6,7,8,9,10,16	93: 0x61DCADCD AB100010 00100010 00030003 00030003 007EF500 02010001 00010001 E03A0663 04000002 0F9B025A FC008000 F1051200 80FD0000 00000000 00020300 03000300 03061400 00001EFD 00000000 00000002 10001000 100010FA DE
45651	16	1,2,3,4,5	5: 0x0200AD57 CB
47418	16	1,2,3,4,5	97: 0x41D830CD ABFFFF10 00100010 0010007A 3B3A1A9B 01001C00 F0014908 F00000FD 00000000 00000002 01000100 01000104 0E00080C 00040000 80000100 1E003C08 1E4040FF FFFFFFFF FFFFFF00 000000FD 00000000 00000000 00000000 00000088 E9
47476	9	2,3,4,5,6,7,8,10,11,12,13,14,15	27: 0x41D847CD ABFFFF09 00090009 0009007A 3B3A1A9B 0064FD00 006219
47950	1	16	97: 0x41D8EFCD ABFFFF01 00010001 0001007A 3B3A1A9B 01012100 F0008008 F00000FD 00000000 00000002 01000100 01000104 0E00080C 00040000 80000100 1E003C08 1E4040FF FFFFFFFF FFFFFF00 000000FD 00000000 00000000 00000000 000000FA E5
48934	4	2,3,5,7,8,9,10,11,16	93: 0x61DCE3CD AB100010 00100010 00040004 00040004 007EF500 02010001 00010001 E03A0663 04000002 089B025A F4008000 F1051200 80FD0000 00000000 00020400 04000400 04061400 00001EFD 00000000 00000002 10001000 100010ED ED
48937	16	1,2,3,4,5	5: 0x0200E32D 60
49138	3	2,4,5,6,7,8,9,10,16	93: 0x61DCAECD AB100010 00100010 00030003 00030003 007EF500 02010001 00010001 E03A0663 04000002 089B025A FC008000 F1051200 80FD0000 00000000 00020300 03000300 03061400 00001EFD 00000000 00000002 10001000 1000102C 33
49141	16	1,2,3,4,5	5: 0x0200AECC F9
50347	2	3,4,5,6,7,8,9,16	93: 0x61DCEFCD AB100010 00100010 00020002 00020002 007EF500 02010001 00010001 E03A0663 04000001 F69B025B 03008000 F2051200 80FD0000 00000000 00020200 02000200 02061400 00001EFD 00000000 00000002 10001000 100010A9 08
50350	16	1,2,3,4,5	5: 0x0200EF41 AA
50817	5	2,3,4,8,9,10,11,16	93: 0x61DCD0CD AB100010 00100010 00050005 00050005 007EF500 02010001 00010001 E03A0663 04000001 F69B025A EB008000 F2051200 80FD0000 00000000 00020500 05000500 05061400 00001EFD 00000000 00000002 10001000 10001027 5A
50820	16	1,2,3,4,5	5: 0x0200D035 63
52164	15	8,9,10,11,12,13,14	27: 0x41D8B7CD ABFFFF0F 000F000F 000F007A 3B3A1A9B 0064E500 007AB9
52200	16	1,2,3,4,5	97: 0x41D831CD ABFFFF10 00100010 0010007A 3B3A1A9B 01001C00 F0014908 F00000FD 00000000 00000002 01000100 01000104 0E00080C 00040000 80000100 1E003C08 1E4040FF FFFFFFFF FFFFFF00 000000FD 00000000 00000000 00000000 0000005B FE
55494	4	2,3,5,7,8,9,10,11,16	93: 0x61DCE4CD AB100010 00100010 00040004 00040004 007EF500 02010001 00010001 E03A0663 04000002 019B025A F3008000 F2051200 80FD0000 00000000 00020400 04000400 04061400 00001EFD 00000000 00000002 10001000 1000104B D4
55497	16	1,2,3,4,5	5: 0x0200E492 14
55887	5	2,3,4,8,9,10,11,16	93: 0x61DCD1CD AB100010 00100010 00050005 00050005 007EF500 02010001 00010001 E03A0663 04000001 F19B025A EB008000 F2051200 80FD0000 00000000 00020500 05000500 05061400 00001EFD 00000000 00000002 10001000 1000104D 11
55890	16	1,2,3,4,5	5: 0x0200D1BC 72
55891	2	3,4,5,6,7,8,9,16	93: 0x61DCF0CD AB100010 00100010 00020002 00020002 007EF500 02010001 00010001 E03A0663 04000001 F19B025B 03008000 F2051200 80FD0000 00000000 00020200 02000200 02061400 00001EFD 00000000 00000002 10001000 10001071 37
55894	16	1,2,3,4,5	5: 0x0200F037 42
55918	2	3,4,5,6,7,8,9,16	93: 0x61DCF0CD AB100010 00100010 00020002 00020002 007EF500 02010001 00010001 E03A0663 04000001 F19B025B 03008000 F2051200 80FD0000 00000000 00020200 02000200 02061400 00001EFD 00000000 00000002 10001000 10001071 37
55921	16	1,2,3,4,5	5: 0x0200F037 42
55982	5	2,3,4,8,9,10,11,16	93: 0x61DCD1CD AB100010 00100010 00050005 00050005 007EF500 02010001 00010001 E03A0663 04000001 F19B025A EB008000 F2051200 80FD0000 00000000 00020500 05000500 05061400 00001EFD 00000000 00000002 10001000 1000104D 11
55985	16	1,2,3,4,5	5: 0x0200D1BC 72
56699	12	6,7,8,9,13,14,15	27: 0x41D834CD ABFFFF0C 000C000C 000C007A 3B3A1A9B 0064F100 00AB82
58130	3	2,4,5,6,7,8,9,10,16	93: 0x61DCAFCD AB100010 00100010 00030003 00030003 007EF500 02010001 00010001 E03A0663 04000002 019B025A FB008000 F2051200 80FD0000 00000000 00020300 03000300 03061400 00001EFD 00000000 00000002 10001000 1000105F E9
58133	16	1,2,3,4,5	5: 0x0200AF45 E8
58196	14	7,8,9,10,11,12,13,15	27: 0x41D88DCD ABFFFF0E 000E000E 000E007A 3B3A1A9B 0064E900 002788
61513	5	2,3,4,8,9,10,11,16	93: 0x61DCD2CD AB100010 00100010 00050005 00050005 007EF500 02010001 00010001 E03A0663 04000001 F99B025A EB008000 F2051200 80FD0000 00000000 00020500 05000500 05061400 00001EFD 00000000 00000002 10001000 1000104F C9
61516	16	1,2,3,4,5	5: 0x0200D227 40
61803	11	4,5,8,9,10,14,15	27: 0x41D8F1CD ABFFFF0B 000B000B 000B007A 3B3A1A9B 0064F500 003B5D
61851	4	2,3,5,7,8,9,10,11,16	93: 0x61DCE5CD AB100010 00100010 00040004 00040004 007EF500 02010001 00010001 E03A0663 04000001 FB9B025A F3008000 F2051200 80FD0000 00000000 00020400 04000400 04061400 00001EFD 00000000 00000002 10001000 100010D8 64
61854	16	1,2,3,4,5	5: 0x0200E51B 05
63148	2	3,4,5,6,7,8,9,16	93: 0x61DCF1CD AB100010 00100010 00020002 00020002 007EF500 02010001 00010001 E03A0663 04000001 ED9B025B 03008000 F2051200 80FD0000 00000000 00020200 02000200 02061400 00001EFD 00000000 00000002 10001000 100010FF 04
63151	16	1,2,3,4,5	5: 0x0200F1BE 53
64072	3	2,4,5,6,7,8,9,10,16	93: 0x61DCB0CD AB100010 00100010 00030003 00030003 007EF500 02010001 00010001 E03A0663 04000001 FB9B025A FB008000 F2051200 80FD0000 00000000 00020300 03000300 03061400 00001EFD 00000000 00000002 10001000 1000107E 2D
64075	16	1,2,3,4,5	5: 0x0200B033 00
65502	10	3,4,5,7,8,9,11,13,14,15	27: 0x41D8E8CD ABFFFF0A 000A000A 000A007A 3B3A1A9B 0064F900 000D4E
66652	7	2,3,4,6,8,9,10,12,13,14	27: 0x41D882CD ABFFFF07 00070007 0007007A 3B3A1A9B 00650500 009234
67179	16	1,2,3,4,5	97: 0x41D832CD ABFFFF10 00100010 0010007A 3B3A1A9B 01001C00 F0014908 F00000FD 00000000 00000002 01000100 01000104 0E00080C 00040000 80000100 1E003C08 1E4040FF FFFFFFFF FFFFFF00 000000FD 00000000 00000000 00000000 0000002E C6
68331	8	2,3,4,5,6,7,9,10,11,12,13,14,15	27: 0x41D8BDCD ABFFFF08 00080008 0008007A 3B3A1A9B 00650100 004500
68676	2	3,4,5,6,7,8,9,16	93: 0x61DCF2CD AB100010 00100010 00020002 00020002 007EF500 02010001 00010001 E03A0663 04000001 E99B025B 03008000 F2051200 80FD0000 00000000 00020200 02000200 02061400 00001EFD 00000000 00000002 10001000 100010ED E7
68679	16	1,2,3,4,5	5: 0x0200F225 61
68818	5	2,3,4,8,9,10,11,16	93: 0x61DCD3CD AB100010 00100010 00050005 00050005 007EF500 02010001 00010001 E03A0663 04000001 F49B025A EB008000 F2051200 80FD0000 00000000 00020500 05000500 05061400 00001EFD 00000000 00000002 10001000 100010BD A4
68821	16	1,2,3,4,5	5: 0x0200D3AE 51
69194	4	2,3,5,7,8,9,10,11,16	93: 0x61DCE6CD AB100010 00100010 00040004 00040004 007EF500 02010001 00010001 E03A0663 04000001 F69B025A F3008000 F2051200 80FD0000 00000000 00020400 04000400 04061400 00001EFD 00000000 00000002 10001000 10001096 AF
69197	16	1,2,3,4,5	5: 0x0200E680 37
69198	3	2,4,5,6,7,8,9,10,16	93: 0x61DCB1CD AB100010 00100010 00030003 00030003 007EF500 02010001 00010001 E03A0663 04000001 F69B025A FB008000 F2051200 80FD0000 00000000 00020300 03000300 03061400 00001EFD 00000000 00000002 10001000 1000108C 40
69201	16	1,2,3,4,5	5: 0x0200B1BA 11
69237	4	2,3,5,7,8,9,10,11,16	93: 0x61DCE6CD AB100010 00100010 00040004 00040004 007EF500 02010001 00010001 E03A0663 04000001 F69B025A F3008000 F2051200 80FD0000 00000000 00020400 04000400 04061400 00001EFD 00000000 00000002 10001000 10001096 AF
69240	16	1,2,3,4,5	5: 0x0200E680 37
69265	3	2,4,5,6,7,8,9,10,16	93: 0x61DCB1CD AB100010 00100010 00030003 00030003 007EF500 02010001 00010001 E03A0663 04000001 F69B025A FB008000 F2051200 80FD0000 00000000 00020300 03000300 03061400 00001EFD 00000000 00000002 10001000 1000108C 40
69268	16	1,2,3,4,5	5: 0x0200B1BA 11
72717	13	6,7,8,9,10,12,14,15	27: 0x41D84ACD ABFFFF0D 000D000D 000D007A 3B3A1A9B 0064ED00 003669
72969	2	3,4,5,6,7,8,9,16	93: 0x61DCF3CD AB100010 00100010 00020002 00020002 007EF500 02010001 00010001 E03A0663 04000001 E59B025B 03008000 F2051200 80FD0000 00000000 00020200 02000200 02061400 00001EFD 00000000 00000002 10001000 100010A3 8F
72972	16	1,2,3,4,5	5: 0x0200F3AC 70
73714	5	2,3,4,8,9,10,11,16	93: 0x61DCD4CD AB100010 00100010 00050005 00050005 007EF500 02010001 00010001 E03A0663 04000001 EF9B025A EB008000 F2051200 80FD0000 00000000 00020500 05000500 05061400 00001EFD 00000000 00000002 10001000 100010D2 6C
73717	16	1,2,3,4,5	5: 0x0200D411 25
74360	4	2,3,5,7,8,9,10,11,16	93: 0x61DCE7CD AB100010 00100010 00040004 00040004 007EF500 02010001 00010001 E03A0663 04000001 FE9B025A F3008000 F2051200 80FD0000 00000000 00020400 04000400 04061400 00001EFD 00000000 00000002 10001000 10001028 D1
74363	16	1,2,3,4,5	5: 0x0200E709 26
75434	3	2,4,5,6,7,8,9,10,16	93: 0x61DCB2CD AB100010 00100010 00030003 00030003 007EF500 02010001 00010001 E03A0663 04000001 F19B025A FB008000 F2051200 80FD0000 00000000 00020300 03000300 03061400 00001EFD 00000000 00000002 10001000 1000105A AD
75437	16	1,2,3,4,5	5: 0x0200B221 23
77049	12	6,7,8,9,13,14,15	27: 0x41D835CD ABFFFF0C 000C000C 000C007A 3B3A1A9B 0064F100 00620B
77304	2	3,4,5,6,7,8,9,16	27: 0x41D8F4CD ABFFFF02 00020002 0002007A 3B3A1A9B 00651900 000194
78154	4	2,3,5,7,8,9,10,11,16	93: 0x61DCE8CD AB100010 00100010 00040004 00040004 007EF500 02010001 00010001 E03A0663 04000001 F89B025A F3008000 F2051200 80FD0000 00000000 00020400 04000400 04061400 00001EFD 00000000 00000002 10001000 100010F9 F6
78157	16	1,2,3,4,5	5: 0x0200E8FE DE
78371	3	2,4,5,6,7,8,9,10,16	93: 0x61DCB3CD AB100010 00100010 00030003 00030003 007EF500 02010001 00010001 E03A0663 04000001 ED9B025A FB008000 F2051200 80FD0000 00000000 00020300 03000300 03061400 00001EFD 00000000 00000002 10001000 100010D4 9E
78374	16	1,2,3,4,5	5: 0x0200B3A8 32
79681	6	2,3,7,8,9,12,13	27: 0x41D8DFCD ABFFFF06 00060006 0006007A 3B3A1A9B 00650900 00F178
81043	16	1,2,3,4,5	97: 0x41D833CD ABFFFF10 00100010 0010007A 3B3A1A9B 01001C00 F0014908 F00000FD 00000000 00000002 01000100 01000104 0E00080C 00040000 80000100 1E003C08 1E4040FF FFFFFFFF FFFFFF00 000000FD 00000000 00000000 00000000 000000FD D1
81268	10	3,4,5,7,8,9,11,13,14,15	27: 0x41D8E9CD ABFFFF0A 000A000A 000A007A 3B3A1A9B 0064F900 00C4C7
83162	5	2,3,4,8,9,10,11,16	93: 0x61DCD5CD AB100010 00100010 00050005 00050005 007EF500 02010001 00010001 E03A0663 04000001 EB9B025A EA008000 F3051200 80FD0000 00000000 00020500 05000500 05061400 00001EFD 00000000 00000002 10001000 10001007 40
83165	16	1,2,3,4,5	5: 0x0200D598 34
84892	11	4,5,8,9,10,14,15	27: 0x41D8F2CD ABFFFF0B 000B000B 000B007A 3B3A1A9B 0064F500 0071CF
84966	3	2,4,5,6,7,8,9,10,16	93: 0x61DCB4CD AB100010 00100010 00030003 00030003 007EF500 02010001 00010001 E03A0663 04000001 E99B025A FA008000 F3051200 80FD0000 00000000 00020300 03000300 03061400 00001EFD 00000000 00000002 10001000 100010D4 51
84969	16	1,2,3,4,5	5: 0x0200B417 46
85137	4	2,3,5,7,8,9,10,11,16	93: 0x61DCE9CD AB100010 00100010 00040004 00040004 007EF500 02010001 00010001 E03A0663 04000001 F39B025A F2008000 F3051200 80FD0000 00000000 00020400 04000400 04061400 00001EFD 00000000 00000002 10001000 100010F8 EF
85140	16	1,2,3,4,5	5: 0x0200E977 CF
85380	2	3,4,5,6,7,8,9,16	93: 0x61DCF5CD AB100010 00100010 00020002 00020002 007EF500 02010001 00010001 E03A0663 04000001 E29B025B 02008000 F3051200 80FD0000 00000000 00020200 02000200 02061400 00001EFD 00000000 00000002 10001000 10001039 1D
85383	16	1,2,3,4,5	5: 0x0200F59A 15
86438	9	2,3,4,5,6,7,8,10,11,12,13,14,15	27: 0x41D848CD ABFFFF09 00090009 0009007A 3B3A1A9B 0064FD00 0022D2
87097	8	2,3,4,5,6,7,9,10,11,12,13,14,15	27: 0x41D8BECD ABFFFF08 00080008 0008007A 3B3A1A9B 00650100 000F92
88514	16	1,2,3,4,5	97: 0x41D834CD ABFFFF10 00100010 0010007A 3B3A1A9B 01001C00 F0014908 F00000FD 00000000 00000002 01000100 01000104 0E00080C 00040000 80000100 1E003C08 1E4040FF FFFFFFFF FFFFFF00 000000FD 00000000 00000000 00000000 000000C4 B6
89823	14	7,8,9,10,11,12,13,15	27: 0x41D88ECD ABFFFF0E 000E000E 000E007A 3B3A1A9B 0064E900 006D1A
89867	3	2,4,5,6,7,8,9,10,16	93: 0x61DCB5CD AB100010 00100010 00030003 00030003 007EF500 02010001 00010001 E03A0663 04000001 E59B025A FA008000 F3051200 80FD0000 00000000 00020300 03000300 03061400 00001EFD 00000000 00000002 10001000 1000109A 39
89870	16	1,2,3,4,5	5: 0x0200B59E 57
90320	5	2,3,4,8,9,10,11,16	93: 0x61DCD6CD AB100010 00100010 00050005 00050005 007EF500 02010001 00010001 E03A0663 04000001 E79B025A EA008000 F3051200 80FD0000 00000000 00020500 05000500 05061400 00001EFD 00000000 00000002 10001000 100010F5 8E
90323	16	1,2,3,4,5	5: 0x0200D603 06
90330	7	2,3,4,6,8,9,10,12,13,14	27: 0x41D883CD ABFFFF07 00070007 0007007A 3B3A1A9B 00650500 005BBD
90470	4	2,3,5,7,8,9,10,11,16	93: 0x61DCEACD AB100010 00100010 00040004 00040004 007EF500 02010001 00010001 E03A0663 04000001 EE9B025A F2008000 F3051200 80FD0000 00000000 00020400 04000400 04061400 00001EFD 00000000 00000002 10001000 10001076 7F
90473	16	1,2,3,4,5	5: 0x0200EAEC FD
90980	2	3,4,5,6,7,8,9,16	93: 0x61DCF6CD AB100010 00100010 00020002 00020002 007EF500 02010001 00010001 E03A0663 04000001 DF9B025B 02008000 F3051200 80FD0000 00000000 00020200 02000200 02061400 00001EFD 00000000 00000002 10001000 10001037 3A
90983	16	1,2,3,4,5	5: 0x0200F601 27
94114	5	2,3,4,8,9,10,11,16	93: 0x61DCD7CD AB100010 00100010 00050005 00050005 007EF500 02010001 00010001 E03A0663 04000001 E49B025A EA008000 F3051200 80FD0000 00000000 00020500 05000500 05061400 00001EFD 00000000 00000002 10001000 1000106F D3
94117	16	1,2,3,4,5	5: 0x0200D78A 17
95665	3	2,4,5,6,7,8,9,10,16	93: 0x61DCB6CD AB100010 00100010 00030003 00030003 007EF500 02010001 00010001 E03A0663 04000001 E29B025A FA008000 F3051200 80FD0000 00000000 00020300 03000300 03061400 00001EFD 00000000 00000002 10001000 1000104C D4
95668	16	1,2,3,4,5	5: 0x0200B605 65
96653	4	2,3,5,7,8,9,10,11,16	93: 0x61DCEBCD AB100010 00100010 00040004 00040004 007EF500 02010001 00010001 E03A0663 04000001 EA9B025A F2008000 F3051200 80FD0000 00000000 00020400 04000400 04061400 00001EFD 00000000 00000002 10001000 100010D8 3A
96656	16	1,2,3,4,5	5: 0x0200EB65 EC
96878	15	8,9,10,11,12,13,14	27: 0x41D8B8CD ABFFFF0F 000F000F 000F007A 3B3A1A9B 0064E500 003A72
96953	2	3,4,5,6,7,8,9,16	93: 0x61DCF7CD AB100010 00100010 00020002 00020002 007EF500 02010001 00010001 E03A0663 04000001 DC9B025B 02008000 F3051200 80FD0000 00000000 00020200 02000200 02061400 00001EFD 00000000 00000002 10001000 100010AD 67
96956	16	1,2,3,4,5	5: 0x0200F788 36
99712	5	2,3,4,8,9,10,11,16	93: 0x61DCD8CD AB100010 00100010 00050005 00050005 007EF500 02010001 00010001 E03A0663 04000001 E19B025A EA008000 F3051200 80FD0000 00000000 00020500 05000500 05061400 00001EFD 00000000 00000002 10001000 1000107A FA
99715	16	1,2,3,4,5	5: 0x0200D87D EF
100679	3	2,4,5,6,7,8,9,10,16	93: 0x61DCB7CD AB100010 00100010 00030003 00030003 007EF500 02010001 00010001 E03A0663 04000001 DF9B025A FA008000 F3051200 80FD0000 00000000 00020300 03000300 03061400 00001EFD 00000000 00000002 10001000 100010FE 55
100682	16	1,2,3,4,5	5: 0x0200B78C 74
101234	4	2,3,5,7,8,9,10,11,16	93: 0x61DCECCD AB100010 00100010 00040004 00040004 007EF500 02010001 00010001 E03A0663 04000001 E69B025A F2008000 F3051200 80FD0000 00000000 00020400 04000400 04061400 00001EFD 00000000 00000002 10001000 10001043 B1
101237	16	1,2,3,4,5	5: 0x0200ECDA 98
102820	5	2,3,4,8,9,10,11,16	93: 0x61DCD9CD AB100010 00100010 00050005 00050005 007EF500 02010001 00010001 E03A0663 04000001 DE9B025A EA008000 F3051200 80FD0000 00000000 00020500 05000500 05061400 00001EFD 00000000 00000002 10001000 100010B0 70
102823	16	1,2,3,4,5	5: 0x0200D9F4 FE
103302	16	1,2,3,4,5	97: 0x41D835CD ABFFFF10 00100010 0010007A 3B3A1A9B 01001C00 F0014908 F00000FD 00000000 00000002 01000100 01000104 0E00080C 00040000 80000100 1E003C08 1E4040FF FFFFFFFF FFFFFF00 000000FD 00000000 00000000 00000000 00000017 A1
103568	2	3,4,5,6,7,8,9,16	93: 0x61DCF8CD AB100010 00100010 00020002 00020002 007EF500 02010001 00010001 E03A0663 04000001 DA9B025B 02008000 F3051200 80FD0000 00000000 00020200 02000200 02061400 00001EFD 00000000 00000002 10001000 1000107C 40
103571	16	1,2,3,4,5	5: 0x0200F87F CE
105974	3	2,4,5,6,7,8,9,10,16	93: 0x61DCB8CD AB100010 00100010 00030003 00030003 007EF500 02010001 00010001 E03A0663 04000001 DC9B025A FA008000 F3051200 80FD0000 00000000 00020300 03000300 03061400 00001EFD 00000000 00000002 10001000 10001063 61
105977	16	1,2,3,4,5	5: 0x0200B87B 8C
108418	4	2,3,5,7,8,9,10,11,16	93: 0x61DCEDCD AB100010 00100010 00040004 00040004 007EF500 02010001 00010001 E03A0663 04000001 E39B025A F2008000 F3051200 80FD0000 00000000 00020400 04000400 04061400 00001EFD 00000000 00000002 10001000 10001051 F1
108421	16	1,2,3,4,5	5: 0x0200ED53 89
109209	5	2,3,4,8,9,10,11,16	93: 0x61DCDACD AB100010 00100010 00050005 00050005 007EF500 02010001 00010001 E03A0663 04000001 DB9B025A E9008000 F4051200 80FD0000 00000000 00020500 05000500 05061400 00001EFD 00000000 00000002 10001000 10001092 9A
109212	16	1,2,3,4,5	5: 0x0200DA6F CC
109690	2	3,4,5,6,7,8,9,16	93: 0x61DCF9CD AB100010 00100010 00020002 00020002 007EF500 02010001 00010001 E03A0663 04000001 D89B025B 02008000 F3051200 80FD0000 00000000 00020200 02000200 02061400 00001EFD 00000000 00000002 10001000 1000105A 18
109693	16	1,2,3,4,5	5: 0x0200F9F6 DF
110309	10	3,4,5,7,8,9,11,13,14,15	27: 0x41D8EACD ABFFFF0A 000A000A 000A007A 3B3A1A9B 0064F900 008E55
111361	6	2,3,7,8,9,12,13	27: 0x41D8E0CD ABFFFF06 00060006 0006007A 3B3A1A9B 00650900 0088DF
111653	14	7,8,9,10,11,12,13,15	27: 0x41D88FCD ABFFFF0E 000E000E 000E007A 3B3A1A9B 0064E900 00A493
112779	5	2,3,4,8,9,10,11,16	93: 0x61DCDBCD AB100010 00100010 00050005 00050005 007EF500 02010001 00010001 E03A0663 04000001 D99B025A E9008000 F4051200 80FD0000 00000000 00020500 05000500 05061400 00001EFD 00000000 00000002 10001000 100010B4 C2
112782	16	1,2,3,4,5	5: 0x0200DBE6 DD
113309	1	16	97: 0x41D8F0CD ABFFFF01 00010001 0001007A 3B3A1A9B 01012100 F0008008 F00000FD 00000000 00000002 01000100 01000104 0E00080C 00040000 80000100 1E003C08 1E4040FF FFFFFFFF FFFFFF00 000000FD 00000000 00000000 00000000 0000007A 49
114166	13	6,7,8,9,10,12,14,15	27: 0x41D84BCD ABFFFF0D 000D000D 000D007A 3B3A1A9B 0064ED00 00FFE0
114518	15	8,9,10,11,12,13,14	27: 0x41D8B9CD ABFFFF0F 000F000F 000F007A 3B3A1A9B 0064E500 00F3FB
116486	5	2,3,4,8,9,10,11,16	93: 0x61DCDCCD AB100010 00100010 00050005 00050005 007EF500 02010001 00010001 E03A0663 04000001 D79B025A E9008000 F4051200 80FD0000 00000000 00020500 05000500 05061400 00001EFD 00000000 00000002 10001000 10001057 42
116489	16	1,2,3,4,5	5: 0x0200DC59 A9
116532	9	2,3,4,5,6,7,8,10,11,12,13,14,15	27: 0x41D849CD ABFFFF09 00090009 0009007A 3B3A1A9B 0064FD00 00EB5B
120421	12	6,7,8,9,13,14,15	27: 0x41D836CD ABFFFF0C 000C000C 000C007A 3B3A1A9B 0064F100 002899
120987	5	2,3,4,8,9,10,11,16	93: 0x61DCDDCD AB100010 00100010 00050005 00050005 007EF500 02010001 00010001 E03A0663 04000001 D59B025A E9008000 F4051200 80FD0000 00000000 00020500 05000500 05061400 00001EFD 00000000 00000002 10001000 10001071 1A
120990	16	1,2,3,4,5	5: 0x0200DDD0 B8
123433	16	1,2,3,4,5	97: 0x41D836CD ABFFFF10 00100010 0010007A 3B3A1A9B 01001C00 F0014908 F00000FD 00000000 00000002 01000100 01000104 0E00080C 00040000 80000100 1E003C08 1E4040FF FFFFFFFF FFFFFF00 000000FD 00000000 00000000 00000000 00000062 99
123570	16	1,2,3,4,5	102: 0x61DC37CD AB040004 00040004 00100010 00100010 007A333A 9B01FEA7 00F00149 08F00000 FD000000 00000000 02010001 00010001 040E0008 0C000400 00800001 001E003C 081E4040 FFFFFFFF FFFFFFFF 00000000 FD000000 00000000 00000000 00000000 3343
123574	4	2,3,5,7,8,9,10,11,16	5: 0x02003784 F0
126582	8	2,3,4,5,6,7,9,10,11,12,13,14,15	27: 0x41D8BFCD ABFFFF08 00080008 0008007A 3B3A1A9B 00650100 00C61B
126842	7	2,3,4,6,8,9,10,12,13,14	27: 0x41D884CD ABFFFF07 00070007 0007007A 3B3A1A9B 00650500 001718
126912	11	4,5,8,9,10,14,15	27: 0x41D8F3CD ABFFFF0B 000B000B 000B007A 3B3A1A9B 0064F500 00B846
127753	4	2,3,5,7,8,9,10,11,16	93: 0x61DCEECD AB100010 00100010 00040004 00040004 007EF500 02010001 00010001 E03A0663 04000001 E09B025A F1008000 F4051200 80FD0000 00000000 00020400 04000400 04061400 00001EFD 00000000 00000002 10001000 100010FB 06
127756	16	1,2,3,4,5	5: 0x0200EEC8 BB
127768	5	2,3,4,8,9,10,11,16	93: 0x61DCDECD AB100010 00100010 00050005 00050005 007EF500 02010001 00010001 E03A0663 04000001 D39B025A E9008000 F4051200 80FD0000 00000000 00020500 05000500 05061400 00001EFD 00000000 00000002 10001000 1000101B F2
127771	16	1,2,3,4,5	5: 0x0200DE4B 8A
128811	3	2,4,5,6,7,8,9,10,16	93: 0x61DCB9CD AB100010 00100010 00030003 00030003 007EF500 02010001 00010001 E03A0663 04000001 DA9B025A F9008000 F4051200 80FD0000 00000000 00020300 03000300 03061400 00001EFD 00000000 00000002 10001000 10001039 23
128814	16	1,2,3,4,5	5: 0x0200B9F2 9D
129211	2	3,4,5,6,7,8,9,16	93: 0x61DCFACD AB100010 00100010 00020002 00020002 007EF500 02010001 00010001 E03A0663 04000001 D69B025B 01008000 F4051200 80FD0000 00000000 00020200 02000200 02061400 00001EFD 00000000 00000002 10001000 1000105C D1
129214	16	1,2,3,4,5	5: 0x0200FA6D ED
130899	13	6,7,8,9,10,12,14,15	27: 0x41D84CCD ABFFFF0D 000D000D 000D007A 3B3A1A9B 0064ED00 00B345
131592	15	8,9,10,11,12,13,14	27: 0x41D8BACD ABFFFF0F 000F000F 000F007A 3B3A1A9B 0064E500 00B969
132543	6	2,3,7,8,9,12,13	27: 0x41D8E1CD ABFFFF06 00060006 0006007A 3B3A1A9B 00650900 004156
133365	4	2,3,5,7,8,9,10,11,16	93: 0x61DCEFCD AB100010 00100010 00040004 00040004 007EF500 02010001 00010001 E03A0663 04000001 DD9B025A F1008000 F4051200 80FD0000 00000000 00020400 04000400 04061400 00001EFD 00000000 00000002 10001000 10001049 87
133368	16	1,2,3,4,5	5: 0x0200EF41 AA
133822	2	3,4,5,6,7,8,9,16	93: 0x61DCFBCD AB100010 00100010 00020002 00020002 007EF500 02010001 00010001 E03A0663 04000001 D49B025B 01008000 F4051200 80FD0000 00000000 00020200 02000200 02061400 00001EFD 00000000 00000002 10001000 1000107A 89
133825	16	1,2,3,4,5	5: 0x0200FBE4 FC
135977	3	2,4,5,6,7,8,9,10,16	93: 0x61DCBACD AB100010 00100010 00030003 00030003 007EF500 02010001 00010001 E03A0663 04000001 D89B025A F9008000 F4051200 80FD0000 00000000 00020300 03000300 03061400 00001EFD 00000000 00000002 10001000 100010A3 DD
135980	16	1,2,3,4,5	5: 0x0200BA69 AF
138207	2	3,4,5,6,7,8,9,16	93: 0x61DCFCCD AB100010 00100010 00020002 00020002 007EF500 02010001 00010001 E03A0663 04000001 D29B025B 01008000 F4051200 80FD0000 00000000 00020200 02000200 02061400 00001EFD 00000000 00000002 10001000 10001079 24
138210	16	1,2,3,4,5	5: 0x0200FC5B 88
138267	10	3,4,5,7,8,9,11,13,14,15	27: 0x41D8EBCD ABFFFF0A 000A000A 000A007A 3B3A1A9B 0064F900 0047DC
138963	12	6,7,8,9,13,14,15	27: 0x41D837CD ABFFFF0C 000C000C 000C007A 3B3A1A9B 0064F100 00E110
140008	4	2,3,5,7,8,9,10,11,16	93: 0x61DCF0CD AB100010 00100010 00040004 00040004 007EF500 02010001 00010001 E03A0663 04000001 DB9B025A F1008000 F4051200 80FD0000 00000000 00020400 04000400 04061400 00001EFD 00000000 00000002 10001000 1000102D BD
140011	16	1,2,3,4,5	5: 0x0200F037 42
140983	2	3,4,5,6,7,8,9,16	93: 0x61DCFDCD AB100010 00100010 00020002 00020002 007EF500 02010001 00010001 E03A0663 04000001 D19B025B 01008000 F4051200 80FD0000 00000000 00020200 02000200 02061400 00001EFD 00000000 00000002 10001000 100010E3 79
140986	16	1,2,3,4,5	5: 0x0200FDD2 99
141500	9	2,3,4,5,6,7,8,10,11,12,13,14,15	27: 0x41D84ACD ABFFFF09 00090009 0009007A 3B3A1A9B 0064FD00 00A1C9
142274	3	2,4,5,6,7,8,9,10,16	93: 0x61DCBBCD AB100010 00100010 00030003 00030003 007EF500 02010001 00010001 E03A0663 04000001 D69B025A F9008000 F4051200 80FD0000 00000000 00020300 03000300 03061400 00001EFD 00000000 00000002 10001000 10001095 BE
142277	16	1,2,3,4,5	5: 0x0200BBE0 BE
142303	14	7,8,9,10,11,12,13,15	27: 0x41D890CD ABFFFF0E 000E000E 000E007A 3B3A1A9B 0064E900 00FC84
142708	4	2,3,5,7,8,9,10,11,16	93: 0x61DCF1CD AB100010 00100010 00040004 00040004 007EF500 02010001 00010001 E03A0663 04000001 D99B025A F1008000 F4051200 80FD0000 00000000 00020400 04000400 04061400 00001EFD 00000000 00000002 10001000 1000100B E5
142711	16	1,2,3,4,5	5: 0x0200F1BE 53
144874	11	4,5,8,9,10,14,15	27: 0x41D8F4CD ABFFFF0B 000B000B 000B007A 3B3A1A9B 0064F500 00F4E3
145333	4	2,3,5,7,8,9,10,11,16	93: 0x61DCF2CD AB100010 00100010 00040004 00040004 007EF500 02010001 00010001 E03A0663 04000001 D79B025A F1008000 F4051200 80FD0000 00000000 00020400 04000400 04061400 00001EFD 00000000 00000002 10001000 10001081 20
145336	16	1,2,3,4,5	5: 0x0200F225 61
146062	3	2,4,5,6,7,8,9,10,16	93: 0x61DCBCCD AB100010 00100010 00030003 00030003 007EF500 02010001 00010001 E03A0663 04000001 D49B025A F9008000 F4051200 80FD0000 00000000 00020300 03000300 03061400 00001EFD 00000000 00000002 10001000 10001066 05
146065	16	1,2,3,4,5	5: 0x0200BC5F CA
147694	2	3,4,5,6,7,8,9,16	93: 0x61DCFECD AB100010 00100010 00020002 00020002 007EF500 02010001 00010001 E03A0663 04000001 D09B025B 01008000 F4051200 80FD0000 00000000 00020200 02000200 02061400 00001EFD 00000000 00000002 10001000 100010BD 89
147697	16	1,2,3,4,5	5: 0x0200FE49 AB
149994	13	6,7,8,9,10,12,14,15	27: 0x41D84DCD ABFFFF0D 000D000D 000D007A 3B3A1A9B 0064ED00 007ACC
151356	4	2,3,5,7,8,9,10,11,16	27: 0x41D8F3CD ABFFFF04 00040004 0004007A 3B3A1A9B 00651100 000CC0
152391	3	2,4,5,6,7,8,9,10,16	93: 0x61DCBDCD AB100010 00100010 00030003 00030003 007EF500 02010001 00010001 E03A0663 04000001 D29B025A F9008000 F4051200 80FD0000 00000000 00020300 03000300 03061400 00001EFD 00000000 00000002 10001000 100010B0 4B
152394	16	1,2,3,4,5	5: 0x0200BDD6 DB
152544	15	8,9,10,11,12,13,14	27: 0x41D8BBCD ABFFFF0F 000F000F 000F007A 3B3A1A9B 0064E500 0070E0
154774	16	1,2,3,4,5	97: 0x41D838CD ABFFFF10 00100010 0010007A 3B3A1A9B 01001C00 F0014908 F00000FD 00000000 00000002 01000100 01000104 0E00080C 00040000 80000100 1E003C08 1E4040FF FFFFFFFF FFFFFF00 000000FD 00000000 00000000 00000000 00000010 57
155872	10	3,4,5,7,8,9,11,13,14,15	27: 0x41D8ECCD ABFFFF0A 000A000A 000A007A 3B3A1A9B 0064F900 000B79
157093	5	2,3,4,8,9,10,11,16	93: 0x61DCDFCD AB100010 00100010 00050005 00050005 007EF500 02010001 00010001 E03A0663 04000001 D29B025A E8008000 F5051200 80FD0000 00000000 00020500 05000500 05061400 00001EFD 00000000 00000002 10001000 10001082 CD
157096	16	1,2,3,4,5	5: 0x0200DFC2 9B
157533	2	3,4,5,6,7,8,9,16	93: 0x61DCFFCD AB100010 00100010 00020002 00020002 007EF500 02010001 00010001 E03A0663 04000001 CF9B025B 00008000 F5051200 80FD0000 00000000 00020200 02000200 02061400 00001EFD 00000000 00000002 10001000 1000108C DD
157536	16	1,2,3,4,5	5: 0x0200FFC0 BA
160508	3	2,4,5,6,7,8,9,10,16	93: 0x61DCBECD AB100010 00100010 00030003 00030003 007EF500 02010001 00010001 E03A0663 04000001 D19B025A F8008000 F5051200 80FD0000 00000000 00020300 03000300 03061400 00001EFD 00000000 00000002 10001000 100010ED D9
160511	16	1,2,3,4,5	5: 0x0200BE4D E9
160786	4	2,3,5,7,8,9,10,11,16	93: 0x61DCF4CD AB100010 00100010 00040004 00040004 007EF500 02010001 00010001 E03A0663 04000001 D59B025A F0008000 F5051200 80FD0000 00000000 00020400 04000400 04061400 00001EFD 00000000 00000002 10001000 10001057 A1
160789	16	1,2,3,4,5	5: 0x0200F413 04
162090	5	2,3,4,8,9,10,11,16	93: 0x61DCE0CD AB100010 00100010 00050005 00050005 007EF500 02010001 00010001 E03A0663 04000001 D19B025A E8008000 F5051200 80FD0000 00000000 00020500 05000500 05061400 00001EFD 00000000 00000002 10001000 100010C0 DF
162093	16	1,2,3,4,5	5: 0x0200E0B6 52
162526	16	1,2,3,4,5	97: 0x41D839CD ABFFFF10 00100010 0010007A 3B3A1A9B 01001C00 F0014908 F00000FD 00000000 00000002 01000100 01000104 0E00080C 00040000 80000100 1E003C08 1E4040FF FFFFFFFF FFFFFF00 000000FD 00000000 00000000 00000000 000000C3 40
163432	2	3,4,5,6,7,8,9,16	93: 0x61DC00CD AB100010 00100010 00020002 00020002 007EF500 02010001 00010001 E03A0663 04000001 CE9B025B 00008000 F5051200 80FD0000 00000000 00020200 02000200 02061400 00001EFD 00000000 00000002 10001000 100010CA 5F
163435	16	1,2,3,4,5	5: 0x020000B8 B5
165654	6	2,3,7,8,9,12,13	27: 0x41D8E2CD ABFFFF06 00060006 0006007A 3B3A1A9B 00650900 000BC4
166645	2	3,4,5,6,7,8,9,16	93: 0x61DC01CD AB100010 00100010 00020002 00020002 007EF500 02010001 00010001 E03A0663 04000001 CD9B025B 00008000 F5051200 80FD0000 00000000 00020200 02000200 02061400 00001EFD 00000000 00000002 10001000 10001050 02
166648	16	1,2,3,4,5	5: 0x02000131 A4
166700	4	2,3,5,7,8,9,10,11,16	93: 0x61DCF5CD AB100010 00100010 00040004 00040004 007EF500 02010001 00010001 E03A0663 04000001 D39B025A F0008000 F5051200 80FD0000 00000000 00020400 04000400 04061400 00001EFD 00000000 00000002 10001000 10001081 EF
166703	16	1,2,3,4,5	5: 0x0200F59A 15
167682	13	6,7,8,9,10,12,14,15	27: 0x41D84ECD ABFFFF0D 000D000D 000D007A 3B3A1A9B 0064ED00 00305E
167850	3	2,4,5,6,7,8,9,10,16	93: 0x61DCBFCD AB100010 00100010 00030003 00030003 007EF500 02010001 00010001 E03A0663 04000001 D09B025A F8008000 F5051200 80FD0000 00000000 00020300 03000300 03061400 00001EFD 00000000 00000002 10001000 1000100F 8F
167853	16	1,2,3,4,5	5: 0x0200BFC4 F8
167992	8	2,3,4,5,6,7,9,10,11,12,13,14,15	27: 0x41D8C0CD ABFFFF08 00080008 0008007A 3B3A1A9B 00650100 00ECD4
168538	7	2,3,4,6,8,9,10,12,13,14	27: 0x41D885CD ABFFFF07 00070007 0007007A 3B3A1A9B 00650500 00DE91
169567	5	2,3,4,8,9,10,11,16	93: 0x61DCE1CD AB100010 00100010 00050005 00050005 007EF500 02010001 00010001 E03A0663 04000001 D09B025A E8008000 F5051200 80FD0000 00000000 00020500 05000500 05061400 00001EFD 00000000 00000002 10001000 10001022 89
169570	16	1,2,3,4,5	5: 0x0200E13F 43
170278	11	4,5,8,9,10,14,15	27: 0x41D8F5CD ABFFFF0B 000B000B 000B007A 3B3A1A9B 0064F500 003D6A
171354	2	3,4,5,6,7,8,9,16	93: 0x61DC02CD AB100010 00100010 00020002 00020002 007EF500 02010001 00010001 E03A0663 04000001 CC9B025B 00008000 F5051200 80FD0000 00000000 00020200 02000200 02061400 00001EFD 00000000 00000002 10001000 1000100E F2
171357	16	1,2,3,4,5	5: 0x020002AA 96
172331	4	2,3,5,7,8,9,10,11,16	93: 0x61DCF6CD AB100010 00100010 00040004 00040004 007EF500 02010001 00010001 E03A0663 04000001 D29B025A F0008000 F5051200 80FD0000 00000000 00020400 04000400 04061400 00001EFD 00000000 00000002 10001000 100010DF 1F
172334	16	1,2,3,4,5	5: 0x0200F601 27
172439	16	1,2,3,4,5	97: 0x41D83ACD ABFFFF10 00100010 0010007A 3B3A1A9B 01001C00 F0014908 F00000FD 00000000 00000002 01000100 01000104 0E00080C 00040000 80000100 1E003C08 1E4040FF FFFFFFFF FFFFFF00 000000FD 00000000 00000000 00000000 000000B6 78
172990	5	2,3,4,8,9,10,11,16	93: 0x61DCE2CD AB100010 00100010 00050005 00050005 007EF500 02010001 00010001 E03A0663 04000001 CF9B025A E8008000 F5051200 80FD0000 00000000 00020500 05000500 05061400 00001EFD 00000000 00000002 10001000 100010D4 12
172993	16	1,2,3,4,5	5: 0x0200E2A4 71
174287	3	2,4,5,6,7,8,9,10,16	93: 0x61DCC0CD AB100010 00100010 00030003 00030003 007EF500 02010001 00010001 E03A0663 04000001 CF9B025A F8008000 F5051200 80FD0000 00000000 00020300 03000300 03061400 00001EFD 00000000 00000002 10001000 10001049 8B
174290	16	1,2,3,4,5	5: 0x0200C0B4 73
174490	12	6,7,8,9,13,14,15	27: 0x41D838CD ABFFFF0C 000C000C 000C007A 3B3A1A9B 0064F100 00A1DB
175055	4	2,3,5,7,8,9,10,11,16	93: 0x61DCF7CD AB100010 00100010 00040004 00040004 007EF500 02010001 00010001 E03A0663 04000001 D19B025A F0008000 F5051200 80FD0000 00000000 00020400 04000400 04061400 00001EFD 00000000 00000002 10001000 10001045 42
175058	16	1,2,3,4,5	5: 0x0200F788 36
175118	2	3,4,5,6,7,8,9,16	93: 0x61DC03CD AB100010 00100010 00020002 00020002 007EF500 02010001 00010001 E03A0663 04000001 CB9B025B 00008000 F5051200 80FD0000 00000000 00020200 02000200 02061400 00001EFD 00000000 00000002 10001000 10001064 B9
175121	16	1,2,3,4,5	5: 0x02000323 87
175576	10	3,4,5,7,8,9,11,13,14,15	27: 0x41D8EDCD ABFFFF0A 000A000A 000A007A 3B3A1A9B 0064F900 00C2F0
176887	14	7,8,9,10,11,12,13,15	27: 0x41D891CD ABFFFF0E 000E000E 000E007A 3B3A1A9B 0064E900 00350D
179201	3	2,4,5,6,7,8,9,10,16	93: 0x61DCC1CD AB100010 00100010 00030003 00030003 007EF500 02010001 00010001 E03A0663 04000001 CE9B025A F8008000 F5051200 80FD0000 00000000 00020300 03000300 03061400 00001EFD 00000000 00000002 10001000 100010AB DD
179204	16	1,2,3,4,5	5: 0x0200C13D 62
179907	5	2,3,4,8,9,10,11,16	93: 0x61DCE3CD AB100010 00100010 00050005 00050005 007EF500 02010001 00010001 E03A0663 04000001 CE9B025A E8008000 F5051200 80FD0000 00000000 00020500 05000500 05061400 00001EFD 00000000 00000002 10001000 10001036 44
179910	16	1,2,3,4,5	5: 0x0200E32D 60
181310	4	2,3,5,7,8,9,10,11,16	93: 0x61DCF8CD AB100010 00100010 00040004 00040004 007EF500 02010001 00010001 E03A0663 04000001 D09B025A F0008000 F5051200 80FD0000 00000000 00020400 04000400 04061400 00001EFD 00000000 00000002 10001000 100010A0 7D
181313	16	1,2,3,4,5	5: 0x0200F87F CE
183959	9	2,3,4,5,6,7,8,10,11,12,13,14,15	27: 0x41D84BCD ABFFFF09 00090009 0009007A 3B3A1A9B 0064FD00 006840
185569	3	2,4,5,6,7,8,9,10,16	93: 0x61DCC2CD AB100010 00100010 00030003 00030003 007EF500 02010001 00010001 E03A0663 04000001 CD9B025A F8008000 F5051200 80FD0000 00000000 00020300 03000300 03061400 00001EFD 00000000 00000002 10001000 1000108D 26
185572	16	1,2,3,4,5	5: 0x0200C2A6 50
188466	4	2,3,5,7,8,9,10,11,16	27: 0x41D8F9CD ABFFFF04 00040004 0004007A 3B3A1A9B 00651100 0083B5
188516	8	2,3,4,5,6,7,9,10,11,12,13,14,15	27: 0x41D8C1CD ABFFFF08 00080008 0008007A 3B3A1A9B 00650100 00255D
189980	15	8,9,10,11,12,13,14	27: 0x41D8BCCD ABFFFF0F 000F000F 000F007A 3B3A1A9B 0064E500 003C45
191307	13	6,7,8,9,10,12,14,15	27: 0x41D84FCD ABFFFF0D 000D000D 000D007A 3B3A1A9B 0064ED00 00F9D7
191708	6	2,3,7,8,9,12,13	27: 0x41D8E3CD ABFFFF06 00060006 0006007A 3B3A1A9B 00650900 00C24D
191971	2	3,4,5,6,7,8,9,16	27: 0x41D804CD ABFFFF02 00020002 0002007A 3B3A1A9B 00651900 00CD40
192179	16	1,2,3,4,5	97: 0x41D83BCD ABFFFF10 00100010 0010007A 3B3A1A9B 01001C00 F0014908 F00000FD 00000000 00000002 01000100 01000104 0E00080C 00040000 80000100 1E003C08 1E4040FF FFFFFFFF FFFFFF00 000000FD 00000000 00000000 00000000 00000065 6F
194446	2	3,4,5,6,7,8,9,16	93: 0x61DC05CD AB100010 00100010 00020002 00020002 007EF500 02010001 00010001 E03A0663 04000001 CA9B025A FF008000 F6051200 80FD0000 00000000 00020200 02000200 02061400 00001EFD 00000000 00000002 10001000 1000108C DA
194449	16	1,2,3,4,5	5: 0x02000515 E2
194604	14	7,8,9,10,11,12,13,15	27: 0x41D892CD ABFFFF0E 000E000E 000E007A 3B3A1A9B 0064E900 007F9F
196315	3	2,4,5,6,7,8,9,10,16	93: 0x61DCC3CD AB100010 00100010 00030003 00030003 007EF500 02010001 00010001 E03A0663 04000001 CC9B025A F7008000 F6051200 80FD0000 00000000 00020300 03000300 03061400 00001EFD 00000000 00000002 10001000 100010E6 E4
196318	16	1,2,3,4,5	5: 0x0200C32F 41
196658	5	2,3,4,8,9,10,11,16	93: 0x61DCE4CD AB100010 00100010 00050005 00050005 007EF500 02010001 00010001 E03A0663 04000001 CD9B025A E7008000 F6051200 80FD0000 00000000 00020500 05000500 05061400 00001EFD 00000000 00000002 10001000 100010F0 6E
196661	16	1,2,3,4,5	5: 0x0200E492 14
196912	4	2,3,5,7,8,9,10,11,16	93: 0x61DCFACD AB100010 00100010 00040004 00040004 007EF500 02010001 00010001 E03A0663 04000001 CF9B025A EF008000 F6051200 80FD0000 00000000 00020400 04000400 04061400 00001EFD 00000000 00000002 10001000 10001071 4A
196915	16	1,2,3,4,5	5: 0x0200FA6D ED
197837	2	3,4,5,6,7,8,9,16	93: 0x61DC06CD AB100010 00100010 00020002 00020002 007EF500 02010001 00010001 E03A0663 04000001 C99B025A FF008000 F6051200 80FD0000 00000000 00020200 02000200 02061400 00001EFD 00000000 00000002 10001000 100010AA 21
197840	16	1,2,3,4,5	5: 0x0200068E D0
198674	12	6,7,8,9,13,14,15	27: 0x41D839CD ABFFFF0C 000C000C 000C007A 3B3A1A9B 0064F100 006852
199324	16	1,2,3,4,5	97: 0x41D83CCD ABFFFF10 00100010 0010007A 3B3A1A9B 01001C00 F0014908 F00000FD 00000000 00000002 01000100 01000104 0E00080C 00040000 80000100 1E003C08 1E4040FF FFFFFFFF FFFFFF00 000000FD 00000000 00000000 00000000 0000005C 08
199607	16	1,2,3,4,5	102: 0x61DC3DCD AB050005 00050005 00100010 00100010 007A333A 9B01FEA3 00F00149 08F00000 FD000000 00000000 02010001 00010001 040E0008 0C000400 00800001 001E003C 081E4040 FFFFFFFF FFFFFFFF 00000000 FD000000 00000000 00000000 00000000 5EF4
199611	5	2,3,4,8,9,10,11,16	5: 0x02003DDE 5F
200875	2	3,4,5,6,7,8,9,16	93: 0x61DC07CD AB100010 00100010 00020002 00020002 007EF500 02010001 00010001 E03A0663 04000001 C99B025A FF008000 F6051200 80FD0000 00000000 00020200 02000200 02061400 00001EFD 00000000 00000002 10001000 100010F4 72
200878	16	1,2,3,4,5	5: 0x02000707 C1
202772	3	2,4,5,6,7,8,9,10,16	93: 0x61DCC4CD AB100010 00100010 00030003 00030003 007EF500 02010001 00010001 E03A0663 04000001 CB9B025A F7008000 F6051200 80FD0000 00000000 00020300 03000300 03061400 00001EFD 00000000 00000002 10001000 10001059 4C
202775	16	1,2,3,4,5	5: 0x0200C490 35
202993	4	2,3,5,7,8,9,10,11,16	93: 0x61DCFBCD AB100010 00100010 00040004 00040004 007EF500 02010001 00010001 E03A0663 04000001 CE9B025A EF008000 F6051200 80FD0000 00000000 00020400 04000400 04061400 00001EFD 00000000 00000002 10001000 10001093 1C
202996	16	1,2,3,4,5	5: 0x0200FBE4 FC
203654	5	2,3,4,8,9,10,11,16	93: 0x61DCE5CD AB100010 00100010 00050005 00050005 007EF500 02010001 00010001 E03A0663 04000001 CC9B025A E7008000 F6051200 80FD0000 00000000 00020500 05000500 05061400 00001EFD 00000000 00000002 10001000 10001012 38
203657	16	1,2,3,4,5	5: 0x0200E51B 05
205978	2	3,4,5,6,7,8,9,16	93: 0x61DC08CD AB100010 00100010 00020002 00020002 007EF500 02010001 00010001 E03A0663 04000001 C99B025A FF008000 F6051200 80FD0000 00000000 00020200 02000200 02061400 00001EFD 00000000 00000002 10001000 100010AD 48
205981	16	1,2,3,4,5	5: 0x020008F0 39
206634	4	2,3,5,7,8,9,10,11,16	93: 0x61DCFCCD AB100010 00100010 00040004 00040004 007EF500 02010001 00010001 E03A0663 04000001 CD9B025A EF008000 F6051200 80FD0000 00000000 00020400 04000400 04061400 00001EFD 00000000 00000002 10001000 100010DC A2
206637	16	1,2,3,4,5	5: 0x0200FC5B 88
207142	5	2,3,4,8,9,10,11,16	93: 0x61DCE6CD AB100010 00100010 00050005 00050005 007EF500 02010001 00010001 E03A0663 04000001 CB9B025A E7008000 F6051200 80FD0000 00000000 00020500 05000500 05061400 00001EFD 00000000 00000002 10001000 100010C4 D5
207145	16	1,2,3,4,5	5: 0x0200E680 37
207753	7	2,3,4,6,8,9,10,12,13,14	27: 0x41D886CD ABFFFF07 00070007 0007007A 3B3A1A9B 00650500 009403
209002	10	3,4,5,7,8,9,11,13,14,15	27: 0x41D8EECD ABFFFF0A 000A000A 000A007A 3B3A1A9B 0064F900 008862
209726	2	3,4,5,6,7,8,9,16	93: 0x61DC09CD AB100010 00100010 00020002 00020002 007EF500 02010001 00010001 E03A0663 04000001 C99B025A FF008000 F6051200 80FD0000 00000000 00020200 02000200 02061400 00001EFD 00000000 00000002 10001000 100010F3 1B
209729	16	1,2,3,4,5	5: 0x02000979 28
210038	8	2,3,4,5,6,7,9,10,11,12,13,14,15	27: 0x41D8C2CD ABFFFF08 00080008 0008007A 3B3A1A9B 00650100 006FCF
210191	3	2,4,5,6,7,8,9,10,16	93: 0x61DCC5CD AB100010 00100010 00030003 00030003 007EF500 02010001 00010001 E03A0663 04000001 CA9B025A F7008000 F6051200 80FD0000 00000000 00020300 03000300 03061400 00001EFD 00000000 00000002 10001000 100010BB 1A
210194	16	1,2,3,4,5	5: 0x0200C519 24
210219	2	3,4,5,6,7,8,9,16	27: 0x41D80ACD ABFFFF02 00020002 0002007A 3B3A1A9B 00651900 004402
211478	11	4,5,8,9,10,14,15	27: 0x41D8F6CD ABFFFF0B 000B000B 000B007A 3B3A1A9B 0064F500 0077F8
212125	4	2,3,5,7,8,9,10,11,16	93: 0x61DCFDCD AB100010 00100010 00040004 00040004 007EF500 02010001 00010001 E03A0663 04000001 CC9B025A EF008000 F6051200 80FD0000 00000000 00020400 04000400 04061400 00001EFD 00000000 00000002 10001000 1000103E F4
212128	16	1,2,3,4,5	5: 0x0200FDD2 99
212323	5	2,3,4,8,9,10,11,16	93: 0x61DCE7CD AB100010 00100010 00050005 00050005 007EF500 02010001 00010001 E03A0663 04000001 CA9B025A E7008000 F6051200 80FD0000 00000000 00020500 05000500 05061400 00001EFD 00000000 00000002 10001000 10001026 83
212326	16	1,2,3,4,5	5: 0x0200E709 26
212775	16	1,2,3,4,5	97: 0x41D83ECD ABFFFF10 00100010 0010007A 3B3A1A9B 01001C00 F0014908 F00000FD 00000000 00000002 01000100 01000104 0E00080C 00040000 80000100 1E003C08 1E4040FF FFFFFFFF FFFFFF00 000000FD 00000000 00000000 00000000 000000FA 27
214074	14	7,8,9,10,11,12,13,15	27: 0x41D893CD ABFFFF0E 000E000E 000E007A 3B3A1A9B 0064E900 00B616
216024	3	2,4,5,6,7,8,9,10,16	93: 0x61DCC6CD AB100010 00100010 00030003 00030003 007EF500 02010001 00010001 E03A0663 04000001 C99B025A F7008000 F6051200 80FD0000 00000000 00020300 03000300 03061400 00001EFD 00000000 00000002 10001000 1000109D E1
216027	16	1,2,3,4,5	5: 0x0200C682 16
216259	2	3,4,5,6,7,8,9,16	93: 0x61DC0BCD AB100010 00100010 00020002 00020002 007EF500 02010001 00010001 E03A0663 04000001 C99B025A FE008000 F7051200 80FD0000 00000000 00020200 02000200 02061400 00001EFD 00000000 00000002 10001000 10001034 D4
216262	16	1,2,3,4,5	5: 0x02000B6B 0B
217231	4	2,3,5,7,8,9,10,11,16	93: 0x61DCFECD AB100010 00100010 00040004 00040004 007EF500 02010001 00010001 E03A0663 04000001 CB9B025A EF008000 F6051200 80FD0000 00000000 00020400 04000400 04061400 00001EFD 00000000 00000002 10001000 100010E8 19
217234	16	1,2,3,4,5	5: 0x0200FE49 AB
218636	5	2,3,4,8,9,10,11,16	93: 0x61DCE8CD AB100010 00100010 00050005 00050005 007EF500 02010001 00010001 E03A0663 04000001 C99B025A E7008000 F6051200 80FD0000 00000000 00020500 05000500 05061400 00001EFD 00000000 00000002 10001000 100010BB B7
218639	16	1,2,3,4,5	5: 0x0200E8FE DE
218714	3	2,4,5,6,7,8,9,10,16	93: 0x61DCC7CD AB100010 00100010 00030003 00030003 007EF500 02010001 00010001 E03A0663 04000001 C99B025A F7008000 F6051200 80FD0000 00000000 00020300 03000300 03061400 00001EFD 00000000 00000002 10001000 100010C3 B2
218717	16	1,2,3,4,5	5: 0x0200C70B 07
218876	16	1,2,3,4,5	97: 0x41D83FCD ABFFFF10 00100010 0010007A 3B3A1A9B 01001C00 F0014908 F00000FD 00000000 00000002 01000100 01000104 0E00080C 00040000 80000100 1E003C08 1E4040FF FFFFFFFF FFFFFF00 000000FD 00000000 00000000 00000000 00000029 30
221265	2	3,4,5,6,7,8,9,16	93: 0x61DC0CCD AB100010 00100010 00020002 00020002 007EF500 02010001 00010001 E03A0663 04000001 C99B025A FE008000 F7051200 80FD0000 00000000 00020200 02000200 02061400 00001EFD 00000000 00000002 10001000 100010BF 64
221268	16	1,2,3,4,5	5: 0x02000CD4 7F
221570	15	8,9,10,11,12,13,14	27: 0x41D8BDCD ABFFFF0F 000F000F 000F007A 3B3A1A9B 0064E500 00F5CC
221695	4	2,3,5,7,8,9,10,11,16	93: 0x61DCFFCD AB100010 00100010 00040004 00040004 007EF500 02010001 00010001 E03A0663 04000001 CA9B025A EE008000 F7051200 80FD0000 00000000 00020400 04000400 04061400 00001EFD 00000000 00000002 10001000 10001071 26
221698	16	1,2,3,4,5	5: 0x0200FFC0 BA
221971	5	2,3,4,8,9,10,11,16	93: 0x61DCE9CD AB100010 00100010 00050005 00050005 007EF500 02010001 00010001 E03A0663 04000001 C99B025A E6008000 F7051200 80FD0000 00000000 00020500 05000500 05061400 00001EFD 00000000 00000002 10001000 1000109E 8D
221974	16	1,2,3,4,5	5: 0x0200E977 CF
223777	3	2,4,5,6,7,8,9,10,16	93: 0x61DCC8CD AB100010 00100010 00030003 00030003 007EF500 02010001 00010001 E03A0663 04000001 C99B025A F6008000 F7051200 80FD0000 00000000 00020300 03000300 03061400 00001EFD 00000000 00000002 10001000 100010E1 E1
223780	16	1,2,3,4,5	5: 0x0200C8FC FF
225363	13	6,7,8,9,10,12,14,15	27: 0x41D850CD ABFFFF0D 000D000D 000D007A 3B3A1A9B 0064ED00 00A1C0
226963	3	2,4,5,6,7,8,9,10,16	93: 0x61DCC9CD AB100010 00100010 00030003 00030003 007EF500 02010001 00010001 E03A0663 04000001 C99B025A F6008000 F7051200 80FD0000 00000000 00020300 03000300 03061400 00001EFD 00000000 00000002 10001000 100010BF B2
226966	16	1,2,3,4,5	5: 0x0200C975 EE
227498	9	2,3,4,5,6,7,8,10,11,12,13,14,15	27: 0x41D84CCD ABFFFF09 00090009 0009007A 3B3A1A9B 0064FD00 0024E5
227886	2	3,4,5,6,7,8,9,16	93: 0x61DC0DCD AB100010 00100010 00020002 00020002 007EF500 02010001 00010001 E03A0663 04000001 C99B025A FE008000 F7051200 80FD0000 00000000 00020200 02000200 02061400 00001EFD 00000000 00000002 10001000 100010E1 37
227889	16	1,2,3,4,5	5: 0x02000D5D 6E
228469	5	2,3,4,8,9,10,11,16	93: 0x61DCEACD AB100010 00100010 00050005 00050005 007EF500 02010001 00010001 E03A0663 04000001 C99B025A E6008000 F7051200 80FD0000 00000000 00020500 05000500 05061400 00001EFD 00000000 00000002 10001000 1000107C 78
228472	16	1,2,3,4,5	5: 0x0200EAEC FD
228583	6	2,3,7,8,9,12,13	27: 0x41D8E4CD ABFFFF06 00060006 0006007A 3B3A1A9B 00650900 008EE8
228775	1	16	97: 0x41D8F1CD ABFFFF01 00010001 0001007A 3B3A1A9B 01012100 F0008008 F00000FD 00000000 00000002 01000100 01000104 0E00080C 00040000 80000100 1E003C08 1E4040FF FFFFFFFF FFFFFF00 000000FD 00000000 00000000 00000000 000000A9 5E
229028	4	2,3,5,7,8,9,10,11,16	93: 0x61DC00CD AB100010 00100010 00040004 00040004 007EF500 02010001 00010001 E03A0663 04000001 C99B025A EE008000 F7051200 80FD0000 00000000 00020400 04000400 04061400 00001EFD 00000000 00000002 10001000 1000104F AF
229031	16	1,2,3,4,5	5: 0x020000B8 B5
229262	11	4,5,8,9,10,14,15	27: 0x41D8F7CD ABFFFF0B 000B000B 000B007A 3B3A1A9B 0064F500 00BE71
230026	8	2,3,4,5,6,7,9,10,11,12,13,14,15	27: 0x41D8C3CD ABFFFF08 00080008 0008007A 3B3A1A9B 00650100 00A646
230437	2	3,4,5,6,7,8,9,16	93: 0x61DC0ECD AB100010 00100010 00020002 00020002 007EF500 02010001 00010001 E03A0663 04000001 C99B025A FE008000 F7051200 80FD0000 00000000 00020200 02000200 02061400 00001EFD 00000000 00000002 10001000 10001003 C2
230440	16	1,2,3,4,5	5: 0x02000EC6 5C
232940	3	2,4,5,6,7,8,9,10,16	93: 0x61DCCACD AB100010 00100010 00030003 00030003 007EF500 02010001 00010001 E03A0663 04000001 C99B025A F6008000 F7051200 80FD0000 00000000 00020300 03000300 03061400 00001EFD 00000000 00000002 10001000 1000105D 47
232943	16	1,2,3,4,5	5: 0x0200CAEE DC
232946	16	1,2,3,4,5	97: 0x41D840CD ABFFFF10 00100010 0010007A 3B3A1A9B 01001C00 F0014908 F00000FD 00000000 00000002 01000100 01000104 0E00080C 00040000 80000100 1E003C08 1E4040FF FFFFFFFF FFFFFF00 000000FD 00000000 00000000 00000000 0000007E AA
233423	5	2,3,4,8,9,10,11,16	93: 0x61DCEBCD AB100010 00100010 00050005 00050005 007EF500 02010001 00010001 E03A0663 04000001 C99B025A E6008000 F7051200 80FD0000 00000000 00020500 05000500 05061400 00001EFD 00000000 00000002 10001000 10001022 2B
233426	16	1,2,3,4,5	5: 0x0200EB65 EC
235215	2	3,4,5,6,7,8,9,16	93: 0x61DC0FCD AB100010 00100010 00020002 00020002 007EF500 02010001 00010001 E03A0663 04000001 C99B025A FE008000 F7051200 80FD0000 00000000 00020200 02000200 02061400 00001EFD 00000000 00000002 10001000 1000105D 91
235218	16	1,2,3,4,5	5: 0x02000F4F 4D
236189	4	2,3,5,7,8,9,10,11,16	93: 0x61DC01CD AB100010 00100010 00040004 00040004 007EF500 02010001 00010001 E03A0663 04000001 C99B025A EE008000 F7051200 80FD0000 00000000 00020400 04000400 04061400 00001EFD 00000000 00000002 10001000 10001011 FC
236192	16	1,2,3,4,5	5: 0x02000131 A4
237147	5	2,3,4,8,9,10,11,16	93: 0x61DCECCD AB100010 00100010 00050005 00050005 007EF500 02010001 00010001 E03A0663 04000001 C99B025A E6008000 F7051200 80FD0000 00000000 00020500 05000500 05061400 00001EFD 00000000 00000002 10001000 100010A9 9B
237150	16	1,2,3,4,5	5: 0x0200ECDA 98
238915	12	6,7,8,9,13,14,15	27: 0x41D83ACD ABFFFF0C 000C000C 000C007A 3B3A1A9B 0064F100 0022C0
238996	3	2,4,5,6,7,8,9,10,16	93: 0x61DCCBCD AB100010 00100010 00030003 00030003 007EF500 02010001 00010001 E03A0663 04000001 C99B025A F6008000 F7051200 80FD0000 00000000 00020300 03000300 03061400 00001EFD 00000000 00000002 10001000 10001003 14
238999	16	1,2,3,4,5	5: 0x0200CB67 CD
239078	15	8,9,10,11,12,13,14	27: 0x41D8BECD ABFFFF0F 000F000F 000F007A 3B3A1A9B 0064E500 00BF5E
240737	5	2,3,4,8,9,10,11,16	93: 0x61DCEDCD AB100010 00100010 00050005 00050005 007EF500 02010001 00010001 E03A0663 04000001 C99B025A E6008000 F7051200 80FD0000 00000000 00020500 05000500 05061400 00001EFD 00000000 00000002 10001000 100010F7 C8
240740	16	1,2,3,4,5	5: 0x0200ED53 89
243573	4	2,3,5,7,8,9,10,11,16	93: 0x61DC02CD AB100010 00100010 00040004 00040004 007EF500 02010001 00010001 E03A0663 04000001 C99B025A EE008000 F7051200 80FD0000 00000000 00020400 04000400 04061400 00001EFD 00000000 00000002 10001000 100010F3 09
243576	16	1,2,3,4,5	5: 0x020002AA 96
246326	3	2,4,5,6,7,8,9,10,16	93: 0x61DCCCCD AB100010 00100010 00030003 00030003 007EF500 02010001 00010001 E03A0663 04000001 C99B025A F6008000 F7051200 80FD0000 00000000 00020300 03000300 03061400 00001EFD 00000000 00000002 10001000 10001088 A4
246329	16	1,2,3,4,5	5: 0x0200CCD8 B9
246573	4	2,3,5,7,8,9,10,11,16	93: 0x61DC03CD AB100010 00100010 00040004 00040004 007EF500 02010001 00010001 E03A0663 04000001 C99B025A EE008000 F7051200 80FD0000 00000000 00020400 04000400 04061400 00001EFD 00000000 00000002 10001000 100010AD 5A
246576	16	1,2,3,4,5	5: 0x02000323 87
247227	5	2,3,4,8,9,10,11,16	27: 0x41D8EECD ABFFFF05 00050005 0005007A 3B3A1A9B 00650D00 00A961
247762	7	2,3,4,6,8,9,10,12,13,14	27: 0x41D887CD ABFFFF07 00070007 0007007A 3B3A1A9B 00650500 005D8A
250879	16	1,2,3,4,5	97: 0x41D841CD ABFFFF10 00100010 0010007A 3B3A1A9B 01001C00 F0014908 F00000FD 00000000 00000002 01000100 01000104 0E00080C 00040000 80000100 1E003C08 1E4040FF FFFFFFFF FFFFFF00 000000FD 00000000 00000000 00000000 000000AD BD
251126	10	3,4,5,7,8,9,11,13,14,15	27: 0x41D8EFCD ABFFFF0A 000A000A 000A007A 3B3A1A9B 0064F900 0041EB
252981	13	6,7,8,9,10,12,14,15	27: 0x41D851CD ABFFFF0D 000D000D 000D007A 3B3A1A9B 0064ED00 006849
253842	4	2,3,5,7,8,9,10,11,16	93: 0x61DC04CD AB100010 00100010 00040004 00040004 007EF500 02010001 00010001 E03A0663 04000001 C99B025A ED008000 F8051200 80FD0000 00000000 00020400 04000400 04061400 00001EFD 00000000 00000002 10001000 100010B9 80
253845	16	1,2,3,4,5	5: 0x0200049C F3
254942	2	3,4,5,6,7,8,9,16	93: 0x61DC10CD AB100010 00100010 00020002 00020002 007EF500 02010001 00010001 E03A0663 04000001 C99B025A FD008000 F8051200 80FD0000 00000000 00020200 02000200 02061400 00001EFD 00000000 00000002 10001000 1000102E DC
254945	16	1,2,3,4,5	5: 0x02001039 A5
255312	3	2,4,5,6,7,8,9,10,16	93: 0x61DCCDCD AB100010 00100010 00030003 00030003 007EF500 02010001 00010001 E03A0663 04000001 C99B025A F5008000 F8051200 80FD0000 00000000 00020300 03000300 03061400 00001EFD 00000000 00000002 10001000 10001049 9D
255315	16	1,2,3,4,5	5: 0x0200CD51 A8
255659	5	2,3,4,8,9,10,11,16	93: 0x61DCEFCD AB100010 00100010 00050005 00050005 007EF500 02010001 00010001 E03A0663 04000001 C99B025A E5008000 F8051200 80FD0000 00000000 00020500 05000500 05061400 00001EFD 00000000 00000002 10001000 100010D4 04
255662	16	1,2,3,4,5	5: 0x0200EF41 AA
255935	14	7,8,9,10,11,12,13,15	27: 0x41D894CD ABFFFF0E 000E000E 000E007A 3B3A1A9B 0064E900 00FAB3
256238	16	1,2,3,4,5	97: 0x41D842CD ABFFFF10 00100010 0010007A 3B3A1A9B 01001C00 F0014908 F00000FD 00000000 00000002 01000100 01000104 0E00080C 00040000 80000100 1E003C08 1E4040FF FFFFFFFF FFFFFF00 000000FD 00000000 00000000 00000000 000000D8 85
258434	3	2,4,5,6,7,8,9,10,16	93: 0x61DCCECD AB100010 00100010 00030003 00030003 007EF500 02010001 00010001 E03A0663 04000001 C99B025A F5008000 F8051200 80FD0000 00000000 00020300 03000300 03061400 00001EFD 00000000 00000002 10001000 100010AB 68
258437	16	1,2,3,4,5	5: 0x0200CECA 9A
259150	4	2,3,5,7,8,9,10,11,16	93: 0x61DC05CD AB100010 00100010 00040004 00040004 007EF500 02010001 00010001 E03A0663 04000001 C99B025A ED008000 F8051200 80FD0000 00000000 00020400 04000400 04061400 00001EFD 00000000 00000002 10001000 100010E7 D3
259153	16	1,2,3,4,5	5: 0x02000515 E2
259715	5	2,3,4,8,9,10,11,16	93: 0x61DCF0CD AB100010 00100010 00050005 00050005 007EF500 02010001 00010001 E03A0663 04000001 C99B025A E5008000 F8051200 80FD0000 00000000 00020500 05000500 05061400 00001EFD 00000000 00000002 10001000 10001038 23
259718	16	1,2,3,4,5	5: 0x0200F037 42
260146	2	3,4,5,6,7,8,9,16	93: 0x61DC11CD AB100010 00100010 00020002 00020002 007EF500 02010001 00010001 E03A0663 04000001 C99B025A FD008000 F8051200 80FD0000 00000000 00020200 02000200 02061400 00001EFD 00000000 00000002 10001000 10001070 8F
260149	16	1,2,3,4,5	5: 0x020011B0 B4
262691	6	2,3,7,8,9,12,13	27: 0x41D8E5CD ABFFFF06 00060006 0006007A 3B3A1A9B 00650900 004761
264382	3	2,4,5,6,7,8,9,10,16	93: 0x61DCCFCD AB100010 00100010 00030003 00030003 007EF500 02010001 00010001 E03A0663 04000001 C99B025A F5008000 F8051200 80FD0000 00000000 00020300 03000300 03061400 00001EFD 00000000 00000002 10001000 100010F5 3B
264385	16	1,2,3,4,5	5: 0x0200CF43 8B
264858	2	3,4,5,6,7,8,9,16	93: 0x61DC12CD AB100010 00100010 00020002 00020002 007EF500 02010001 00010001 E03A0663 04000001 C99B025A FD008000 F8051200 80FD0000 00000000 00020200 02000200 02061400 00001EFD 00000000 00000002 10001000 10001092 7A
264861	16	1,2,3,4,5	5: 0x0200122B 86
265803	11	4,5,8,9,10,14,15	27: 0x41D8F8CD ABFFFF0B 000B000B 000B007A 3B3A1A9B 0064F500 00FEBA
266054	4	2,3,5,7,8,9,10,11,16	93: 0x61DC06CD AB100010 00100010 00040004 00040004 007EF500 02010001 00010001 E03A0663 04000001 C99B025A ED008000 F8051200 80FD0000 00000000 00020400 04000400 04061400 00001EFD 00000000 00000002 10001000 10001005 26
266057	16	1,2,3,4,5	5: 0x0200068E D0
266674	5	2,3,4,8,9,10,11,16	93: 0x61DCF1CD AB100010 00100010 00050005 00050005 007EF500 02010001 00010001 E03A0663 04000001 C99B025A E5008000 F8051200 80FD0000 00000000 00020500 05000500 05061400 00001EFD 00000000 00000002 10001000 10001066 70
266677	16	1,2,3,4,5	5: 0x0200F1BE 53
268164	16	1,2,3,4,5	97: 0x41D843CD ABFFFF10 00100010 0010007A 3B3A1A9B 01001C00 F0014908 F00000FD 00000000 00000002 01000100 01000104 0E00080C 00040000 80000100 1E003C08 1E4040FF FFFFFFFF FFFFFF00 000000FD 00000000 00000000 00000000 0000000B 92
268723	10	3,4,5,7,8,9,11,13,14,15	27: 0x41D8F0CD ABFFFF0A 000A000A 000A007A 3B3A1A9B 0064F900 0019FC
269733	2	3,4,5,6,7,8,9,16	93: 0x61DC13CD AB100010 00100010 00020002 00020002 007EF500 02010001 00010001 E03A0663 04000001 C99B025A FD008000 F8051200 80FD0000 00000000 00020200 02000200 02061400 00001EFD 00000000 00000002 10001000 100010CC 29
269736	16	1,2,3,4,5	5: 0x020013A2 97
270245	9	2,3,4,5,6,7,8,10,11,12,13,14,15	27: 0x41D84DCD ABFFFF09 00090009 0009007A 3B3A1A9B 0064FD00 00ED6C
271116	3	2,4,5,6,7,8,9,10,16	93: 0x61DCD0CD AB100010 00100010 00030003 00030003 007EF500 02010001 00010001 E03A0663 04000001 C99B025A F5008000 F8051200 80FD0000 00000000 00020300 03000300 03061400 00001EFD 00000000 00000002 10001000 10001019 1C
271119	16	1,2,3,4,5	5: 0x0200D035 63
271854	4	2,3,5,7,8,9,10,11,16	93: 0x61DC07CD AB100010 00100010 00040004 00040004 007EF500 02010001 00010001 E03A0663 04000001 C99B025A ED008000 F8051200 80FD0000 00000000 00020400 04000400 04061400 00001EFD 00000000 00000002 10001000 1000105B 75
271857	16	1,2,3,4,5	5: 0x02000707 C1
272833	5	2,3,4,8,9,10,11,16	93: 0x61DCF2CD AB100010 00100010 00050005 00050005 007EF500 02010001 00010001 E03A0663 04000001 C99B025A E5008000 F8051200 80FD0000 00000000 00020500 05000500 05061400 00001EFD 00000000 00000002 10001000 10001084 85
272836	16	1,2,3,4,5	5: 0x0200F225 61
273070	13	6,7,8,9,10,12,14,15	27: 0x41D852CD ABFFFF0D 000D000D 000D007A 3B3A1A9B 0064ED00 0022DB
273088	12	6,7,8,9,13,14,15	27: 0x41D83BCD ABFFFF0C 000C000C 000C007A 3B3A1A9B 0064F100 00EB49
274221	8	2,3,4,5,6,7,9,10,11,12,13,14,15	27: 0x41D8C4CD ABFFFF08 00080008 0008007A 3B3A1A9B 00650100 00EAE3
274350	2	3,4,5,6,7,8,9,16	93: 0x61DC14CD AB100010 00100010 00020002 00020002 007EF500 02010001 00010001 E03A0663 04000001 C99B025A FD008000 F8051200 80FD0000 00000000 00020200 02000200 02061400 00001EFD 00000000 00000002 10001000 10001047 99
274353	16	1,2,3,4,5	5: 0x0200141D E3
274360	14	7,8,9,10,11,12,13,15	27: 0x41D895CD ABFFFF0E 000E000E 000E007A 3B3A1A9B 0064E900 00333A
274428	15	8,9,10,11,12,13,14	27: 0x41D8BFCD ABFFFF0F 000F000F 000F007A 3B3A1A9B 0064E500 0076D7
275963	5	2,3,4,8,9,10,11,16	93: 0x61DCF3CD AB100010 00100010 00050005 00050005 007EF500 02010001 00010001 E03A0663 04000001 C99B025A E5008000 F8051200 80FD0000 00000000 00020500 05000500 05061400 00001EFD 00000000 00000002 10001000 100010DA D6
275966	16	1,2,3,4,5	5: 0x0200F3AC 70
277550	3	2,4,5,6,7,8,9,10,16	93: 0x61DCD1CD AB100010 00100010 00030003 00030003 007EF500 02010001 00010001 E03A0663 04000001 C99B025A F5008000 F8051200 80FD0000 00000000 00020300 03000300 03061400 00001EFD 00000000 00000002 10001000 10001047 4F
277553	16	1,2,3,4,5	5: 0x0200D1BC 72
277605	4	2,3,5,7,8,9,10,11,16	93: 0x61DC08CD AB100010 00100010 00040004 00040004 007EF500 02010001 00010001 E03A0663 04000001 C99B025A ED008000 F8051200 80FD0000 00000000 00020400 04000400 04061400 00001EFD 00000000 00000002 10001000 10001002 4F
277608	16	1,2,3,4,5	5: 0x020008F0 39
278003	16	1,2,3,4,5	102: 0x61DC44CD AB040004 00040004 00100010 00100010 007A333A 9B01FEA7 00F00149 08F00000 FD000000 00000000 02010001 00010001 040E0008 0C000400 00800001 001E003C 081E4040 FFFFFFFF FFFFFFFF 00000000 FD000000 00000000 00000000 00000000 FA4E
278007	4	2,3,5,7,8,9,10,11,16	5: 0x02004498 B1
281717	4	2,3,5,7,8,9,10,11,16	93: 0x61DC09CD AB100010 00100010 00040004 00040004 007EF500 02010001 00010001 E03A0663 04000001 C99B025A EC008000 F9051200 80FD0000 00000000 00020400 04000400 04061400 00001EFD 00000000 00000002 10001000 10001027 75
281720	16	1,2,3,4,5	5: 0x02000979 28
284565	4	2,3,5,7,8,9,10,11,16	93: 0x61DC0ACD AB100010 00100010 00040004 00040004 007EF500 02010001 00010001 E03A0663 04000001 C99B025A EC008000 F9051200 80FD0000 00000000 00020400 04000400 04061400 00001EFD 00000000 00000002 10001000 100010C5 80
284568	16	1,2,3,4,5	5: 0x02000AE2 1A
288729	12	6,7,8,9,13,14,15	27: 0x41D83CCD ABFFFF0C 000C000C 000C007A 3B3A1A9B 0064F100 00A7EC
288813	7	2,3,4,6,8,9,10,12,13,14	27: 0x41D888CD ABFFFF07 00070007 0007007A 3B3A1A9B 00650500 001D41
290712	11	4,5,8,9,10,14,15	27: 0x41D8F9CD ABFFFF0B 000B000B 000B007A 3B3A1A9B 0064F500 003733
291127	4	2,3,5,7,8,9,10,11,16	93: 0x61DC0BCD AB100010 00100010 00040004 00040004 007EF500 02010001 00010001 E03A0663 04000001 C99B025A EC008000 F9051200 80FD0000 00000000 00020400 04000400 04061400 00001EFD 00000000 00000002 10001000 1000109B D3
291130	16	1,2,3,4,5	5: 0x02000B6B 0B
294030	13	6,7,8,9,10,12,14,15	27: 0x41D853CD ABFFFF0D 000D000D 000D007A 3B3A1A9B 0064ED00 00EB52
295552	4	2,3,5,7,8,9,10,11,16	93: 0x61DC0CCD AB100010 00100010 00040004 00040004 007EF500 02010001 00010001 E03A0663 04000001 C99B025A EC008000 F9051200 80FD0000 00000000 00020400 04000400 04061400 00001EFD 00000000 00000002 10001000 10001010 63
295555	16	1,2,3,4,5	5: 0x02000CD4 7F
295798	3	2,4,5,6,7,8,9,10,16	27: 0x41D8D2CD ABFFFF03 00030003 0003007A 3B3A1A9B 00651500 004E20
295818	9	2,3,4,5,6,7,8,10,11,12,13,14,15	27: 0x41D84ECD ABFFFF09 00090009 0009007A 3B3A1A9B 0064FD00 00A7FE
299618	16	1,2,3,4,5	97: 0x41D845CD ABFFFF10 00100010 0010007A 3B3A1A9B 01001C00 F0014908 F00000FD 00000000 00000002 01000100 01000104 0E00080C 00040000 80000100 1E003C08 1E4040FF FFFFFFFF FFFFFF00 000000FD 00000000 00000000 00000000 000000E1 E2
300657	10	3,4,5,7,8,9,11,13,14,15	27: 0x41D8F1CD ABFFFF0A 000A000A 000A007A 3B3A1A9B 0064F900 00D075
301534	4	2,3,5,7,8,9,10,11,16	93: 0x61DC0DCD AB100010 00100010 00040004 00040004 007EF500 02010001 00010001 E03A0663 04000001 C99B025A EC008000 F9051200 80FD0000 00000000 00020400 04000400 04061400 00001EFD 00000000 00000002 10001000 1000104E 30
301537	16	1,2,3,4,5	5: 0x02000D5D 6E
301954	6	2,3,7,8,9,12,13	27: 0x41D8E6CD ABFFFF06 00060006 0006007A 3B3A1A9B 00650900 000DF3
302183	3	2,4,5,6,7,8,9,10,16	93: 0x61DCD3CD AB100010 00100010 00030003 00030003 007EF500 02010001 00010001 E03A0663 04000001 C99B025A F4008000 F9051200 80FD0000 00000000 00020300 03000300 03061400 00001EFD 00000000 00000002 10001000 10001080 80
302186	16	1,2,3,4,5	5: 0x0200D3AE 51
302611	5	2,3,4,8,9,10,11,16	93: 0x61DCF4CD AB100010 00100010 00050005 00050005 007EF500 02010001 00010001 E03A0663 04000001 C99B025A E4008000 F9051200 80FD0000 00000000 00020500 05000500 05061400 00001EFD 00000000 00000002 10001000 1000102A 0F
302614	16	1,2,3,4,5	5: 0x0200F413 04
304580	14	7,8,9,10,11,12,13,15	27: 0x41D896CD ABFFFF0E 000E000E 000E007A 3B3A1A9B 0064E900 0079A8
304842	2	3,4,5,6,7,8,9,16	93: 0x61DC15CD AB100010 00100010 00020002 00020002 007EF500 02010001 00010001 E03A0663 04000001 C99B025A FC008000 F9051200 80FD0000 00000000 00020200 02000200 02061400 00001EFD 00000000 00000002 10001000 10001062 A3
304845	16	1,2,3,4,5	5: 0x02001594 F2
305408	16	1,2,3,4,5	97: 0x41D846CD ABFFFF10 00100010 0010007A 3B3A1A9B 01001C00 F0014908 F00000FD 00000000 00000002 01000100 01000104 0E00080C 00040000 80000100 1E003C08 1E4040FF FFFFFFFF FFFFFF00 000000FD 00000000 00000000 00000000 00000094 DA
306070	3	2,4,5,6,7,8,9,10,16	93: 0x61DCD4CD AB100010 00100010 00030003 00030003 007EF500 02010001 00010001 E03A0663 04000001 C99B025A F4008000 F9051200 80FD0000 00000000 00020300 03000300 03061400 00001EFD 00000000 00000002 10001000 1000100B 30
306073	16	1,2,3,4,5	5: 0x0200D411 25
307511	2	3,4,5,6,7,8,9,16	93: 0x61DC16CD AB100010 00100010 00020002 00020002 007EF500 02010001 00010001 E03A0663 04000001 C99B025A FC008000 F9051200 80FD0000 00000000 00020200 02000200 02061400 00001EFD 00000000 00000002 10001000 10001080 56
307514	16	1,2,3,4,5	5: 0x0200160F C0
308279	5	2,3,4,8,9,10,11,16	93: 0x61DCF5CD AB100010 00100010 00050005 00050005 007EF500 02010001 00010001 E03A0663 04000001 C99B025A E4008000 F9051200 80FD0000 00000000 00020500 05000500 05061400 00001EFD 00000000 00000002 10001000 10001074 5C
308282	16	1,2,3,4,5	5: 0x0200F59A 15
310375	4	2,3,5,7,8,9,10,11,16	93: 0x61DC0ECD AB100010 00100010 00040004 00040004 007EF500 02010001 00010001 E03A0663 04000001 C99B025A EB008000 FA051200 80FD0000 00000000 00020400 04000400 04061400 00001EFD 00000000 00000002 10001000 100010DD 64
310378	16	1,2,3,4,5	5: 0x02000EC6 5C
310461	11	4,5,8,9,10,14,15	27: 0x41D8FACD ABFFFF0B 000B000B 000B007A 3B3A1A9B 0064F500 007DA1
310892	8	2,3,4,5,6,7,9,10,11,12,13,14,15	27: 0x41D8C5CD ABFFFF08 00080008 0008007A 3B3A1A9B 00650100 00236A
311166	13	6,7,8,9,10,12,14,15	27: 0x41D854CD ABFFFF0D 000D000D 000D007A 3B3A1A9B 0064ED00 00A7F7
311279	12	6,7,8,9,13,14,15	27: 0x41D83DCD ABFFFF0C 000C000C 000C007A 3B3A1A9B 0064F100 006E65
311498	15	8,9,10,11,12,13,14	27: 0x41D8C0CD ABFFFF0F 000F000F 000F007A 3B3A1A9B 0064E500 005C18
312241	7	2,3,4,6,8,9,10,12,13,14	27: 0x41D889CD ABFFFF07 00070007 0007007A 3B3A1A9B 00650500 00D4C8
313083	9	2,3,4,5,6,7,8,10,11,12,13,14,15	27: 0x41D84FCD ABFFFF09 00090009 0009007A 3B3A1A9B 0064FD00 006E77
313511	3	2,4,5,6,7,8,9,10,16	93: 0x61DCD5CD AB100010 00100010 00030003 00030003 007EF500 02010001 00010001 E03A0663 04000001 C99B025A F4008000 F9051200 80FD0000 00000000 00020300 03000300 03061400 00001EFD 00000000 00000002 10001000 10001055 63
313514	16	1,2,3,4,5	5: 0x0200D598 34
313621	5	2,3,4,8,9,10,11,16	93: 0x61DCF6CD AB100010 00100010 00050005 00050005 007EF500 02010001 00010001 E03A0663 04000001 C99B025A E4008000 F9051200 80FD0000 00000000 00020500 05000500 05061400 00001EFD 00000000 00000002 10001000 10001096 A9
313624	16	1,2,3,4,5	5: 0x0200F601 27
314054	2	3,4,5,6,7,8,9,16	93: 0x61DC17CD AB100010 00100010 00020002 00020002 007EF500 02010001 00010001 E03A0663 04000001 C99B025A FC008000 F9051200 80FD0000 00000000 00020200 02000200 02061400 00001EFD 00000000 00000002 10001000 100010DE 05
314057	16	1,2,3,4,5	5: 0x02001786 D1
314454	4	2,3,5,7,8,9,10,11,16	93: 0x61DC0FCD AB100010 00100010 00040004 00040004 007EF500 02010001 00010001 E03A0663 04000001 C99B025A EB008000 FA051200 80FD0000 00000000 00020400 04000400 04061400 00001EFD 00000000 00000002 10001000 10001083 37
314457	16	1,2,3,4,5	5: 0x02000F4F 4D
316032	10	3,4,5,7,8,9,11,13,14,15	27: 0x41D8F2CD ABFFFF0A 000A000A 000A007A 3B3A1A9B 0064F900 009AE7
316057	3	2,4,5,6,7,8,9,10,16	93: 0x61DCD6CD AB100010 00100010 00030003 00030003 007EF500 02010001 00010001 E03A0663 04000001 C99B025A F4008000 F9051200 80FD0000 00000000 00020300 03000300 03061400 00001EFD 00000000 00000002 10001000 100010B7 96
316060	16	1,2,3,4,5	5: 0x0200D603 06
319168	2	3,4,5,6,7,8,9,16	93: 0x61DC18CD AB100010 00100010 00020002 00020002 007EF500 02010001 00010001 E03A0663 04000001 C99B025A FC008000 F9051200 80FD0000 00000000 00020200 02000200 02061400 00001EFD 00000000 00000002 10001000 10001087 3F
319171	16	1,2,3,4,5	5: 0x02001871 29
319199	5	2,3,4,8,9,10,11,16	93: 0x61DCF7CD AB100010 00100010 00050005 00050005 007EF500 02010001 00010001 E03A0663 04000001 C99B025A E4008000 F9051200 80FD0000 00000000 00020500 05000500 05061400 00001EFD 00000000 00000002 10001000 100010C8 FA
319202	16	1,2,3,4,5	5: 0x0200F788 36
319704	3	2,4,5,6,7,8,9,10,16	93: 0x61DCD7CD AB100010 00100010 00030003 00030003 007EF500 02010001 00010001 E03A0663 04000001 C99B025A F4008000 F9051200 80FD0000 00000000 00020300 03000300 03061400 00001EFD 00000000 00000002 10001000 100010E9 C5
319707	16	1,2,3,4,5	5: 0x0200D78A 17
320585	4	2,3,5,7,8,9,10,11,16	93: 0x61DC10CD AB100010 00100010 00040004 00040004 007EF500 02010001 00010001 E03A0663 04000001 C99B025A EB008000 FA051200 80FD0000 00000000 00020400 04000400 04061400 00001EFD 00000000 00000002 10001000 1000106F 10
320588	16	1,2,3,4,5	5: 0x02001039 A5
320723	16	1,2,3,4,5	97: 0x41D847CD ABFFFF10 00100010 0010007A 3B3A1A9B 01001C00 F0014908 F00000FD 00000000 00000002 01000100 01000104 0E00080C 00040000 80000100 1E003C08 1E4040FF FFFFFFFF FFFFFF00 000000FD 00000000 00000000 00000000 00000047 CD
322374	5	2,3,4,8,9,10,11,16	93: 0x61DCF8CD AB100010 00100010 00050005 00050005 007EF500 02010001 00010001 E03A0663 04000001 C99B025A E4008000 F9051200 80FD0000 00000000 00020500 05000500 05061400 00001EFD 00000000 00000002 10001000 10001091 C0
322377	16	1,2,3,4,5	5: 0x0200F87F CE
323169	14	7,8,9,10,11,12,13,15	27: 0x41D897CD ABFFFF0E 000E000E 000E007A 3B3A1A9B 0064E900 00B021
325506	2	3,4,5,6,7,8,9,16	93: 0x61DC19CD AB100010 00100010 00020002 00020002 007EF500 02010001 00010001 E03A0663 04000001 C99B025A FC008000 F9051200 80FD0000 00000000 00020200 02000200 02061400 00001EFD 00000000 00000002 10001000 100010D9 6C
325509	16	1,2,3,4,5	5: 0x020019F8 38
326045	3	2,4,5,6,7,8,9,10,16	93: 0x61DCD8CD AB100010 00100010 00030003 00030003 007EF500 02010001 00010001 E03A0663 04000001 C99B025A F3008000 FA051200 80FD0000 00000000 00020300 03000300 03061400 00001EFD 00000000 00000002 10001000 100010C1 5E
326048	16	1,2,3,4,5	5: 0x0200D87D EF
326454	4	2,3,5,7,8,9,10,11,16	93: 0x61DC11CD AB100010 00100010 00040004 00040004 007EF500 02010001 00010001 E03A0663 04000001 C99B025A EB008000 FA051200 80FD0000 00000000 00020400 04000400 04061400 00001EFD 00000000 00000002 10001000 10001031 43
326457	16	1,2,3,4,5	5: 0x020011B0 B4
326588	8	2,3,4,5,6,7,9,10,11,12,13,14,15	27: 0x41D8C6CD ABFFFF08 00080008 0008007A 3B3A1A9B 00650100 0069F8
326643	15	8,9,10,11,12,13,14	27: 0x41D8C1CD ABFFFF0F 000F000F 000F007A 3B3A1A9B 0064E500 009591
328970	7	2,3,4,6,8,9,10,12,13,14	27: 0x41D88ACD ABFFFF07 00070007 0007007A 3B3A1A9B 00650500 009E5A
330761	4	2,3,5,7,8,9,10,11,16	93: 0x61DC12CD AB100010 00100010 00040004 00040004 007EF500 02010001 00010001 E03A0663 04000001 C99B025A EB008000 FA051200 80FD0000 00000000 00020400 04000400 04061400 00001EFD 00000000 00000002 10001000 100010D3 B6
330764	16	1,2,3,4,5	5: 0x0200122B 86
332801	3	2,4,5,6,7,8,9,10,16	93: 0x61DCD9CD AB100010 00100010 00030003 00030003 007EF500 02010001 00010001 E03A0663 04000001 C99B025A F3008000 FA051200 80FD0000 00000000 00020300 03000300 03061400 00001EFD 00000000 00000002 10001000 1000109F 0D
332804	16	1,2,3,4,5	5: 0x0200D9F4 FE
336903	11	4,5,8,9,10,14,15	27: 0x41D8FBCD ABFFFF0B 000B000B 000B007A 3B3A1A9B 0064F500 00B428
339122	3	2,4,5,6,7,8,9,10,16	93: 0x61DCDACD AB100010 00100010 00030003 00030003 007EF500 02010001 00010001 E03A0663 04000001 C99B025A F3008000 FA051200 80FD0000 00000000 00020300 03000300 03061400 00001EFD 00000000 00000002 10001000 1000107D F8
339125	16	1,2,3,4,5	5: 0x0200DA6F CC
340131	6	2,3,7,8,9,12,13	27: 0x41D8E7CD ABFFFF06 00060006 0006007A 3B3A1A9B 00650900 00C47A
340574	16	1,2,3,4,5	102: 0x61DC48CD AB040004 00040004 00100010 00100010 007A333A 9B01FEA7 00F00149 08F00000 FD000000 00000000 02010001 00010001 040E0008 0C000400 00800001 001E003C 081E4040 FFFFFFFF FFFFFFFF 00000000 FD000000 00000000 00000000 00000000 EC34
340578	4	2,3,5,7,8,9,10,11,16	5: 0x020048F4 7B
344313	8	2,3,4,5,6,7,9,10,11,12,13,14,15	27: 0x41D8C7CD ABFFFF08 00080008 0008007A 3B3A1A9B 00650100 00A071
344625	4	2,3,5,7,8,9,10,11,16	93: 0x61DC13CD AB100010 00100010 00040004 00040004 007EF500 02010001 00010001 E03A0663 04000001 C99B025A EA008000 FB051200 80FD0000 00000000 00020400 04000400 04061400 00001EFD 00000000 00000002 10001000 100010F6 8C
344628	16	1,2,3,4,5	5: 0x020013A2 97
344647	3	2,4,5,6,7,8,9,10,16	93: 0x61DCDBCD AB100010 00100010 00030003 00030003 007EF500 02010001 00010001 E03A0663 04000001 C99B025A F3008000 FA051200 80FD0000 00000000 00020300 03000300 03061400 00001EFD 00000000 00000002 10001000 10001023 AB
344650	16	1,2,3,4,5	5: 0x0200DBE6 DD
344655	2	3,4,5,6,7,8,9,16	27: 0x41D81ACD ABFFFF02 00020002 0002007A 3B3A1A9B 00651900 005CDE
345443	12	6,7,8,9,13,14,15	27: 0x41D83ECD ABFFFF0C 000C000C 000C007A 3B3A1A9B 0064F100 0024F7
346827	16	1,2,3,4,5	97: 0x41D849CD ABFFFF10 00100010 0010007A 3B3A1A9B 01001C00 F0014908 F00000FD 00000000 00000002 01000100 01000104 0E00080C 00040000 80000100 1E003C08 1E4040FF FFFFFFFF FFFFFF00 000000FD 00000000 00000000 00000000 00000035 03
349252	3	2,4,5,6,7,8,9,10,16	93: 0x61DCDCCD AB100010 00100010 00030003 00030003 007EF500 02010001 00010001 E03A0663 04000001 C99B025A F3008000 FA051200 80FD0000 00000000 00020300 03000300 03061400 00001EFD 00000000 00000002 10001000 100010A8 1B
349255	16	1,2,3,4,5	5: 0x0200DC59 A9
350140	4	2,3,5,7,8,9,10,11,16	93: 0x61DC14CD AB100010 00100010 00040004 00040004 007EF500 02010001 00010001 E03A0663 04000001 C99B025A EA008000 FB051200 80FD0000 00000000 00020400 04000400 04061400 00001EFD 00000000 00000002 10001000 1000107D 3C
350143	16	1,2,3,4,5	5: 0x0200141D E3
350397	2	3,4,5,6,7,8,9,16	93: 0x61DC1BCD AB100010 00100010 00020002 00020002 007EF500 02010001 00010001 E03A0663 04000001 C99B025A FB008000 FA051200 80FD0000 00000000 00020200 02000200 02061400 00001EFD 00000000 00000002 10001000 10001014 6B
350400	16	1,2,3,4,5	5: 0x02001BEA 1B
350574	13	6,7,8,9,10,12,14,15	27: 0x41D855CD ABFFFF0D 000D000D 000D007A 3B3A1A9B 0064ED00 006E7E
351671	5	2,3,4,8,9,10,11,16	93: 0x61DCF9CD AB100010 00100010 00050005 00050005 007EF500 02010001 00010001 E03A0663 04000001 C99B025A E3008000 FA051200 80FD0000 00000000 00020500 05000500 05061400 00001EFD 00000000 00000002 10001000 100010BE 32
351674	16	1,2,3,4,5	5: 0x0200F9F6 DF
353630	16	1,2,3,4,5	97: 0x41D84ACD ABFFFF10 00100010 0010007A 3B3A1A9B 01001C00 F0014908 F00000FD 00000000 00000002 01000100 01000104 0E00080C 00040000 80000100 1E003C08 1E4040FF FFFFFFFF FFFFFF00 000000FD 00000000 00000000 00000000 00000040 3B
354249	9	2,3,4,5,6,7,8,10,11,12,13,14,15	27: 0x41D850CD ABFFFF09 00090009 0009007A 3B3A1A9B 0064FD00 003660
356732	4	2,3,5,7,8,9,10,11,16	93: 0x61DC15CD AB100010 00100010 00040004 00040004 007EF500 02010001 00010001 E03A0663 04000001 C99B025A EA008000 FB051200 80FD0000 00000000 00020400 04000400 04061400 00001EFD 00000000 00000002 10001000 10001023 6F
356735	16	1,2,3,4,5	5: 0x02001594 F2
357053	2	3,4,5,6,7,8,9,16	93: 0x61DC1CCD AB100010 00100010 00020002 00020002 007EF500 02010001 00010001 E03A0663 04000001 C99B025A FB008000 FA051200 80FD0000 00000000 00020200 02000200 02061400 00001EFD 00000000 00000002 10001000 1000109F DB
357056	16	1,2,3,4,5	5: 0x02001C55 6F
357095	10	3,4,5,7,8,9,11,13,14,15	27: 0x41D8F3CD ABFFFF0A 000A000A 000A007A 3B3A1A9B 0064F900 00536E
357397	11	4,5,8,9,10,14,15	27: 0x41D8FCCD ABFFFF0B 000B000B 000B007A 3B3A1A9B 0064F500 00F88D
357691	5	2,3,4,8,9,10,11,16	93: 0x61DCFACD AB100010 00100010 00050005 00050005 007EF500 02010001 00010001 E03A0663 04000001 C99B025A E3008000 FA051200 80FD0000 00000000 00020500 05000500 05061400 00001EFD 00000000 00000002 10001000 1000105C C7
357694	16	1,2,3,4,5	5: 0x0200FA6D ED
358005	7	2,3,4,6,8,9,10,12,13,14	27: 0x41D88BCD ABFFFF07 00070007 0007007A 3B3A1A9B 00650500 0057D3
359586	3	2,4,5,6,7,8,9,10,16	93: 0x61DCDDCD AB100010 00100010 00030003 00030003 007EF500 02010001 00010001 E03A0663 04000001 C99B025A F2008000 FB051200 80FD0000 00000000 00020300 03000300 03061400 00001EFD 00000000 00000002 10001000 1000108D 21
359589	16	1,2,3,4,5	5: 0x0200DDD0 B8
360424	2	3,4,5,6,7,8,9,16	93: 0x61DC1DCD AB100010 00100010 00020002 00020002 007EF500 02010001 00010001 E03A0663 04000001 C99B025A FB008000 FA051200 80FD0000 00000000 00020200 02000200 02061400 00001EFD 00000000 00000002 10001000 100010C1 88
360427	16	1,2,3,4,5	5: 0x02001DDC 7E
361298	14	7,8,9,10,11,12,13,15	27: 0x41D898CD ABFFFF0E 000E000E 000E007A 3B3A1A9B 0064E900 00F0EA
361770	8	2,3,4,5,6,7,9,10,11,12,13,14,15	27: 0x41D8C8CD ABFFFF08 00080008 0008007A 3B3A1A9B 00650100 00E0BA
362003	4	2,3,5,7,8,9,10,11,16	93: 0x61DC16CD AB100010 00100010 00040004 00040004 007EF500 02010001 00010001 E03A0663 04000001 C99B025A EA008000 FB051200 80FD0000 00000000 00020400 04000400 04061400 00001EFD 00000000 00000002 10001000 100010C1 9A
362006	16	1,2,3,4,5	5: 0x0200160F C0
363876	5	2,3,4,8,9,10,11,16	93: 0x61DCFBCD AB100010 00100010 00050005 00050005 007EF500 02010001 00010001 E03A0663 04000001 C99B025A E3008000 FA051200 80FD0000 00000000 00020500 05000500 05061400 00001EFD 00000000 00000002 10001000 10001002 94
363879	16	1,2,3,4,5	5: 0x0200FBE4 FC
364077	2	3,4,5,6,7,8,9,16	93: 0x61DC1ECD AB100010 00100010 00020002 00020002 007EF500 02010001 00010001 E03A0663 04000001 C99B025A FB008000 FA051200 80FD0000 00000000 00020200 02000200 02061400 00001EFD 00000000 00000002 10001000 10001023 7D
364080	16	1,2,3,4,5	5: 0x02001E47 4C
366439	3	2,4,5,6,7,8,9,10,16	93: 0x61DCDECD AB100010 00100010 00030003 00030003 007EF500 02010001 00010001 E03A0663 04000001 C99B025A F2008000 FB051200 80FD0000 00000000 00020300 03000300 03061400 00001EFD 00000000 00000002 10001000 1000106F D4
366442	16	1,2,3,4,5	5: 0x0200DE4B 8A
367310	13	6,7,8,9,10,12,14,15	27: 0x41D856CD ABFFFF0D 000D000D 000D007A 3B3A1A9B 0064ED00 0024EC
367501	15	8,9,10,11,12,13,14	27: 0x41D8C2CD ABFFFF0F 000F000F 000F007A 3B3A1A9B 0064E500 00DF03
367889	2	3,4,5,6,7,8,9,16	93: 0x61DC1FCD AB100010 00100010 00020002 00020002 007EF500 02010001 00010001 E03A0663 04000001 C99B025A FB008000 FA051200 80FD0000 00000000 00020200 02000200 02061400 00001EFD 00000000 00000002 10001000 1000107D 2E
367892	16	1,2,3,4,5	5: 0x02001FCE 5D
368277	4	2,3,5,7,8,9,10,11,16	93: 0x61DC17CD AB100010 00100010 00040004 00040004 007EF500 02010001 00010001 E03A0663 04000001 C99B025A EA008000 FB051200 80FD0000 00000000 00020400 04000400 04061400 00001EFD 00000000 00000002 10001000 1000109F C9
368280	16	1,2,3,4,5	5: 0x02001786 D1
369054	4	2,3,5,7,8,9,10,11,16	27: 0x41D818CD ABFFFF04 00040004 0004007A 3B3A1A9B 00651100 009E34
369886	5	2,3,4,8,9,10,11,16	93: 0x61DCFCCD AB100010 00100010 00050005 00050005 007EF500 02010001 00010001 E03A0663 04000001 C99B025A E3008000 FA051200 80FD0000 00000000 00020500 05000500 05061400 00001EFD 00000000 00000002 10001000 10001089 24
369889	16	1,2,3,4,5	5: 0x0200FC5B 88
370702	3	2,4,5,6,7,8,9,10,16	93: 0x61DCDFCD AB100010 00100010 00030003 00030003 007EF500 02010001 00010001 E03A0663 04000001 C99B025A F2008000 FB051200 80FD0000 00000000 00020300 03000300 03061400 00001EFD 00000000 00000002 10001000 10001031 87
370705	16	1,2,3,4,5	5: 0x0200DFC2 9B
371933	16	1,2,3,4,5	97: 0x41D84BCD ABFFFF10 00100010 0010007A 3B3A1A9B 01001C00 F0014908 F00000FD 00000000 00000002 01000100 01000104 0E00080C 00040000 80000100 1E003C08 1E4040FF FFFFFFFF FFFFFF00 000000FD 00000000 00000000 00000000 00000093 2C
372534	12	6,7,8,9,13,14,15	27: 0x41D83FCD ABFFFF0C 000C000C 000C007A 3B3A1A9B 0064F100 00ED7E
374651	3	2,4,5,6,7,8,9,10,16	93: 0x61DCE0CD AB100010 00100010 00030003 00030003 007EF500 02010001 00010001 E03A0663 04000001 C99B025A F2008000 FB051200 80FD0000 00000000 00020300 03000300 03061400 00001EFD 00000000 00000002 10001000 100010B7 9B
374654	16	1,2,3,4,5	5: 0x0200E0B6 52
374733	5	2,3,4,8,9,10,11,16	93: 0x61DCFDCD AB100010 00100010 00050005 00050005 007EF500 02010001 00010001 E03A0663 04000001 C99B025A E3008000 FA051200 80FD0000 00000000 00020500 05000500 05061400 00001EFD 00000000 00000002 10001000 100010D7 77
374736	16	1,2,3,4,5	5: 0x0200FDD2 99
376102	2	3,4,5,6,7,8,9,16	93: 0x61DC20CD AB100010 00100010 00020002 00020002 007EF500 02010001 00010001 E03A0663 04000001 C99B025A FA008000 FB051200 80FD0000 00000000 00020200 02000200 02061400 00001EFD 00000000 00000002 10001000 10001080 5B
376105	16	1,2,3,4,5	5: 0x020020BA 94
377513	7	2,3,4,6,8,9,10,12,13,14	27: 0x41D88CCD ABFFFF07 00070007 0007007A 3B3A1A9B 00650500 001B76
377540	4	2,3,5,7,8,9,10,11,16	93: 0x61DC19CD AB100010 00100010 00040004 00040004 007EF500 02010001 00010001 E03A0663 04000001 C99B025A E9008000 FC051200 80FD0000 00000000 00020400 04000400 04061400 00001EFD 00000000 00000002 10001000 10001014 AC
377543	16	1,2,3,4,5	5: 0x020019F8 38
379031	11	4,5,8,9,10,14,15	27: 0x41D8FDCD ABFFFF0B 000B000B 000B007A 3B3A1A9B 0064F500 003104
379345	9	2,3,4,5,6,7,8,10,11,12,13,14,15	27: 0x41D851CD ABFFFF09 00090009 0009007A 3B3A1A9B 0064FD00 00FFE9
379501	16	1,2,3,4,5	97: 0x41D84CCD ABFFFF10 00100010 0010007A 3B3A1A9B 01001C00 F0014908 F00000FD 00000000 00000002 01000100 01000104 0E00080C 00040000 80000100 1E003C08 1E4040FF FFFFFFFF FFFFFF00 000000FD 00000000 00000000 00000000 000000AA 4B
380981	4	2,3,5,7,8,9,10,11,16	93: 0x61DC1ACD AB100010 00100010 00040004 00040004 007EF500 02010001 00010001 E03A0663 04000001 C99B025A E9008000 FC051200 80FD0000 00000000 00020400 04000400 04061400 00001EFD 00000000 00000002 10001000 100010F6 59
380984	16	1,2,3,4,5	5: 0x02001A63 0A
381024	6	2,3,7,8,9,12,13	27: 0x41D8E8CD ABFFFF06 00060006 0006007A 3B3A1A9B 00650900 0084B1
381363	2	3,4,5,6,7,8,9,16	93: 0x61DC21CD AB100010 00100010 00020002 00020002 007EF500 02010001 00010001 E03A0663 04000001 C99B025A FA008000 FB051200 80FD0000 00000000 00020200 02000200 02061400 00001EFD 00000000 00000002 10001000 100010DE 08
381366	16	1,2,3,4,5	5: 0x02002133 85
381425	3	2,4,5,6,7,8,9,10,16	93: 0x61DCE1CD AB100010 00100010 00030003 00030003 007EF500 02010001 00010001 E03A0663 04000001 C99B025A F2008000 FB051200 80FD0000 00000000 00020300 03000300 03061400 00001EFD 00000000 00000002 10001000 100010E9 C8
381428	16	1,2,3,4,5	5: 0x0200E13F 43
383199	5	2,3,4,8,9,10,11,16	93: 0x61DCFECD AB100010 00100010 00050005 00050005 007EF500 02010001 00010001 E03A0663 04000001 C99B025A E2008000 FB051200 80FD0000 00000000 00020500 05000500 05061400 00001EFD 00000000 00000002 10001000 1000104E EB
383202	16	1,2,3,4,5	5: 0x0200FE49 AB
384719	2	3,4,5,6,7,8,9,16	93: 0x61DC22CD AB100010 00100010 00020002 00020002 007EF500 02010001 00010001 E03A0663 04000001 C99B025A FA008000 FB051200 80FD0000 00000000 00020200 02000200 02061400 00001EFD 00000000 00000002 10001000 1000103C FD
384722	16	1,2,3,4,5	5: 0x020022A8 B7
387154	4	2,3,5,7,8,9,10,11,16	93: 0x61DC1BCD AB100010 00100010 00040004 00040004 007EF500 02010001 00010001 E03A0663 04000001 C99B025A E9008000 FC051200 80FD0000 00000000 00020400 04000400 04061400 00001EFD 00000000 00000002 10001000 100010A8 0A
387157	16	1,2,3,4,5	5: 0x02001BEA 1B
389663	10	3,4,5,7,8,9,11,13,14,15	27: 0x41D8F4CD ABFFFF0A 000A000A 000A007A 3B3A1A9B 0064F900 001FCB
390122	5	2,3,4,8,9,10,11,16	93: 0x61DCFFCD AB100010 00100010 00050005 00050005 007EF500 02010001 00010001 E03A0663 04000001 C99B025A E2008000 FB051200 80FD0000 00000000 00020500 05000500 05061400 00001EFD 00000000 00000002 10001000 10001010 B8
390125	16	1,2,3,4,5	5: 0x0200FFC0 BA
