> Task :compileJava UP-TO-DATE
> Task :processResources UP-TO-DATE
> Task :classes UP-TO-DATE

> Task :run
[32mINFO  [main] [Cooja.java:1145] - Loading /Users/mizzy/Dissertation_Cooja_Work/rpl-dis-flood/experiments/robustness_campaign_v3/configs/ATTACKER_RELOCATED_BH_ATTACK_N16_SEED123456.csc random seed: null[0;39m
> make -j8 udp-server.cooja TARGET=cooja CFLAGS+=-DLOG_CONF_LEVEL_RPL=LOG_LEVEL_INFO
fatal: failed to expand user dir in: '~/.gitignore'
  LD        build/cooja/udp-server.cooja
> make -j8 udp-client.cooja TARGET=cooja CFLAGS+=-DLOG_CONF_LEVEL_RPL=LOG_LEVEL_INFO
fatal: failed to expand user dir in: '~/.gitignore'
  LD        build/cooja/udp-client.cooja
> make -j8 blackhole-router.cooja TARGET=cooja CFLAGS+=-DLOG_CONF_LEVEL_RPL=LOG_LEVEL_INFO
fatal: failed to expand user dir in: '~/.gitignore'
  MKDIR     build/cooja/obj/.deps
  CC        /Users/mizzy/contiki-ng/arch/platform/cooja/./rtimer-arch.c
  CC        /Users/mizzy/contiki-ng/arch/platform/cooja/sys/cooja_mt.c
  CC        /Users/mizzy/contiki-ng/arch/platform/cooja/dev/watchdog.c
  CC        /Users/mizzy/contiki-ng/arch/platform/cooja/./int-master.c
  CC        /Users/mizzy/contiki-ng/arch/platform/cooja/dev/beep.c
  CC        /Users/mizzy/contiki-ng/arch/platform/cooja/dev/ip.c
  CC        /Users/mizzy/contiki-ng/arch/platform/cooja/dev/leds-arch.c
  CC        /Users/mizzy/contiki-ng/arch/platform/cooja/dev/moteid.c
/Users/mizzy/contiki-ng/arch/platform/cooja/dev/leds-arch.c/Users/mizzy/contiki-ng/arch/platform/cooja/dev/beep.c/Users/mizzy/contiki-ng/arch/platform/cooja/dev/watchdog.c/Users/mizzy/contiki-ng/arch/platform/cooja/dev/ip.c/Users/mizzy/contiki-ng/arch/platform/cooja/./int-master.c/Users/mizzy/contiki-ng/arch/platform/cooja/dev/moteid.c::3234::1010:: fatal error: :'dev/watchdog.h' file not found31:: 31:::10
: fatal error: fatal error: 10'contiki.h' file not found'dev/ip.h' file not found
32
:1031::10 : fatal error: 'dev/leds.h' file not found:
fatal error: 'dev/moteid.h' file not found
 fatal error: 'dev/beep.h' file not found
   32 |    34 |    #31i | #i   nc   n   c3132 | ##li | 31#iuninnlcdlued | c eluud#ec ""ddei l encl"udd"ve/dedvvleu /d"edeides .hp"v
      | .         ^~~~~~~~~~~~h
"/
      m| "/cont         ^~~~~~~~~~ewiok
ativ./hb"e
e      |          ^~~~~~~~~~~c
htdoegi.dh."h
"      
|                ^~~~~~~~~~~~~~~~| 
         ^~~~~~~~~~~~~~p.h"
      |          ^~~~~~~~~~~~

1 error generated.
make: *** [/Users/mizzy/contiki-ng/Makefile.include:571: build/cooja/obj/ip.o] Error 1
make: *** Waiting for unfinished jobs....
1 error generated.
1 error generated.
1 error generated.
1 error generated.
make: *** [/Users/mizzy/contiki-ng/Makefile.include:571: build/cooja/obj/int-master.o] Error 1
make: *** [/Users/mizzy/contiki-ng/Makefile.include:571: build/cooja/obj/watchdog.o] Error 1
make: *** [/Users/mizzy/contiki-ng/Makefile.include:571: build/cooja/obj/leds-arch.o] Error 1
make: *** [/Users/mizzy/contiki-ng/Makefile.include:571: build/cooja/obj/beep.o] Error 1
1 error generated.
/Users/mizzy/contiki-ng/arch/platform/cooja/sys/cooja_mt.c:46:10: fatal error: 'sys/cooja_mt.h' file not found
   46 | #include "sys/cooja_mt.h"
      |          ^~~~~~~~~~~~~~~~
make: *** [/Users/mizzy/contiki-ng/Makefile.include:571: build/cooja/obj/moteid.o] Error 1
/Users/mizzy/contiki-ng/arch/platform/cooja/./rtimer-arch.c:37:10: fatal error: 'sys/rtimer.h' file not found
   37 | #include "sys/rtimer.h"
      |          ^~~~~~~~~~~~~~
1 error generated.
1 error generated.
make: *** [/Users/mizzy/contiki-ng/Makefile.include:571: build/cooja/obj/cooja_mt.o] Error 1
make: *** [/Users/mizzy/contiki-ng/Makefile.include:571: build/cooja/obj/rtimer-arch.o] Error 1
Compilation process returned error code 2
[1;91mERROR [main] [Cooja.java:1152] - Failed to load simulation: Compilation failed[0;39m
[1;91mERROR [main] [Cooja.java:1158] - TEST /Users/mizzy/Dissertation_Cooja_Work/rpl-dis-flood/experiments/robustness_campaign_v3/configs/ATTACKER_RELOCATED_BH_ATTACK_N16_SEED123456.csc FAILED
[0;39m
[1;91mERROR [main] [Cooja.java:1181] - Failed tests:
/Users/mizzy/Dissertation_Cooja_Work/rpl-dis-flood/experiments/robustness_campaign_v3/configs/ATTACKER_RELOCATED_BH_ATTACK_N16_SEED123456.csc seed: null[0;39m

> Task :run FAILED

FAILURE: Build failed with an exception.

* What went wrong:
Execution failed for task ':run'.
> Process 'command '/usr/local/Cellar/openjdk@21/21.0.11/libexec/openjdk.jdk/Contents/Home/bin/java'' finished with non-zero exit value 1

* Try:
> Run with --stacktrace option to get the stack trace.
> Run with --info or --debug option to get more log output.
> Run with --scan to get full insights.
> Get more help at https://help.gradle.org.

BUILD FAILED in 3s
3 actionable tasks: 1 executed, 2 up-to-date
