> Task :compileJava UP-TO-DATE
> Task :processResources UP-TO-DATE
> Task :classes UP-TO-DATE

> Task :run
[32mINFO  [main] [Cooja.java:1145] - Loading /Users/mizzy/Dissertation_Cooja_Work/rpl-dis-flood/experiments/robustness_campaign_v1/configs/LOSSY_RADIO_SH_ATTACK_N16_SEED123456.csc random seed: null[0;39m
> /usr/local/bin/gmake -j8 udp-server.cooja TARGET=cooja
fatal: failed to expand user dir in: '~/.gitignore'
  LD        build/cooja/udp-server.cooja
> /usr/local/bin/gmake -j8 udp-client.cooja TARGET=cooja
fatal: failed to expand user dir in: '~/.gitignore'
  LD        build/cooja/udp-client.cooja
> /usr/local/bin/gmake -j8 sinkhole-router.cooja TARGET=cooja
fatal: failed to expand user dir in: '~/.gitignore'
  MKDIR     build/cooja/obj/.deps
  CC        /Users/mizzy/contiki-ng/arch/platform/cooja/dev/watchdog.c
  CC        /Users/mizzy/contiki-ng/arch/platform/cooja/sys/cooja_mt.c
  CC        /Users/mizzy/contiki-ng/arch/platform/cooja/./rtimer-arch.c
  CC        /Users/mizzy/contiki-ng/arch/platform/cooja/dev/beep.c
  CC        /Users/mizzy/contiki-ng/arch/platform/cooja/./int-master.c
  CC        /Users/mizzy/contiki-ng/arch/platform/cooja/dev/ip.c
  CC        /Users/mizzy/contiki-ng/arch/platform/cooja/dev/leds-arch.c
  CC        /Users/mizzy/contiki-ng/arch/platform/cooja/dev/moteid.c
  CC        /Users/mizzy/contiki-ng/arch/platform/cooja/dev/pir-sensor.c
  CC        /Users/mizzy/contiki-ng/arch/platform/cooja/dev/rs232.c
  CC        /Users/mizzy/contiki-ng/arch/platform/cooja/dev/vib-sensor.c
  CC        /Users/mizzy/contiki-ng/arch/platform/cooja/sys/clock.c
  CC        /Users/mizzy/contiki-ng/arch/platform/cooja/sys/cooja-log.c
  CC        /Users/mizzy/contiki-ng/arch/platform/cooja/cfs/cfs-cooja.c
  CC        /Users/mizzy/contiki-ng/arch/platform/cooja/dev/cooja-radio.c
  CC        /Users/mizzy/contiki-ng/arch/platform/cooja/dev/eeprom.c
  CC        /Users/mizzy/contiki-ng/arch/platform/cooja/./slip-arch.c
  CC        /Users/mizzy/contiki-ng/arch/platform/cooja/./platform.c
  CC        /Users/mizzy/contiki-ng/arch/platform/cooja/./mtype.c
  CC        /Users/mizzy/contiki-ng/os/lib/random.c
  CC        /Users/mizzy/contiki-ng/os/lib/sensors.c
  CC        /Users/mizzy/contiki-ng/os/dev/leds.c
  CC        /Users/mizzy/contiki-ng/arch/platform/cooja/dev/gpio-hal-arch.c
  CC        /Users/mizzy/contiki-ng/arch/platform/cooja/dev/buttons.c
  CC        /Users/mizzy/contiki-ng/os/dev/button-hal.c
  CC        /Users/mizzy/contiki-ng/os/dev/gpio-hal.c
  CC        /Users/mizzy/contiki-ng/os/dev/nullradio.c
  CC        /Users/mizzy/contiki-ng/os/dev/serial-line.c
  CC        /Users/mizzy/contiki-ng/os/dev/slip.c
  CC        /Users/mizzy/contiki-ng/os/lib/aes-128.c
  CC        /Users/mizzy/contiki-ng/os/lib/assert.c
  CC        /Users/mizzy/contiki-ng/os/lib/bitrev.c
  CC        /Users/mizzy/contiki-ng/os/lib/cbor.c
  CC        /Users/mizzy/contiki-ng/os/lib/ccm-star.c
  CC        /Users/mizzy/contiki-ng/os/lib/circular-list.c
  CC        /Users/mizzy/contiki-ng/os/lib/crc16.c
  CC        /Users/mizzy/contiki-ng/os/lib/csprng.c
  CC        /Users/mizzy/contiki-ng/os/lib/dbl-circ-list.c
  CC        /Users/mizzy/contiki-ng/os/lib/dbl-list.c
  CC        /Users/mizzy/contiki-ng/os/lib/ecc-curve.c
  CC        /Users/mizzy/contiki-ng/os/lib/heapmem.c
  CC        /Users/mizzy/contiki-ng/os/lib/hexconv.c
  CC        /Users/mizzy/contiki-ng/os/lib/ifft.c
  CC        /Users/mizzy/contiki-ng/os/lib/iq-seeder.c
  CC        /Users/mizzy/contiki-ng/os/lib/list.c
  CC        /Users/mizzy/contiki-ng/os/lib/memb.c
  CC        /Users/mizzy/contiki-ng/os/lib/ringbuf.c
  CC        /Users/mizzy/contiki-ng/os/lib/ringbufindex.c
  CC        /Users/mizzy/contiki-ng/os/lib/sfc16-prng.c
  CC        /Users/mizzy/contiki-ng/os/lib/sfc32-prng.c
  CC        /Users/mizzy/contiki-ng/os/lib/sha-256.c
  CC        /Users/mizzy/contiki-ng/os/lib/trickle-timer.c
  CC        /Users/mizzy/contiki-ng/os/net/link-stats.c
  CC        /Users/mizzy/contiki-ng/os/net/linkaddr.c
  CC        /Users/mizzy/contiki-ng/os/net/nbr-table.c
  CC        /Users/mizzy/contiki-ng/os/net/net-debug.c
  CC        /Users/mizzy/contiki-ng/os/net/netstack.c
  CC        /Users/mizzy/contiki-ng/os/net/packetbuf.c
  CC        /Users/mizzy/contiki-ng/os/net/queuebuf.c
  CC        /Users/mizzy/contiki-ng/os/net/ipv6/ip64-addr.c
  CC        /Users/mizzy/contiki-ng/os/net/ipv6/psock.c
  CC        /Users/mizzy/contiki-ng/os/net/ipv6/sicslowpan.c
  CC        /Users/mizzy/contiki-ng/os/net/ipv6/simple-udp.c
  CC        /Users/mizzy/contiki-ng/os/net/ipv6/tcp-socket.c
  CC        /Users/mizzy/contiki-ng/os/net/ipv6/tcpip.c
  CC        /Users/mizzy/contiki-ng/os/net/ipv6/udp-socket.c
  CC        /Users/mizzy/contiki-ng/os/net/ipv6/uip-ds6-nbr.c
  CC        /Users/mizzy/contiki-ng/os/net/ipv6/uip-ds6-route.c
  CC        /Users/mizzy/contiki-ng/os/net/ipv6/uip-ds6.c
  CC        /Users/mizzy/contiki-ng/os/net/ipv6/uip-icmp6.c
  CC        /Users/mizzy/contiki-ng/os/net/ipv6/uip-nameserver.c
  CC        /Users/mizzy/contiki-ng/os/net/ipv6/uip-nd6.c
  CC        /Users/mizzy/contiki-ng/os/net/ipv6/uip-packetqueue.c
  CC        /Users/mizzy/contiki-ng/os/net/ipv6/uip-sr.c
  CC        /Users/mizzy/contiki-ng/os/net/ipv6/uip-udp-packet.c
  CC        /Users/mizzy/contiki-ng/os/net/ipv6/uip6.c
  CC        /Users/mizzy/contiki-ng/os/net/ipv6/uipbuf.c
  CC        /Users/mizzy/contiki-ng/os/net/ipv6/uiplib.c
  CC        /Users/mizzy/contiki-ng/os/net/mac/anti-replay.c
  CC        /Users/mizzy/contiki-ng/os/net/mac/ccm-star-packetbuf.c
  CC        /Users/mizzy/contiki-ng/os/net/mac/mac-sequence.c
  CC        /Users/mizzy/contiki-ng/os/net/mac/csma/csma-output.c
  CC        /Users/mizzy/contiki-ng/os/net/mac/csma/csma-security.c
  CC        /Users/mizzy/contiki-ng/os/net/mac/csma/csma.c
  CC        /Users/mizzy/contiki-ng/os/net/mac/framer/frame802154.c
  CC        /Users/mizzy/contiki-ng/os/net/mac/framer/frame802154e-ie.c
  CC        /Users/mizzy/contiki-ng/os/net/mac/framer/framer-802154.c
  CC        /Users/mizzy/contiki-ng/os/net/mac/framer/nullframer.c
  CC        /Users/mizzy/contiki-ng/os/net/routing/rpl-lite/rpl-dag-root.c
  CC        /Users/mizzy/contiki-ng/os/net/routing/rpl-lite/rpl-dag.c
  CC        /Users/mizzy/contiki-ng/os/net/routing/rpl-lite/rpl-ext-header.c
  CC        /Users/mizzy/contiki-ng/os/net/routing/rpl-lite/rpl-icmp6.c
  CC        /Users/mizzy/contiki-ng/os/net/routing/rpl-lite/rpl-mrhof.c
  CC        /Users/mizzy/contiki-ng/os/net/routing/rpl-lite/rpl-nbr-policy.c
  CC        /Users/mizzy/contiki-ng/os/net/routing/rpl-lite/rpl-neighbor.c
  CC        /Users/mizzy/contiki-ng/os/net/routing/rpl-lite/rpl-of0.c
  CC        /Users/mizzy/contiki-ng/os/net/routing/rpl-lite/rpl-timers.c
  CC        /Users/mizzy/contiki-ng/os/net/routing/rpl-lite/rpl.c
  CC        /Users/mizzy/contiki-ng/os/sys/atomic.c
  CC        /Users/mizzy/contiki-ng/os/sys/autostart.c
  CC        /Users/mizzy/contiki-ng/os/sys/compower.c
  CC        /Users/mizzy/contiki-ng/os/sys/ctimer.c
  CC        /Users/mizzy/contiki-ng/os/sys/energest.c
  CC        /Users/mizzy/contiki-ng/os/sys/etimer.c
  CC        /Users/mizzy/contiki-ng/os/sys/log.c
  CC        /Users/mizzy/contiki-ng/os/sys/node-id.c
  CC        /Users/mizzy/contiki-ng/os/sys/mutex.c
  CC        /Users/mizzy/contiki-ng/os/sys/process-mutex.c
  CC        /Users/mizzy/contiki-ng/os/sys/process.c
  CC        /Users/mizzy/contiki-ng/os/sys/rtimer.c
  CC        /Users/mizzy/contiki-ng/os/sys/stimer.c
  CC        /Users/mizzy/contiki-ng/os/sys/timer.c
  CC        sinkhole-router.c
  CC        /Users/mizzy/contiki-ng/os/contiki-main.c
  LD        build/cooja/sinkhole-router.cooja
[32mINFO  [main] [LogScriptEngine.java:231] - Script timeout in 540000 ms[0;39m
[32mINFO  [sim] [LogScriptEngine.java:320] -  5% completed,  6.7 sec remaining[0;39m
[32mINFO  [sim] [LogScriptEngine.java:320] - 10% completed,  7.7 sec remaining[0;39m
[32mINFO  [sim] [LogScriptEngine.java:320] - 15% completed,  8.3 sec remaining[0;39m
[32mINFO  [sim] [LogScriptEngine.java:320] - 20% completed,  8.0 sec remaining[0;39m
[32mINFO  [sim] [LogScriptEngine.java:320] - 25% completed,  7.5 sec remaining[0;39m
[32mINFO  [sim] [LogScriptEngine.java:320] - 30% completed,  7.1 sec remaining[0;39m
[32mINFO  [sim] [LogScriptEngine.java:320] - 35% completed,  6.5 sec remaining[0;39m
[32mINFO  [sim] [LogScriptEngine.java:320] - 40% completed,  5.9 sec remaining[0;39m
[32mINFO  [sim] [LogScriptEngine.java:320] - 45% completed,  5.3 sec remaining[0;39m
[32mINFO  [sim] [LogScriptEngine.java:320] - 50% completed,  4.7 sec remaining[0;39m
[32mINFO  [sim] [LogScriptEngine.java:320] - 55% completed,  4.2 sec remaining[0;39m
[32mINFO  [sim] [LogScriptEngine.java:320] - 60% completed,  3.6 sec remaining[0;39m
[32mINFO  [sim] [LogScriptEngine.java:320] - 65% completed,  3.2 sec remaining[0;39m
[32mINFO  [sim] [LogScriptEngine.java:320] - 70% completed,  2.7 sec remaining[0;39m
[32mINFO  [sim] [LogScriptEngine.java:320] - 75% completed,  2.2 sec remaining[0;39m
[32mINFO  [sim] [LogScriptEngine.java:320] - 80% completed,  1.8 sec remaining[0;39m
[32mINFO  [sim] [LogScriptEngine.java:320] - 85% completed,  1.3 sec remaining[0;39m
[32mINFO  [sim] [LogScriptEngine.java:320] - 90% completed,  0.9 sec remaining[0;39m
[32mINFO  [sim] [LogScriptEngine.java:320] - 95% completed,  0.4 sec remaining[0;39m
[32mINFO  [sim] [LogScriptEngine.java:294] - Timeout event @ 540000000[0;39m
[32mINFO  [sim] [Simulation.java:450] - Runtime: 8459 ms. Simulated time: 540000 ms. Speedup: 63.83733301808724[0;39m
[32mINFO  [main] [Cooja.java:1171] - TEST OK
[0;39m

BUILD SUCCESSFUL in 15s
3 actionable tasks: 1 executed, 2 up-to-date
