> Task :compileJava UP-TO-DATE
> Task :processResources UP-TO-DATE
> Task :classes UP-TO-DATE

> Task :run
[32mINFO  [main] [Cooja.java:1145] - Loading /Users/mizzy/Dissertation_Cooja_Work/rpl-dis-flood/experiments/sinkhole_defence_v1/configs/SH_DEFENCE_N16_SEED123456.csc random seed: null[0;39m
> /usr/local/bin/gmake -j8 udp-server.cooja TARGET=cooja
fatal: failed to expand user dir in: '~/.gitignore'
  CC        /Users/mizzy/contiki-ng/os/net/routing/rpl-lite/rpl-neighbor.c
  LD        build/cooja/udp-server.cooja
> /usr/local/bin/gmake -j8 udp-client.cooja TARGET=cooja
fatal: failed to expand user dir in: '~/.gitignore'
  CC        /Users/mizzy/contiki-ng/os/net/routing/rpl-lite/rpl-neighbor.c
  LD        build/cooja/udp-client.cooja
> /usr/local/bin/gmake -j8 sinkhole-router.cooja TARGET=cooja
fatal: failed to expand user dir in: '~/.gitignore'
  CC        /Users/mizzy/contiki-ng/os/net/routing/rpl-lite/rpl-neighbor.c
  LD        build/cooja/sinkhole-router.cooja
[32mINFO  [main] [LogScriptEngine.java:231] - Script timeout in 541000 ms[0;39m
[32mINFO  [sim] [LogScriptEngine.java:320] -  5% completed,  6.9 sec remaining[0;39m
[32mINFO  [sim] [LogScriptEngine.java:320] - 10% completed,  8.8 sec remaining[0;39m
[32mINFO  [sim] [LogScriptEngine.java:320] - 15% completed,  8.9 sec remaining[0;39m
[32mINFO  [sim] [LogScriptEngine.java:320] - 20% completed,  8.3 sec remaining[0;39m
[32mINFO  [sim] [LogScriptEngine.java:320] - 25% completed,  7.6 sec remaining[0;39m
[32mINFO  [sim] [LogScriptEngine.java:320] - 30% completed,  7.0 sec remaining[0;39m
[32mINFO  [sim] [LogScriptEngine.java:320] - 35% completed,  6.4 sec remaining[0;39m
[32mINFO  [sim] [LogScriptEngine.java:320] - 40% completed,  5.7 sec remaining[0;39m
[32mINFO  [sim] [LogScriptEngine.java:320] - 45% completed,  5.3 sec remaining[0;39m
[32mINFO  [sim] [LogScriptEngine.java:320] - 50% completed,  9.3 sec remaining[0;39m
[32mINFO  [sim] [LogScriptEngine.java:320] - 55% completed, 11.7 sec remaining[0;39m
[32mINFO  [sim] [LogScriptEngine.java:320] - 60% completed, 12.7 sec remaining[0;39m
[32mINFO  [sim] [LogScriptEngine.java:320] - 65% completed, 12.9 sec remaining[0;39m
[32mINFO  [sim] [LogScriptEngine.java:320] - 70% completed, 12.5 sec remaining[0;39m
[32mINFO  [sim] [LogScriptEngine.java:320] - 75% completed, 11.4 sec remaining[0;39m
[32mINFO  [sim] [LogScriptEngine.java:320] - 80% completed,  9.8 sec remaining[0;39m
[32mINFO  [sim] [LogScriptEngine.java:320] - 85% completed,  7.8 sec remaining[0;39m
[32mINFO  [sim] [LogScriptEngine.java:320] - 90% completed,  5.4 sec remaining[0;39m
[32mINFO  [sim] [LogScriptEngine.java:320] - 95% completed,  2.8 sec remaining[0;39m
[32mINFO  [sim] [LogScriptEngine.java:294] - Timeout event @ 541000000[0;39m
[32mINFO  [sim] [Simulation.java:450] - Runtime: 58122 ms. Simulated time: 541000 ms. Speedup: 9.308007295000172[0;39m
[32mINFO  [main] [Cooja.java:1171] - TEST OK
[0;39m

BUILD SUCCESSFUL in 1m 4s
3 actionable tasks: 1 executed, 2 up-to-date
