> Task :compileJava UP-TO-DATE
> Task :processResources UP-TO-DATE
> Task :classes UP-TO-DATE
> Task :run
[32mINFO  [main] [Cooja.java:1145] - Loading /Users/mizzy/Dissertation_Cooja_Work/rpl-dis-flood/experiments/robustness_campaign_v4/configs/ATTACKER_RELOCATED_SH_CONTROL_N16_SEED345678.csc random seed: null[0;39m
> /usr/local/bin/gmake -j8 udp-server.cooja TARGET=cooja
fatal: failed to expand user dir in: '~/.gitignore'
  LD        build/cooja/udp-server.cooja
> /usr/local/bin/gmake -j8 udp-client.cooja TARGET=cooja
fatal: failed to expand user dir in: '~/.gitignore'
  LD        build/cooja/udp-client.cooja
> /usr/local/bin/gmake -j8 sinkhole-control-router.cooja TARGET=cooja
fatal: failed to expand user dir in: '~/.gitignore'
  LD        build/cooja/sinkhole-control-router.cooja
[32mINFO  [main] [LogScriptEngine.java:231] - Script timeout in 540000 ms[0;39m
[32mINFO  [sim] [LogScriptEngine.java:320] -  5% completed, 10.6 sec remaining[0;39m
[32mINFO  [sim] [LogScriptEngine.java:320] - 10% completed, 11.3 sec remaining[0;39m
[32mINFO  [sim] [LogScriptEngine.java:320] - 15% completed, 10.6 sec remaining[0;39m
[32mINFO  [sim] [LogScriptEngine.java:320] - 20% completed,  9.9 sec remaining[0;39m
[32mINFO  [sim] [LogScriptEngine.java:320] - 25% completed,  8.8 sec remaining[0;39m
[32mINFO  [sim] [LogScriptEngine.java:320] - 30% completed,  8.1 sec remaining[0;39m
[32mINFO  [sim] [LogScriptEngine.java:320] - 35% completed,  7.3 sec remaining[0;39m
[32mINFO  [sim] [LogScriptEngine.java:320] - 40% completed,  8.1 sec remaining[0;39m
[32mINFO  [sim] [LogScriptEngine.java:320] - 45% completed, 11.0 sec remaining[0;39m
[32mINFO  [sim] [LogScriptEngine.java:320] - 50% completed, 12.3 sec remaining[0;39m
[32mINFO  [sim] [LogScriptEngine.java:320] - 55% completed, 12.6 sec remaining[0;39m
[32mINFO  [sim] [LogScriptEngine.java:320] - 60% completed, 12.4 sec remaining[0;39m
[32mINFO  [sim] [LogScriptEngine.java:320] - 65% completed, 11.6 sec remaining[0;39m
[32mINFO  [sim] [LogScriptEngine.java:320] - 70% completed, 10.5 sec remaining[0;39m
[32mINFO  [sim] [LogScriptEngine.java:320] - 75% completed,  9.1 sec remaining[0;39m
[32mINFO  [sim] [LogScriptEngine.java:320] - 80% completed,  7.7 sec remaining[0;39m
[32mINFO  [sim] [LogScriptEngine.java:320] - 85% completed,  7.0 sec remaining[0;39m
[32mINFO  [sim] [LogScriptEngine.java:320] - 90% completed,  4.7 sec remaining[0;39m
[32mINFO  [sim] [LogScriptEngine.java:320] - 95% completed,  3.1 sec remaining[0;39m
[32mINFO  [sim] [LogScriptEngine.java:294] - Timeout event @ 540000000[0;39m
[1;91mERROR [sim] [Simulation.java:232] - Simulation stopped due to error: Cannot invoke "java.lang.Thread.join()" because "this.scriptThread" is null[0;39m
java.lang.NullPointerException: Cannot invoke "java.lang.Thread.join()" because "this.scriptThread" is null
	at org.contikios.cooja.LogScriptEngine.deactivateScript(LogScriptEngine.java:214)
	at org.contikios.cooja.LogScriptEngine$2.execute(LogScriptEngine.java:297)
	at org.contikios.cooja.Simulation.lambda$new$0(Simulation.java:226)
	at java.base/java.lang.Thread.run(Thread.java:1583)
[32mINFO  [sim] [Simulation.java:450] - Runtime: 61400 ms. Simulated time: 540000 ms. Speedup: 8.794788273615636[0;39m
[1;91mERROR [main] [Cooja.java:1173] - TEST /Users/mizzy/Dissertation_Cooja_Work/rpl-dis-flood/experiments/robustness_campaign_v4/configs/ATTACKER_RELOCATED_SH_CONTROL_N16_SEED345678.csc FAILED
[0;39m
[1;91mERROR [main] [Cooja.java:1181] - Failed tests:
/Users/mizzy/Dissertation_Cooja_Work/rpl-dis-flood/experiments/robustness_campaign_v4/configs/ATTACKER_RELOCATED_SH_CONTROL_N16_SEED345678.csc seed: null[0;39m

> Task :run FAILED

FAILURE: Build failed with an exception.

* What went wrong:
Execution failed for task ':run'.
> Process 'command '/usr/local/Cellar/openjdk@21/21.0.11/libexec/openjdk.jdk/Contents/Home/bin/java'' finished with non-zero exit value 1

* Try:
> Run with --stacktrace option to get the stack trace.
> Run with --info or --debug option to get more log output.
> Run with --scan to get full insights.
> Get more help at https://help.gradle.org.

BUILD FAILED in 2m 36s
3 actionable tasks: 1 executed, 2 up-to-date
